MPLINK 4.48, Linker
Linker Map File - Created Fri Aug 09 17:08:14 2013

                                 Section Info
                  Section       Type    Address   Location Size(Bytes)
                ---------  ---------  ---------  ---------  ---------
               _entry_scn       code   0x000000    program   0x000006
                   .cinit    romdata   0x000006    program   0x000002
              .code_lcd.o       code   0x000008    program   0x000638
              .code_RTC.o       code   0x000640    program   0x0004fa
           .code_ds1307.o       code   0x000b3a    program   0x0003aa
                     PROG       code   0x000ee4    program   0x000290
               _cinit_scn       code   0x001174    program   0x00009e
         .code_i2c_writ.o       code   0x001212    program   0x000072
         .code_i2c_open.o       code   0x001284    program   0x000036
             D10KTCYXCODE       code   0x0012ba    program   0x00002e
         .code_fxd1616u.o       code   0x0012e8    program   0x00002c
              D1KTCYXCODE       code   0x001314    program   0x000020
                    .code       code   0x001334    program   0x000020
             _startup_scn       code   0x001354    program   0x00001c
         .code_fxd0808u.o       code   0x001370    program   0x00001c
         .code_i2c_read.o       code   0x00138c    program   0x00001a
              D10TCYXCODE       code   0x0013a6    program   0x000016
         .code_i2c_idle.o       code   0x0013bc    program   0x00000e
           .code___init.o       code   0x0013ca    program   0x000002
         .idata_c018i.o_i    romdata   0x0013cc    program   0x000000
      .idata_i2c_idle.o_i    romdata   0x0013cc    program   0x000000
      .romdata_i2c_idle.o    romdata   0x0013cc    program   0x000000
      .idata_i2c_open.o_i    romdata   0x0013cc    program   0x000000
      .romdata_i2c_open.o    romdata   0x0013cc    program   0x000000
        .romdata___init.o    romdata   0x0013cc    program   0x000000
      .idata_i2c_read.o_i    romdata   0x0013cc    program   0x000000
      .romdata_i2c_read.o    romdata   0x0013cc    program   0x000000
      .idata_i2c_writ.o_i    romdata   0x0013cc    program   0x000000
      .romdata_i2c_writ.o    romdata   0x0013cc    program   0x000000
        .idata___init.o_i    romdata   0x0013cc    program   0x000000
        .idata_ds1307.o_i    romdata   0x0013cc    program   0x000000
        .romdata_ds1307.o    romdata   0x0013cc    program   0x000000
           .idata_lcd.o_i    romdata   0x0013cc    program   0x000000
           .romdata_lcd.o    romdata   0x0013cc    program   0x000000
             .stringtable    romdata   0x0013cc    program   0x000000
           .idata_RTC.o_i    romdata   0x0013cc    program   0x000000
           .romdata_RTC.o    romdata   0x0013cc    program   0x000000
            .code_c018i.o       code   0x0013cc    program   0x000000
         .romdata_c018i.o    romdata   0x0013cc    program   0x000000
      .idata_fxd0808u.o_i    romdata   0x0013cc    program   0x000000
      .romdata_fxd0808u.o    romdata   0x0013cc    program   0x000000
      .idata_fxd1616u.o_i    romdata   0x0013cc    program   0x000000
      .romdata_fxd1616u.o    romdata   0x0013cc    program   0x000000
     .config_300001_RTC.o    romdata   0x300001    program   0x000001
     .config_300002_RTC.o    romdata   0x300002    program   0x000001
     .config_300003_RTC.o    romdata   0x300003    program   0x000001
     .config_300005_RTC.o    romdata   0x300005    program   0x000001
     .config_300006_RTC.o    romdata   0x300006    program   0x000001
                MATH_DATA      udata   0x000000       data   0x000014
                 .tmpdata      udata   0x000014       data   0x000004
                DELAYDAT2      udata   0x000018       data   0x000001
                DELAYDAT1      udata   0x000019       data   0x000001
                   .stack      udata   0x000e00       data   0x000100
           .udata_c018i.o      udata   0x000f00       data   0x00000a
             .udata_RTC.o      udata   0x000f0a       data   0x000006
          .idata___init.o      idata   0x000f10       data   0x000000
          .udata___init.o      udata   0x000f10       data   0x000000
        .idata_i2c_writ.o      idata   0x000f10       data   0x000000
        .udata_i2c_writ.o      udata   0x000f10       data   0x000000
        .idata_i2c_read.o      idata   0x000f10       data   0x000000
        .udata_i2c_read.o      udata   0x000f10       data   0x000000
        .idata_i2c_open.o      idata   0x000f10       data   0x000000
        .udata_i2c_open.o      udata   0x000f10       data   0x000000
        .idata_i2c_idle.o      idata   0x000f10       data   0x000000
        .udata_i2c_idle.o      udata   0x000f10       data   0x000000
        .idata_fxd1616u.o      idata   0x000f10       data   0x000000
        .udata_fxd1616u.o      udata   0x000f10       data   0x000000
        .idata_fxd0808u.o      idata   0x000f10       data   0x000000
        .udata_fxd0808u.o      udata   0x000f10       data   0x000000
           .idata_c018i.o      idata   0x000f10       data   0x000000
          .udata_ds1307.o      udata   0x000f10       data   0x000000
             .idata_RTC.o      idata   0x000f10       data   0x000000
             .idata_lcd.o      idata   0x000f10       data   0x000000
             .udata_lcd.o      udata   0x000f10       data   0x000000
          .idata_ds1307.o      idata   0x000f10       data   0x000000
            SFR_UNBANKED0      udata   0x000f77       data   0x000089



                              Program Memory Usage 
                               Start         End      
                           ---------   ---------      
                            0x000000    0x0013cb      
                            0x300001    0x300003      
                            0x300005    0x300006      
            5073 out of 66584 program addresses used, program memory utilization is 7%



                              Symbols - Sorted by Name
                     Name    Address   Location    Storage File                     
                ---------  ---------  ---------  --------- ---------                
                   D10K_1   0x0012c6    program     static E:\c18v3.46\pic18-lt\cxx-framework\src\traditional\delays\d10ktcyx.asm
                    D10Kl   0x0012d2    program     static E:\c18v3.46\pic18-lt\cxx-framework\src\traditional\delays\d10ktcyx.asm
                    D10Kx   0x0012c4    program     static E:\c18v3.46\pic18-lt\cxx-framework\src\traditional\delays\d10ktcyx.asm
                    D10_1   0x0013b6    program     static E:\c18v3.46\pic18-lt\cxx-framework\src\traditional\delays\d10tcyx.asm
                     D10x   0x0013ae    program     static E:\c18v3.46\pic18-lt\cxx-framework\src\traditional\delays\d10tcyx.asm
                   D1616S   0x000fe0    program     static E:\c18v3.46\pic18-lt\cxx-framework\src\traditional\math\fxd1616s.asm
                D1616SNEG   0x000fee    program     static E:\c18v3.46\pic18-lt\cxx-framework\src\traditional\math\fxd1616s.asm
                 D1616SOK   0x000fea    program     static E:\c18v3.46\pic18-lt\cxx-framework\src\traditional\math\fxd1616s.asm
                  D1616SX   0x001000    program     static E:\c18v3.46\pic18-lt\cxx-framework\src\traditional\math\fxd1616s.asm
                    D1K_1   0x001320    program     static E:\c18v3.46\pic18-lt\cxx-framework\src\traditional\delays\d1ktcyx.asm
                     D1Kx   0x00131e    program     static E:\c18v3.46\pic18-lt\cxx-framework\src\traditional\delays\d1ktcyx.asm
                  DA1616S   0x000fd0    program     static E:\c18v3.46\pic18-lt\cxx-framework\src\traditional\math\fxd1616s.asm
             Delay10KTCYx   0x0012ba    program     extern E:\c18v3.46\pic18-lt\cxx-framework\src\traditional\delays\d10ktcyx.asm
              Delay10TCYx   0x0013a6    program     extern E:\c18v3.46\pic18-lt\cxx-framework\src\traditional\delays\d10tcyx.asm
              Delay1KTCYx   0x001314    program     extern E:\c18v3.46\pic18-lt\cxx-framework\src\traditional\delays\d1ktcyx.asm
              Display_day   0x0008c8    program     extern C:\Users\TienDat\Desktop\Actor\MPLAB_tutorial\10_I2C_V1\RealtimeClock\RTC.c
             Display_time   0x00078e    program     extern C:\Users\TienDat\Desktop\Actor\MPLAB_tutorial\10_I2C_V1\RealtimeClock\RTC.c
                    FPM32   0x000ee4    program     extern E:\c18v3.46\pic18-lt\cxx-framework\src\traditional\math\mulFP.asm
                 FXD0808U   0x001370    program     extern E:\c18v3.46\pic18-lt\cxx-framework\src\traditional\math\fxd0808u.c
                 FXD1616S   0x000fbe    program     extern E:\c18v3.46\pic18-lt\cxx-framework\src\traditional\math\fxd1616s.asm
                 FXD1616U   0x0012e8    program     extern E:\c18v3.46\pic18-lt\cxx-framework\src\traditional\math\fxd1616u.c
                  INT3216   0x00100a    program     extern E:\c18v3.46\pic18-lt\cxx-framework\src\traditional\math\castFP16.asm
                  IdleI2C   0x0013bc    program     extern E:\c18v3.46\pic18-lt\cxx-framework\src\pmc_common\i2c\i2c_idle.c
                 Init_LCD   0x000008    program     extern C:\Users\TienDat\Desktop\Actor\MPLAB_tutorial\10_I2C_V1\RealtimeClock\lcd.c
                  LCD_CMD   0x000076    program     extern C:\Users\TienDat\Desktop\Actor\MPLAB_tutorial\10_I2C_V1\RealtimeClock\lcd.c
                 LCD_DATA   0x000118    program     extern C:\Users\TienDat\Desktop\Actor\MPLAB_tutorial\10_I2C_V1\RealtimeClock\lcd.c
             LCD_IN_FLOAT   0x00041a    program     extern C:\Users\TienDat\Desktop\Actor\MPLAB_tutorial\10_I2C_V1\RealtimeClock\lcd.c
             LCD_IN_INTER   0x000284    program     extern C:\Users\TienDat\Desktop\Actor\MPLAB_tutorial\10_I2C_V1\RealtimeClock\lcd.c
                   LCD_OK   0x000052    program     extern C:\Users\TienDat\Desktop\Actor\MPLAB_tutorial\10_I2C_V1\RealtimeClock\lcd.c
                  OpenI2C   0x001284    program     extern E:\c18v3.46\pic18-lt\cxx-framework\src\pmc_common\i2c\i2c_open.c
                  ReadI2C   0x00138c    program     extern E:\c18v3.46\pic18-lt\cxx-framework\src\pmc_common\i2c\i2c_read.c
                 WriteI2C   0x001212    program     extern E:\c18v3.46\pic18-lt\cxx-framework\src\pmc_common\i2c\i2c_writ.c
       _D10KTCYXCODE_0010   0x0012ca    program     static E:\c18v3.46\pic18-lt\cxx-framework\src\traditional\delays\d10ktcyx.asm
       _D10KTCYXCODE_001C   0x0012d6    program     static E:\c18v3.46\pic18-lt\cxx-framework\src\traditional\delays\d10ktcyx.asm
        _D10TCYXCODE_000A   0x0013b0    program     static E:\c18v3.46\pic18-lt\cxx-framework\src\traditional\delays\d10tcyx.asm
        _D10TCYXCODE_000C   0x0013b2    program     static E:\c18v3.46\pic18-lt\cxx-framework\src\traditional\delays\d10tcyx.asm
        _D10TCYXCODE_000E   0x0013b4    program     static E:\c18v3.46\pic18-lt\cxx-framework\src\traditional\delays\d10tcyx.asm
        _D1KTCYXCODE_0010   0x001324    program     static E:\c18v3.46\pic18-lt\cxx-framework\src\traditional\delays\d1ktcyx.asm
        _D1KTCYXCODE_0016   0x00132a    program     static E:\c18v3.46\pic18-lt\cxx-framework\src\traditional\delays\d1ktcyx.asm
                 __FpExit   0x001074    program     extern E:\c18v3.46\pic18-lt\cxx-framework\src\traditional\math\packFP.asm
                 __FpPack   0x0010a0    program     extern E:\c18v3.46\pic18-lt\cxx-framework\src\traditional\math\packFP.asm
            __FpReturnNaN   0x001068    program     extern E:\c18v3.46\pic18-lt\cxx-framework\src\traditional\math\packFP.asm
         __FpReturnNegInf   0x00107a    program     extern E:\c18v3.46\pic18-lt\cxx-framework\src\traditional\math\packFP.asm
        __FpReturnNegZero   0x001092    program     extern E:\c18v3.46\pic18-lt\cxx-framework\src\traditional\math\packFP.asm
         __FpReturnPosInf   0x001080    program     extern E:\c18v3.46\pic18-lt\cxx-framework\src\traditional\math\packFP.asm
        __FpReturnPosZero   0x00109a    program     extern E:\c18v3.46\pic18-lt\cxx-framework\src\traditional\math\packFP.asm
        __FpReturnSignInf   0x001076    program     extern E:\c18v3.46\pic18-lt\cxx-framework\src\traditional\math\packFP.asm
       __FpReturnSignZero   0x00108e    program     extern E:\c18v3.46\pic18-lt\cxx-framework\src\traditional\math\packFP.asm
              __FpReturnW   0x0010f8    program     extern E:\c18v3.46\pic18-lt\cxx-framework\src\traditional\math\packFP.asm
              __FpUnPackA   0x001118    program     extern E:\c18v3.46\pic18-lt\cxx-framework\src\traditional\math\UnpackFP.asm
              __FpUnPackB   0x001148    program     extern E:\c18v3.46\pic18-lt\cxx-framework\src\traditional\math\UnpackFP.asm
       ___return_lbl00000   0x000004    program     static                          
       ___return_lbl00000   0x00138a    program     static                          
       ___return_lbl00000   0x001312    program     static                          
       ___return_lbl00001   0x00136e    program     static                          
       ___return_lbl00002   0x001210    program     static                          
               __config_0   0x300001    program     static C:\Users\TienDat\Desktop\Actor\MPLAB_tutorial\10_I2C_V1\RealtimeClock\RTC.c
               __config_1   0x300002    program     static C:\Users\TienDat\Desktop\Actor\MPLAB_tutorial\10_I2C_V1\RealtimeClock\RTC.c
               __config_2   0x300003    program     static C:\Users\TienDat\Desktop\Actor\MPLAB_tutorial\10_I2C_V1\RealtimeClock\RTC.c
               __config_3   0x300005    program     static C:\Users\TienDat\Desktop\Actor\MPLAB_tutorial\10_I2C_V1\RealtimeClock\RTC.c
               __config_4   0x300006    program     static C:\Users\TienDat\Desktop\Actor\MPLAB_tutorial\10_I2C_V1\RealtimeClock\RTC.c
                   __init   0x0013ca    program     extern E:\c18v3.46\pic18-lt\cxx-framework\src\traditional\stdclib\__init.c
            __zero_memory   0x001334    program     extern E:\c18v3.46\pic18-lt\cxx-framework\src\traditional\proc\p18f46k20.asm
                _do_cinit   0x001174    program     extern E:\c18v3.46\pic18-lt\cxx-framework\src\traditional\startup\c018i.c
                   _entry   0x000000    program     extern E:\c18v3.46\pic18-lt\cxx-framework\src\traditional\startup\c018i.c
                 _startup   0x001354    program     extern E:\c18v3.46\pic18-lt\cxx-framework\src\traditional\startup\c018i.c
                 bcdToDec   0x000d72    program     extern C:\Users\TienDat\Desktop\Actor\MPLAB_tutorial\10_I2C_V1\RealtimeClock\ds1307.c
                compare_l   0x00134a    program     static E:\c18v3.46\pic18-lt\cxx-framework\src\traditional\proc\p18f46k20.asm
                copy_loop   0x0011e6    program     static                          
            copy_one_byte   0x0011ec    program     static                          
                 decToBcd   0x000d14    program     extern C:\Users\TienDat\Desktop\Actor\MPLAB_tutorial\10_I2C_V1\RealtimeClock\ds1307.c
                     done   0x001210    program     static                          
             done_copying   0x0011fa    program     static                          
                  endloop   0x00130e    program     static                          
                  endloop   0x001386    program     static                          
           get_ds1307_day   0x000ca6    program     extern C:\Users\TienDat\Desktop\Actor\MPLAB_tutorial\10_I2C_V1\RealtimeClock\ds1307.c
          get_ds1307_time   0x000c1c    program     extern C:\Users\TienDat\Desktop\Actor\MPLAB_tutorial\10_I2C_V1\RealtimeClock\ds1307.c
               i2c_config   0x000b3a    program     extern C:\Users\TienDat\Desktop\Actor\MPLAB_tutorial\10_I2C_V1\RealtimeClock\ds1307.c
                 jANotInf   0x000f02    program     static E:\c18v3.46\pic18-lt\cxx-framework\src\traditional\math\mulFP.asm
              jBothFinite   0x000f10    program     static E:\c18v3.46\pic18-lt\cxx-framework\src\traditional\math\mulFP.asm
             jBothNotZero   0x000f1c    program     static E:\c18v3.46\pic18-lt\cxx-framework\src\traditional\math\mulFP.asm
                    jExit   0x001066    program     static E:\c18v3.46\pic18-lt\cxx-framework\src\traditional\math\castFP16.asm
                jHaveZero   0x000f18    program     static E:\c18v3.46\pic18-lt\cxx-framework\src\traditional\math\mulFP.asm
                    jLoop   0x001046    program     static E:\c18v3.46\pic18-lt\cxx-framework\src\traditional\math\castFP16.asm
                jLoopExit   0x001056    program     static E:\c18v3.46\pic18-lt\cxx-framework\src\traditional\math\castFP16.asm
                     jMax   0x00101a    program     static E:\c18v3.46\pic18-lt\cxx-framework\src\traditional\math\castFP16.asm
                  jMaxNeg   0x001028    program     static E:\c18v3.46\pic18-lt\cxx-framework\src\traditional\math\castFP16.asm
                  jMaxPos   0x00101e    program     static E:\c18v3.46\pic18-lt\cxx-framework\src\traditional\math\castFP16.asm
                  jNotInf   0x001036    program     static E:\c18v3.46\pic18-lt\cxx-framework\src\traditional\math\castFP16.asm
                  jPkLoop   0x0010ae    program     static E:\c18v3.46\pic18-lt\cxx-framework\src\traditional\math\packFP.asm
             jPkRoundDone   0x0010f8    program     static E:\c18v3.46\pic18-lt\cxx-framework\src\traditional\math\packFP.asm
               jPkRoundIt   0x0010e0    program     static E:\c18v3.46\pic18-lt\cxx-framework\src\traditional\math\packFP.asm
             jPkShiftDone   0x0010ca    program     static E:\c18v3.46\pic18-lt\cxx-framework\src\traditional\math\packFP.asm
           jReturnPosInf0   0x001084    program     static E:\c18v3.46\pic18-lt\cxx-framework\src\traditional\math\packFP.asm
                  jUnpkA1   0x001122    program     static E:\c18v3.46\pic18-lt\cxx-framework\src\traditional\math\UnpackFP.asm
                  jUnpkA2   0x00113a    program     static E:\c18v3.46\pic18-lt\cxx-framework\src\traditional\math\UnpackFP.asm
                 jUnpkANZ   0x001130    program     static E:\c18v3.46\pic18-lt\cxx-framework\src\traditional\math\UnpackFP.asm
                  jUnpkB1   0x001152    program     static E:\c18v3.46\pic18-lt\cxx-framework\src\traditional\math\UnpackFP.asm
                  jUnpkB2   0x00116a    program     static E:\c18v3.46\pic18-lt\cxx-framework\src\traditional\math\UnpackFP.asm
                 jUnpkBNZ   0x001160    program     static E:\c18v3.46\pic18-lt\cxx-framework\src\traditional\math\UnpackFP.asm
                 jUnpkNaN   0x001144    program     static E:\c18v3.46\pic18-lt\cxx-framework\src\traditional\math\UnpackFP.asm
                    jZero   0x001030    program     static E:\c18v3.46\pic18-lt\cxx-framework\src\traditional\math\castFP16.asm
               jZero1and2   0x001088    program     static E:\c18v3.46\pic18-lt\cxx-framework\src\traditional\math\packFP.asm
               lcd_gotoxy   0x000204    program     extern C:\Users\TienDat\Desktop\Actor\MPLAB_tutorial\10_I2C_V1\RealtimeClock\lcd.c
               lcd_putstr   0x0001ba    program     extern C:\Users\TienDat\Desktop\Actor\MPLAB_tutorial\10_I2C_V1\RealtimeClock\lcd.c
                     loop   0x001378    program     static                          
                     loop   0x001364    program     static                          
                     loop   0x0012f2    program     static                          
                   loop_h   0x001342    program     static E:\c18v3.46\pic18-lt\cxx-framework\src\traditional\proc\p18f46k20.asm
                   loop_l   0x00134c    program     static E:\c18v3.46\pic18-lt\cxx-framework\src\traditional\proc\p18f46k20.asm
                     main   0x000640    program     extern C:\Users\TienDat\Desktop\Actor\MPLAB_tutorial\10_I2C_V1\RealtimeClock\RTC.c
     read_i2c_from_ds1307   0x000e26    program     extern C:\Users\TienDat\Desktop\Actor\MPLAB_tutorial\10_I2C_V1\RealtimeClock\ds1307.c
           set_ds1307_day   0x000bba    program     extern C:\Users\TienDat\Desktop\Actor\MPLAB_tutorial\10_I2C_V1\RealtimeClock\ds1307.c
          set_ds1307_time   0x000b50    program     extern C:\Users\TienDat\Desktop\Actor\MPLAB_tutorial\10_I2C_V1\RealtimeClock\ds1307.c
                     test   0x00118e    program     static                          
      write_i2c_to_ds1307   0x000db2    program     extern C:\Users\TienDat\Desktop\Actor\MPLAB_tutorial\10_I2C_V1\RealtimeClock\ds1307.c
               zero_block   0x001342    program     static E:\c18v3.46\pic18-lt\cxx-framework\src\traditional\proc\p18f46k20.asm
                   ADCON0   0x000fc2       data     extern E:\c18v3.46\pic18-lt\cxx-framework\src\traditional\proc\p18f46k20.asm
               ADCON0bits   0x000fc2       data     extern E:\c18v3.46\pic18-lt\cxx-framework\src\traditional\proc\p18f46k20.asm
                   ADCON1   0x000fc1       data     extern E:\c18v3.46\pic18-lt\cxx-framework\src\traditional\proc\p18f46k20.asm
               ADCON1bits   0x000fc1       data     extern E:\c18v3.46\pic18-lt\cxx-framework\src\traditional\proc\p18f46k20.asm
                   ADCON2   0x000fc0       data     extern E:\c18v3.46\pic18-lt\cxx-framework\src\traditional\proc\p18f46k20.asm
               ADCON2bits   0x000fc0       data     extern E:\c18v3.46\pic18-lt\cxx-framework\src\traditional\proc\p18f46k20.asm
                    ADRES   0x000fc3       data     extern E:\c18v3.46\pic18-lt\cxx-framework\src\traditional\proc\p18f46k20.asm
                   ADRESH   0x000fc4       data     extern E:\c18v3.46\pic18-lt\cxx-framework\src\traditional\proc\p18f46k20.asm
                   ADRESL   0x000fc3       data     extern E:\c18v3.46\pic18-lt\cxx-framework\src\traditional\proc\p18f46k20.asm
                    ANSEL   0x000f7e       data     extern E:\c18v3.46\pic18-lt\cxx-framework\src\traditional\proc\p18f46k20.asm
                   ANSELH   0x000f7f       data     extern E:\c18v3.46\pic18-lt\cxx-framework\src\traditional\proc\p18f46k20.asm
               ANSELHbits   0x000f7f       data     extern E:\c18v3.46\pic18-lt\cxx-framework\src\traditional\proc\p18f46k20.asm
                ANSELbits   0x000f7e       data     extern E:\c18v3.46\pic18-lt\cxx-framework\src\traditional\proc\p18f46k20.asm
                  BAUDCON   0x000fb8       data     extern E:\c18v3.46\pic18-lt\cxx-framework\src\traditional\proc\p18f46k20.asm
              BAUDCONbits   0x000fb8       data     extern E:\c18v3.46\pic18-lt\cxx-framework\src\traditional\proc\p18f46k20.asm
                  BAUDCTL   0x000fb8       data     extern E:\c18v3.46\pic18-lt\cxx-framework\src\traditional\proc\p18f46k20.asm
              BAUDCTLbits   0x000fb8       data     extern E:\c18v3.46\pic18-lt\cxx-framework\src\traditional\proc\p18f46k20.asm
                      BSR   0x000fe0       data     extern E:\c18v3.46\pic18-lt\cxx-framework\src\traditional\proc\p18f46k20.asm
                  CCP1CON   0x000fbd       data     extern E:\c18v3.46\pic18-lt\cxx-framework\src\traditional\proc\p18f46k20.asm
              CCP1CONbits   0x000fbd       data     extern E:\c18v3.46\pic18-lt\cxx-framework\src\traditional\proc\p18f46k20.asm
                  CCP2CON   0x000fba       data     extern E:\c18v3.46\pic18-lt\cxx-framework\src\traditional\proc\p18f46k20.asm
              CCP2CONbits   0x000fba       data     extern E:\c18v3.46\pic18-lt\cxx-framework\src\traditional\proc\p18f46k20.asm
                    CCPR1   0x000fbe       data     extern E:\c18v3.46\pic18-lt\cxx-framework\src\traditional\proc\p18f46k20.asm
                   CCPR1H   0x000fbf       data     extern E:\c18v3.46\pic18-lt\cxx-framework\src\traditional\proc\p18f46k20.asm
                   CCPR1L   0x000fbe       data     extern E:\c18v3.46\pic18-lt\cxx-framework\src\traditional\proc\p18f46k20.asm
                    CCPR2   0x000fbb       data     extern E:\c18v3.46\pic18-lt\cxx-framework\src\traditional\proc\p18f46k20.asm
                   CCPR2H   0x000fbc       data     extern E:\c18v3.46\pic18-lt\cxx-framework\src\traditional\proc\p18f46k20.asm
                   CCPR2L   0x000fbb       data     extern E:\c18v3.46\pic18-lt\cxx-framework\src\traditional\proc\p18f46k20.asm
                  CM1CON0   0x000f7b       data     extern E:\c18v3.46\pic18-lt\cxx-framework\src\traditional\proc\p18f46k20.asm
              CM1CON0bits   0x000f7b       data     extern E:\c18v3.46\pic18-lt\cxx-framework\src\traditional\proc\p18f46k20.asm
                  CM2CON0   0x000f7a       data     extern E:\c18v3.46\pic18-lt\cxx-framework\src\traditional\proc\p18f46k20.asm
              CM2CON0bits   0x000f7a       data     extern E:\c18v3.46\pic18-lt\cxx-framework\src\traditional\proc\p18f46k20.asm
                  CM2CON1   0x000f79       data     extern E:\c18v3.46\pic18-lt\cxx-framework\src\traditional\proc\p18f46k20.asm
              CM2CON1bits   0x000f79       data     extern E:\c18v3.46\pic18-lt\cxx-framework\src\traditional\proc\p18f46k20.asm
                   CVRCON   0x000fb5       data     extern E:\c18v3.46\pic18-lt\cxx-framework\src\traditional\proc\p18f46k20.asm
                  CVRCON2   0x000fb4       data     extern E:\c18v3.46\pic18-lt\cxx-framework\src\traditional\proc\p18f46k20.asm
              CVRCON2bits   0x000fb4       data     extern E:\c18v3.46\pic18-lt\cxx-framework\src\traditional\proc\p18f46k20.asm
               CVRCONbits   0x000fb5       data     extern E:\c18v3.46\pic18-lt\cxx-framework\src\traditional\proc\p18f46k20.asm
                     DDRA   0x000f92       data     extern E:\c18v3.46\pic18-lt\cxx-framework\src\traditional\proc\p18f46k20.asm
                 DDRAbits   0x000f92       data     extern E:\c18v3.46\pic18-lt\cxx-framework\src\traditional\proc\p18f46k20.asm
                     DDRB   0x000f93       data     extern E:\c18v3.46\pic18-lt\cxx-framework\src\traditional\proc\p18f46k20.asm
                 DDRBbits   0x000f93       data     extern E:\c18v3.46\pic18-lt\cxx-framework\src\traditional\proc\p18f46k20.asm
                     DDRC   0x000f94       data     extern E:\c18v3.46\pic18-lt\cxx-framework\src\traditional\proc\p18f46k20.asm
                 DDRCbits   0x000f94       data     extern E:\c18v3.46\pic18-lt\cxx-framework\src\traditional\proc\p18f46k20.asm
                     DDRD   0x000f95       data     extern E:\c18v3.46\pic18-lt\cxx-framework\src\traditional\proc\p18f46k20.asm
                 DDRDbits   0x000f95       data     extern E:\c18v3.46\pic18-lt\cxx-framework\src\traditional\proc\p18f46k20.asm
                     DDRE   0x000f96       data     extern E:\c18v3.46\pic18-lt\cxx-framework\src\traditional\proc\p18f46k20.asm
                 DDREbits   0x000f96       data     extern E:\c18v3.46\pic18-lt\cxx-framework\src\traditional\proc\p18f46k20.asm
            DelayCounter1   0x000019       data     extern E:\c18v3.46\pic18-lt\cxx-framework\src\traditional\delays\delayd1.asm
            DelayCounter2   0x000018       data     extern E:\c18v3.46\pic18-lt\cxx-framework\src\traditional\delays\delayd2.asm
                  ECCP1AS   0x000fb6       data     extern E:\c18v3.46\pic18-lt\cxx-framework\src\traditional\proc\p18f46k20.asm
              ECCP1ASbits   0x000fb6       data     extern E:\c18v3.46\pic18-lt\cxx-framework\src\traditional\proc\p18f46k20.asm
                    EEADR   0x000fa9       data     extern E:\c18v3.46\pic18-lt\cxx-framework\src\traditional\proc\p18f46k20.asm
                   EEADRH   0x000faa       data     extern E:\c18v3.46\pic18-lt\cxx-framework\src\traditional\proc\p18f46k20.asm
               EEADRHbits   0x000faa       data     extern E:\c18v3.46\pic18-lt\cxx-framework\src\traditional\proc\p18f46k20.asm
                EEADRbits   0x000fa9       data     extern E:\c18v3.46\pic18-lt\cxx-framework\src\traditional\proc\p18f46k20.asm
                   EECON1   0x000fa6       data     extern E:\c18v3.46\pic18-lt\cxx-framework\src\traditional\proc\p18f46k20.asm
               EECON1bits   0x000fa6       data     extern E:\c18v3.46\pic18-lt\cxx-framework\src\traditional\proc\p18f46k20.asm
                   EECON2   0x000fa7       data     extern E:\c18v3.46\pic18-lt\cxx-framework\src\traditional\proc\p18f46k20.asm
                   EEDATA   0x000fa8       data     extern E:\c18v3.46\pic18-lt\cxx-framework\src\traditional\proc\p18f46k20.asm
                     FSR0   0x000fe9       data     extern E:\c18v3.46\pic18-lt\cxx-framework\src\traditional\proc\p18f46k20.asm
                    FSR0H   0x000fea       data     extern E:\c18v3.46\pic18-lt\cxx-framework\src\traditional\proc\p18f46k20.asm
                    FSR0L   0x000fe9       data     extern E:\c18v3.46\pic18-lt\cxx-framework\src\traditional\proc\p18f46k20.asm
                     FSR1   0x000fe1       data     extern E:\c18v3.46\pic18-lt\cxx-framework\src\traditional\proc\p18f46k20.asm
                    FSR1H   0x000fe2       data     extern E:\c18v3.46\pic18-lt\cxx-framework\src\traditional\proc\p18f46k20.asm
                    FSR1L   0x000fe1       data     extern E:\c18v3.46\pic18-lt\cxx-framework\src\traditional\proc\p18f46k20.asm
                     FSR2   0x000fd9       data     extern E:\c18v3.46\pic18-lt\cxx-framework\src\traditional\proc\p18f46k20.asm
                    FSR2H   0x000fda       data     extern E:\c18v3.46\pic18-lt\cxx-framework\src\traditional\proc\p18f46k20.asm
                    FSR2L   0x000fd9       data     extern E:\c18v3.46\pic18-lt\cxx-framework\src\traditional\proc\p18f46k20.asm
                  HLVDCON   0x000fd2       data     extern E:\c18v3.46\pic18-lt\cxx-framework\src\traditional\proc\p18f46k20.asm
              HLVDCONbits   0x000fd2       data     extern E:\c18v3.46\pic18-lt\cxx-framework\src\traditional\proc\p18f46k20.asm
                    INDF0   0x000fef       data     extern E:\c18v3.46\pic18-lt\cxx-framework\src\traditional\proc\p18f46k20.asm
                    INDF1   0x000fe7       data     extern E:\c18v3.46\pic18-lt\cxx-framework\src\traditional\proc\p18f46k20.asm
                    INDF2   0x000fdf       data     extern E:\c18v3.46\pic18-lt\cxx-framework\src\traditional\proc\p18f46k20.asm
                   INTCON   0x000ff2       data     extern E:\c18v3.46\pic18-lt\cxx-framework\src\traditional\proc\p18f46k20.asm
                  INTCON2   0x000ff1       data     extern E:\c18v3.46\pic18-lt\cxx-framework\src\traditional\proc\p18f46k20.asm
              INTCON2bits   0x000ff1       data     extern E:\c18v3.46\pic18-lt\cxx-framework\src\traditional\proc\p18f46k20.asm
                  INTCON3   0x000ff0       data     extern E:\c18v3.46\pic18-lt\cxx-framework\src\traditional\proc\p18f46k20.asm
              INTCON3bits   0x000ff0       data     extern E:\c18v3.46\pic18-lt\cxx-framework\src\traditional\proc\p18f46k20.asm
               INTCONbits   0x000ff2       data     extern E:\c18v3.46\pic18-lt\cxx-framework\src\traditional\proc\p18f46k20.asm
                     IOCB   0x000f7d       data     extern E:\c18v3.46\pic18-lt\cxx-framework\src\traditional\proc\p18f46k20.asm
                 IOCBbits   0x000f7d       data     extern E:\c18v3.46\pic18-lt\cxx-framework\src\traditional\proc\p18f46k20.asm
                     IPR1   0x000f9f       data     extern E:\c18v3.46\pic18-lt\cxx-framework\src\traditional\proc\p18f46k20.asm
                 IPR1bits   0x000f9f       data     extern E:\c18v3.46\pic18-lt\cxx-framework\src\traditional\proc\p18f46k20.asm
                     IPR2   0x000fa2       data     extern E:\c18v3.46\pic18-lt\cxx-framework\src\traditional\proc\p18f46k20.asm
                 IPR2bits   0x000fa2       data     extern E:\c18v3.46\pic18-lt\cxx-framework\src\traditional\proc\p18f46k20.asm
                     LATA   0x000f89       data     extern E:\c18v3.46\pic18-lt\cxx-framework\src\traditional\proc\p18f46k20.asm
                 LATAbits   0x000f89       data     extern E:\c18v3.46\pic18-lt\cxx-framework\src\traditional\proc\p18f46k20.asm
                     LATB   0x000f8a       data     extern E:\c18v3.46\pic18-lt\cxx-framework\src\traditional\proc\p18f46k20.asm
                 LATBbits   0x000f8a       data     extern E:\c18v3.46\pic18-lt\cxx-framework\src\traditional\proc\p18f46k20.asm
                     LATC   0x000f8b       data     extern E:\c18v3.46\pic18-lt\cxx-framework\src\traditional\proc\p18f46k20.asm
                 LATCbits   0x000f8b       data     extern E:\c18v3.46\pic18-lt\cxx-framework\src\traditional\proc\p18f46k20.asm
                     LATD   0x000f8c       data     extern E:\c18v3.46\pic18-lt\cxx-framework\src\traditional\proc\p18f46k20.asm
                 LATDbits   0x000f8c       data     extern E:\c18v3.46\pic18-lt\cxx-framework\src\traditional\proc\p18f46k20.asm
                     LATE   0x000f8d       data     extern E:\c18v3.46\pic18-lt\cxx-framework\src\traditional\proc\p18f46k20.asm
                 LATEbits   0x000f8d       data     extern E:\c18v3.46\pic18-lt\cxx-framework\src\traditional\proc\p18f46k20.asm
                   LVDCON   0x000fd2       data     extern E:\c18v3.46\pic18-lt\cxx-framework\src\traditional\proc\p18f46k20.asm
               LVDCONbits   0x000fd2       data     extern E:\c18v3.46\pic18-lt\cxx-framework\src\traditional\proc\p18f46k20.asm
                   OSCCON   0x000fd3       data     extern E:\c18v3.46\pic18-lt\cxx-framework\src\traditional\proc\p18f46k20.asm
               OSCCONbits   0x000fd3       data     extern E:\c18v3.46\pic18-lt\cxx-framework\src\traditional\proc\p18f46k20.asm
                  OSCTUNE   0x000f9b       data     extern E:\c18v3.46\pic18-lt\cxx-framework\src\traditional\proc\p18f46k20.asm
              OSCTUNEbits   0x000f9b       data     extern E:\c18v3.46\pic18-lt\cxx-framework\src\traditional\proc\p18f46k20.asm
                       PC   0x000ff9       data     extern E:\c18v3.46\pic18-lt\cxx-framework\src\traditional\proc\p18f46k20.asm
                      PCL   0x000ff9       data     extern E:\c18v3.46\pic18-lt\cxx-framework\src\traditional\proc\p18f46k20.asm
                   PCLATH   0x000ffa       data     extern E:\c18v3.46\pic18-lt\cxx-framework\src\traditional\proc\p18f46k20.asm
                   PCLATU   0x000ffb       data     extern E:\c18v3.46\pic18-lt\cxx-framework\src\traditional\proc\p18f46k20.asm
                     PIE1   0x000f9d       data     extern E:\c18v3.46\pic18-lt\cxx-framework\src\traditional\proc\p18f46k20.asm
                 PIE1bits   0x000f9d       data     extern E:\c18v3.46\pic18-lt\cxx-framework\src\traditional\proc\p18f46k20.asm
                     PIE2   0x000fa0       data     extern E:\c18v3.46\pic18-lt\cxx-framework\src\traditional\proc\p18f46k20.asm
                 PIE2bits   0x000fa0       data     extern E:\c18v3.46\pic18-lt\cxx-framework\src\traditional\proc\p18f46k20.asm
                     PIR1   0x000f9e       data     extern E:\c18v3.46\pic18-lt\cxx-framework\src\traditional\proc\p18f46k20.asm
                 PIR1bits   0x000f9e       data     extern E:\c18v3.46\pic18-lt\cxx-framework\src\traditional\proc\p18f46k20.asm
                     PIR2   0x000fa1       data     extern E:\c18v3.46\pic18-lt\cxx-framework\src\traditional\proc\p18f46k20.asm
                 PIR2bits   0x000fa1       data     extern E:\c18v3.46\pic18-lt\cxx-framework\src\traditional\proc\p18f46k20.asm
                   PLUSW0   0x000feb       data     extern E:\c18v3.46\pic18-lt\cxx-framework\src\traditional\proc\p18f46k20.asm
                   PLUSW1   0x000fe3       data     extern E:\c18v3.46\pic18-lt\cxx-framework\src\traditional\proc\p18f46k20.asm
                   PLUSW2   0x000fdb       data     extern E:\c18v3.46\pic18-lt\cxx-framework\src\traditional\proc\p18f46k20.asm
                    PORTA   0x000f80       data     extern E:\c18v3.46\pic18-lt\cxx-framework\src\traditional\proc\p18f46k20.asm
                PORTAbits   0x000f80       data     extern E:\c18v3.46\pic18-lt\cxx-framework\src\traditional\proc\p18f46k20.asm
                    PORTB   0x000f81       data     extern E:\c18v3.46\pic18-lt\cxx-framework\src\traditional\proc\p18f46k20.asm
                PORTBbits   0x000f81       data     extern E:\c18v3.46\pic18-lt\cxx-framework\src\traditional\proc\p18f46k20.asm
                    PORTC   0x000f82       data     extern E:\c18v3.46\pic18-lt\cxx-framework\src\traditional\proc\p18f46k20.asm
                PORTCbits   0x000f82       data     extern E:\c18v3.46\pic18-lt\cxx-framework\src\traditional\proc\p18f46k20.asm
                    PORTD   0x000f83       data     extern E:\c18v3.46\pic18-lt\cxx-framework\src\traditional\proc\p18f46k20.asm
                PORTDbits   0x000f83       data     extern E:\c18v3.46\pic18-lt\cxx-framework\src\traditional\proc\p18f46k20.asm
                    PORTE   0x000f84       data     extern E:\c18v3.46\pic18-lt\cxx-framework\src\traditional\proc\p18f46k20.asm
                PORTEbits   0x000f84       data     extern E:\c18v3.46\pic18-lt\cxx-framework\src\traditional\proc\p18f46k20.asm
                 POSTDEC0   0x000fed       data     extern E:\c18v3.46\pic18-lt\cxx-framework\src\traditional\proc\p18f46k20.asm
                 POSTDEC1   0x000fe5       data     extern E:\c18v3.46\pic18-lt\cxx-framework\src\traditional\proc\p18f46k20.asm
                 POSTDEC2   0x000fdd       data     extern E:\c18v3.46\pic18-lt\cxx-framework\src\traditional\proc\p18f46k20.asm
                 POSTINC0   0x000fee       data     extern E:\c18v3.46\pic18-lt\cxx-framework\src\traditional\proc\p18f46k20.asm
                 POSTINC1   0x000fe6       data     extern E:\c18v3.46\pic18-lt\cxx-framework\src\traditional\proc\p18f46k20.asm
                 POSTINC2   0x000fde       data     extern E:\c18v3.46\pic18-lt\cxx-framework\src\traditional\proc\p18f46k20.asm
                      PR2   0x000fcb       data     extern E:\c18v3.46\pic18-lt\cxx-framework\src\traditional\proc\p18f46k20.asm
                  PREINC0   0x000fec       data     extern E:\c18v3.46\pic18-lt\cxx-framework\src\traditional\proc\p18f46k20.asm
                  PREINC1   0x000fe4       data     extern E:\c18v3.46\pic18-lt\cxx-framework\src\traditional\proc\p18f46k20.asm
                  PREINC2   0x000fdc       data     extern E:\c18v3.46\pic18-lt\cxx-framework\src\traditional\proc\p18f46k20.asm
                     PROD   0x000ff3       data     extern E:\c18v3.46\pic18-lt\cxx-framework\src\traditional\proc\p18f46k20.asm
                    PRODH   0x000ff4       data     extern E:\c18v3.46\pic18-lt\cxx-framework\src\traditional\proc\p18f46k20.asm
                    PRODL   0x000ff3       data     extern E:\c18v3.46\pic18-lt\cxx-framework\src\traditional\proc\p18f46k20.asm
                  PSTRCON   0x000fb9       data     extern E:\c18v3.46\pic18-lt\cxx-framework\src\traditional\proc\p18f46k20.asm
              PSTRCONbits   0x000fb9       data     extern E:\c18v3.46\pic18-lt\cxx-framework\src\traditional\proc\p18f46k20.asm
                  PWM1CON   0x000fb7       data     extern E:\c18v3.46\pic18-lt\cxx-framework\src\traditional\proc\p18f46k20.asm
              PWM1CONbits   0x000fb7       data     extern E:\c18v3.46\pic18-lt\cxx-framework\src\traditional\proc\p18f46k20.asm
                     RCON   0x000fd0       data     extern E:\c18v3.46\pic18-lt\cxx-framework\src\traditional\proc\p18f46k20.asm
                 RCONbits   0x000fd0       data     extern E:\c18v3.46\pic18-lt\cxx-framework\src\traditional\proc\p18f46k20.asm
                    RCREG   0x000fae       data     extern E:\c18v3.46\pic18-lt\cxx-framework\src\traditional\proc\p18f46k20.asm
                    RCSTA   0x000fab       data     extern E:\c18v3.46\pic18-lt\cxx-framework\src\traditional\proc\p18f46k20.asm
                RCSTAbits   0x000fab       data     extern E:\c18v3.46\pic18-lt\cxx-framework\src\traditional\proc\p18f46k20.asm
                     SIGN   0x000000       data     extern E:\c18v3.46\pic18-lt\cxx-framework\src\traditional\math\cmath18.asm
                   SLRCON   0x000f78       data     extern E:\c18v3.46\pic18-lt\cxx-framework\src\traditional\proc\p18f46k20.asm
               SLRCONbits   0x000f78       data     extern E:\c18v3.46\pic18-lt\cxx-framework\src\traditional\proc\p18f46k20.asm
                    SPBRG   0x000faf       data     extern E:\c18v3.46\pic18-lt\cxx-framework\src\traditional\proc\p18f46k20.asm
                   SPBRGH   0x000fb0       data     extern E:\c18v3.46\pic18-lt\cxx-framework\src\traditional\proc\p18f46k20.asm
                   SSPADD   0x000fc8       data     extern E:\c18v3.46\pic18-lt\cxx-framework\src\traditional\proc\p18f46k20.asm
                   SSPBUF   0x000fc9       data     extern E:\c18v3.46\pic18-lt\cxx-framework\src\traditional\proc\p18f46k20.asm
                  SSPCON1   0x000fc6       data     extern E:\c18v3.46\pic18-lt\cxx-framework\src\traditional\proc\p18f46k20.asm
              SSPCON1bits   0x000fc6       data     extern E:\c18v3.46\pic18-lt\cxx-framework\src\traditional\proc\p18f46k20.asm
                  SSPCON2   0x000fc5       data     extern E:\c18v3.46\pic18-lt\cxx-framework\src\traditional\proc\p18f46k20.asm
              SSPCON2bits   0x000fc5       data     extern E:\c18v3.46\pic18-lt\cxx-framework\src\traditional\proc\p18f46k20.asm
                   SSPMSK   0x000f77       data     extern E:\c18v3.46\pic18-lt\cxx-framework\src\traditional\proc\p18f46k20.asm
               SSPMSKbits   0x000f77       data     extern E:\c18v3.46\pic18-lt\cxx-framework\src\traditional\proc\p18f46k20.asm
                  SSPSTAT   0x000fc7       data     extern E:\c18v3.46\pic18-lt\cxx-framework\src\traditional\proc\p18f46k20.asm
              SSPSTATbits   0x000fc7       data     extern E:\c18v3.46\pic18-lt\cxx-framework\src\traditional\proc\p18f46k20.asm
                   STATUS   0x000fd8       data     extern E:\c18v3.46\pic18-lt\cxx-framework\src\traditional\proc\p18f46k20.asm
               STATUSbits   0x000fd8       data     extern E:\c18v3.46\pic18-lt\cxx-framework\src\traditional\proc\p18f46k20.asm
                   STKPTR   0x000ffc       data     extern E:\c18v3.46\pic18-lt\cxx-framework\src\traditional\proc\p18f46k20.asm
               STKPTRbits   0x000ffc       data     extern E:\c18v3.46\pic18-lt\cxx-framework\src\traditional\proc\p18f46k20.asm
                    T0CON   0x000fd5       data     extern E:\c18v3.46\pic18-lt\cxx-framework\src\traditional\proc\p18f46k20.asm
                T0CONbits   0x000fd5       data     extern E:\c18v3.46\pic18-lt\cxx-framework\src\traditional\proc\p18f46k20.asm
                    T1CON   0x000fcd       data     extern E:\c18v3.46\pic18-lt\cxx-framework\src\traditional\proc\p18f46k20.asm
                T1CONbits   0x000fcd       data     extern E:\c18v3.46\pic18-lt\cxx-framework\src\traditional\proc\p18f46k20.asm
                    T2CON   0x000fca       data     extern E:\c18v3.46\pic18-lt\cxx-framework\src\traditional\proc\p18f46k20.asm
                T2CONbits   0x000fca       data     extern E:\c18v3.46\pic18-lt\cxx-framework\src\traditional\proc\p18f46k20.asm
                    T3CON   0x000fb1       data     extern E:\c18v3.46\pic18-lt\cxx-framework\src\traditional\proc\p18f46k20.asm
                T3CONbits   0x000fb1       data     extern E:\c18v3.46\pic18-lt\cxx-framework\src\traditional\proc\p18f46k20.asm
                   TABLAT   0x000ff5       data     extern E:\c18v3.46\pic18-lt\cxx-framework\src\traditional\proc\p18f46k20.asm
                   TBLPTR   0x000ff6       data     extern E:\c18v3.46\pic18-lt\cxx-framework\src\traditional\proc\p18f46k20.asm
                  TBLPTRH   0x000ff7       data     extern E:\c18v3.46\pic18-lt\cxx-framework\src\traditional\proc\p18f46k20.asm
                  TBLPTRL   0x000ff6       data     extern E:\c18v3.46\pic18-lt\cxx-framework\src\traditional\proc\p18f46k20.asm
                  TBLPTRU   0x000ff8       data     extern E:\c18v3.46\pic18-lt\cxx-framework\src\traditional\proc\p18f46k20.asm
                    TMR0H   0x000fd7       data     extern E:\c18v3.46\pic18-lt\cxx-framework\src\traditional\proc\p18f46k20.asm
                    TMR0L   0x000fd6       data     extern E:\c18v3.46\pic18-lt\cxx-framework\src\traditional\proc\p18f46k20.asm
                    TMR1H   0x000fcf       data     extern E:\c18v3.46\pic18-lt\cxx-framework\src\traditional\proc\p18f46k20.asm
                    TMR1L   0x000fce       data     extern E:\c18v3.46\pic18-lt\cxx-framework\src\traditional\proc\p18f46k20.asm
                     TMR2   0x000fcc       data     extern E:\c18v3.46\pic18-lt\cxx-framework\src\traditional\proc\p18f46k20.asm
                    TMR3H   0x000fb3       data     extern E:\c18v3.46\pic18-lt\cxx-framework\src\traditional\proc\p18f46k20.asm
                    TMR3L   0x000fb2       data     extern E:\c18v3.46\pic18-lt\cxx-framework\src\traditional\proc\p18f46k20.asm
                      TOS   0x000ffd       data     extern E:\c18v3.46\pic18-lt\cxx-framework\src\traditional\proc\p18f46k20.asm
                     TOSH   0x000ffe       data     extern E:\c18v3.46\pic18-lt\cxx-framework\src\traditional\proc\p18f46k20.asm
                     TOSL   0x000ffd       data     extern E:\c18v3.46\pic18-lt\cxx-framework\src\traditional\proc\p18f46k20.asm
                     TOSU   0x000fff       data     extern E:\c18v3.46\pic18-lt\cxx-framework\src\traditional\proc\p18f46k20.asm
                    TRISA   0x000f92       data     extern E:\c18v3.46\pic18-lt\cxx-framework\src\traditional\proc\p18f46k20.asm
                TRISAbits   0x000f92       data     extern E:\c18v3.46\pic18-lt\cxx-framework\src\traditional\proc\p18f46k20.asm
                    TRISB   0x000f93       data     extern E:\c18v3.46\pic18-lt\cxx-framework\src\traditional\proc\p18f46k20.asm
                TRISBbits   0x000f93       data     extern E:\c18v3.46\pic18-lt\cxx-framework\src\traditional\proc\p18f46k20.asm
                    TRISC   0x000f94       data     extern E:\c18v3.46\pic18-lt\cxx-framework\src\traditional\proc\p18f46k20.asm
                TRISCbits   0x000f94       data     extern E:\c18v3.46\pic18-lt\cxx-framework\src\traditional\proc\p18f46k20.asm
                    TRISD   0x000f95       data     extern E:\c18v3.46\pic18-lt\cxx-framework\src\traditional\proc\p18f46k20.asm
                TRISDbits   0x000f95       data     extern E:\c18v3.46\pic18-lt\cxx-framework\src\traditional\proc\p18f46k20.asm
                    TRISE   0x000f96       data     extern E:\c18v3.46\pic18-lt\cxx-framework\src\traditional\proc\p18f46k20.asm
                TRISEbits   0x000f96       data     extern E:\c18v3.46\pic18-lt\cxx-framework\src\traditional\proc\p18f46k20.asm
                    TXREG   0x000fad       data     extern E:\c18v3.46\pic18-lt\cxx-framework\src\traditional\proc\p18f46k20.asm
                    TXSTA   0x000fac       data     extern E:\c18v3.46\pic18-lt\cxx-framework\src\traditional\proc\p18f46k20.asm
                TXSTAbits   0x000fac       data     extern E:\c18v3.46\pic18-lt\cxx-framework\src\traditional\proc\p18f46k20.asm
                        W   0x000fe8       data     extern E:\c18v3.46\pic18-lt\cxx-framework\src\traditional\proc\p18f46k20.asm
                   WDTCON   0x000fd1       data     extern E:\c18v3.46\pic18-lt\cxx-framework\src\traditional\proc\p18f46k20.asm
               WDTCONbits   0x000fd1       data     extern E:\c18v3.46\pic18-lt\cxx-framework\src\traditional\proc\p18f46k20.asm
                     WPUB   0x000f7c       data     extern E:\c18v3.46\pic18-lt\cxx-framework\src\traditional\proc\p18f46k20.asm
                 WPUBbits   0x000f7c       data     extern E:\c18v3.46\pic18-lt\cxx-framework\src\traditional\proc\p18f46k20.asm
                     WREG   0x000fe8       data     extern E:\c18v3.46\pic18-lt\cxx-framework\src\traditional\proc\p18f46k20.asm
                 __AARGB0   0x000009       data     extern E:\c18v3.46\pic18-lt\cxx-framework\src\traditional\math\aarg.asm
                 __AARGB1   0x000008       data     extern E:\c18v3.46\pic18-lt\cxx-framework\src\traditional\math\aarg.asm
                 __AARGB2   0x000007       data     extern E:\c18v3.46\pic18-lt\cxx-framework\src\traditional\math\aarg.asm
                 __AARGB3   0x000006       data     extern E:\c18v3.46\pic18-lt\cxx-framework\src\traditional\math\aarg.asm
                 __AARGB4   0x000005       data     extern E:\c18v3.46\pic18-lt\cxx-framework\src\traditional\math\aarg.asm
                 __AARGB5   0x000004       data     extern E:\c18v3.46\pic18-lt\cxx-framework\src\traditional\math\aarg.asm
                 __AARGB6   0x000003       data     extern E:\c18v3.46\pic18-lt\cxx-framework\src\traditional\math\aarg.asm
                 __AARGB7   0x000002       data     extern E:\c18v3.46\pic18-lt\cxx-framework\src\traditional\math\aarg.asm
                   __AEXP   0x00000a       data     extern E:\c18v3.46\pic18-lt\cxx-framework\src\traditional\math\aarg.asm
                 __BARGB0   0x00000e       data     extern E:\c18v3.46\pic18-lt\cxx-framework\src\traditional\math\barg.asm
                 __BARGB1   0x00000d       data     extern E:\c18v3.46\pic18-lt\cxx-framework\src\traditional\math\barg.asm
                 __BARGB2   0x00000c       data     extern E:\c18v3.46\pic18-lt\cxx-framework\src\traditional\math\barg.asm
                 __BARGB3   0x00000b       data     extern E:\c18v3.46\pic18-lt\cxx-framework\src\traditional\math\barg.asm
                   __BEXP   0x00000f       data     extern E:\c18v3.46\pic18-lt\cxx-framework\src\traditional\math\barg.asm
                __FPFLAGS   0x000001       data     extern E:\c18v3.46\pic18-lt\cxx-framework\src\traditional\math\cmath18.asm
            __FPFLAGSbits   0x000001       data     extern E:\c18v3.46\pic18-lt\cxx-framework\src\traditional\math\cmath18.asm
                  __REMB0   0x000005       data     extern E:\c18v3.46\pic18-lt\cxx-framework\src\traditional\math\aarg.asm
                  __REMB1   0x000004       data     extern E:\c18v3.46\pic18-lt\cxx-framework\src\traditional\math\aarg.asm
                  __REMB2   0x000003       data     extern E:\c18v3.46\pic18-lt\cxx-framework\src\traditional\math\aarg.asm
                  __REMB3   0x000002       data     extern E:\c18v3.46\pic18-lt\cxx-framework\src\traditional\math\aarg.asm
                   __TEMP   0x000013       data     extern E:\c18v3.46\pic18-lt\cxx-framework\src\traditional\math\temparg.asm
                 __TEMPB0   0x000013       data     extern E:\c18v3.46\pic18-lt\cxx-framework\src\traditional\math\temparg.asm
                 __TEMPB1   0x000012       data     extern E:\c18v3.46\pic18-lt\cxx-framework\src\traditional\math\temparg.asm
                 __TEMPB2   0x000011       data     extern E:\c18v3.46\pic18-lt\cxx-framework\src\traditional\math\temparg.asm
                 __TEMPB3   0x000010       data     extern E:\c18v3.46\pic18-lt\cxx-framework\src\traditional\math\temparg.asm
                  __tmp_0   0x000014       data     static C:\Users\TienDat\Desktop\Actor\MPLAB_tutorial\10_I2C_V1\RealtimeClock\RTC.c
                  __tmp_0   0x000014       data     static C:\Users\TienDat\Desktop\Actor\MPLAB_tutorial\10_I2C_V1\RealtimeClock\lcd.c
                  __tmp_0   0x000014       data     static C:\Users\TienDat\Desktop\Actor\MPLAB_tutorial\10_I2C_V1\RealtimeClock\ds1307.c
                curr_byte   0x000f03       data     static E:\c18v3.46\pic18-lt\cxx-framework\src\traditional\startup\c018i.c
               curr_entry   0x000f05       data     static E:\c18v3.46\pic18-lt\cxx-framework\src\traditional\startup\c018i.c
                 data_ptr   0x000f07       data     static E:\c18v3.46\pic18-lt\cxx-framework\src\traditional\startup\c018i.c
                        i   0x000f0a       data     extern C:\Users\TienDat\Desktop\Actor\MPLAB_tutorial\10_I2C_V1\RealtimeClock\RTC.c
                     prom   0x000f00       data     static E:\c18v3.46\pic18-lt\cxx-framework\src\traditional\startup\c018i.c
                     temp   0x000f0b       data     extern C:\Users\TienDat\Desktop\Actor\MPLAB_tutorial\10_I2C_V1\RealtimeClock\RTC.c
                    udata   0x000f0c       data     extern C:\Users\TienDat\Desktop\Actor\MPLAB_tutorial\10_I2C_V1\RealtimeClock\RTC.c



                              Symbols - Sorted by Address
                     Name    Address   Location    Storage File                     
                ---------  ---------  ---------  --------- ---------                
                   _entry   0x000000    program     extern E:\c18v3.46\pic18-lt\cxx-framework\src\traditional\startup\c018i.c
       ___return_lbl00000   0x000004    program     static                          
                 Init_LCD   0x000008    program     extern C:\Users\TienDat\Desktop\Actor\MPLAB_tutorial\10_I2C_V1\RealtimeClock\lcd.c
                   LCD_OK   0x000052    program     extern C:\Users\TienDat\Desktop\Actor\MPLAB_tutorial\10_I2C_V1\RealtimeClock\lcd.c
                  LCD_CMD   0x000076    program     extern C:\Users\TienDat\Desktop\Actor\MPLAB_tutorial\10_I2C_V1\RealtimeClock\lcd.c
                 LCD_DATA   0x000118    program     extern C:\Users\TienDat\Desktop\Actor\MPLAB_tutorial\10_I2C_V1\RealtimeClock\lcd.c
               lcd_putstr   0x0001ba    program     extern C:\Users\TienDat\Desktop\Actor\MPLAB_tutorial\10_I2C_V1\RealtimeClock\lcd.c
               lcd_gotoxy   0x000204    program     extern C:\Users\TienDat\Desktop\Actor\MPLAB_tutorial\10_I2C_V1\RealtimeClock\lcd.c
             LCD_IN_INTER   0x000284    program     extern C:\Users\TienDat\Desktop\Actor\MPLAB_tutorial\10_I2C_V1\RealtimeClock\lcd.c
             LCD_IN_FLOAT   0x00041a    program     extern C:\Users\TienDat\Desktop\Actor\MPLAB_tutorial\10_I2C_V1\RealtimeClock\lcd.c
                     main   0x000640    program     extern C:\Users\TienDat\Desktop\Actor\MPLAB_tutorial\10_I2C_V1\RealtimeClock\RTC.c
             Display_time   0x00078e    program     extern C:\Users\TienDat\Desktop\Actor\MPLAB_tutorial\10_I2C_V1\RealtimeClock\RTC.c
              Display_day   0x0008c8    program     extern C:\Users\TienDat\Desktop\Actor\MPLAB_tutorial\10_I2C_V1\RealtimeClock\RTC.c
               i2c_config   0x000b3a    program     extern C:\Users\TienDat\Desktop\Actor\MPLAB_tutorial\10_I2C_V1\RealtimeClock\ds1307.c
          set_ds1307_time   0x000b50    program     extern C:\Users\TienDat\Desktop\Actor\MPLAB_tutorial\10_I2C_V1\RealtimeClock\ds1307.c
           set_ds1307_day   0x000bba    program     extern C:\Users\TienDat\Desktop\Actor\MPLAB_tutorial\10_I2C_V1\RealtimeClock\ds1307.c
          get_ds1307_time   0x000c1c    program     extern C:\Users\TienDat\Desktop\Actor\MPLAB_tutorial\10_I2C_V1\RealtimeClock\ds1307.c
           get_ds1307_day   0x000ca6    program     extern C:\Users\TienDat\Desktop\Actor\MPLAB_tutorial\10_I2C_V1\RealtimeClock\ds1307.c
                 decToBcd   0x000d14    program     extern C:\Users\TienDat\Desktop\Actor\MPLAB_tutorial\10_I2C_V1\RealtimeClock\ds1307.c
                 bcdToDec   0x000d72    program     extern C:\Users\TienDat\Desktop\Actor\MPLAB_tutorial\10_I2C_V1\RealtimeClock\ds1307.c
      write_i2c_to_ds1307   0x000db2    program     extern C:\Users\TienDat\Desktop\Actor\MPLAB_tutorial\10_I2C_V1\RealtimeClock\ds1307.c
     read_i2c_from_ds1307   0x000e26    program     extern C:\Users\TienDat\Desktop\Actor\MPLAB_tutorial\10_I2C_V1\RealtimeClock\ds1307.c
                    FPM32   0x000ee4    program     extern E:\c18v3.46\pic18-lt\cxx-framework\src\traditional\math\mulFP.asm
                 jANotInf   0x000f02    program     static E:\c18v3.46\pic18-lt\cxx-framework\src\traditional\math\mulFP.asm
              jBothFinite   0x000f10    program     static E:\c18v3.46\pic18-lt\cxx-framework\src\traditional\math\mulFP.asm
                jHaveZero   0x000f18    program     static E:\c18v3.46\pic18-lt\cxx-framework\src\traditional\math\mulFP.asm
             jBothNotZero   0x000f1c    program     static E:\c18v3.46\pic18-lt\cxx-framework\src\traditional\math\mulFP.asm
                 FXD1616S   0x000fbe    program     extern E:\c18v3.46\pic18-lt\cxx-framework\src\traditional\math\fxd1616s.asm
                  DA1616S   0x000fd0    program     static E:\c18v3.46\pic18-lt\cxx-framework\src\traditional\math\fxd1616s.asm
                   D1616S   0x000fe0    program     static E:\c18v3.46\pic18-lt\cxx-framework\src\traditional\math\fxd1616s.asm
                 D1616SOK   0x000fea    program     static E:\c18v3.46\pic18-lt\cxx-framework\src\traditional\math\fxd1616s.asm
                D1616SNEG   0x000fee    program     static E:\c18v3.46\pic18-lt\cxx-framework\src\traditional\math\fxd1616s.asm
                  D1616SX   0x001000    program     static E:\c18v3.46\pic18-lt\cxx-framework\src\traditional\math\fxd1616s.asm
                  INT3216   0x00100a    program     extern E:\c18v3.46\pic18-lt\cxx-framework\src\traditional\math\castFP16.asm
                     jMax   0x00101a    program     static E:\c18v3.46\pic18-lt\cxx-framework\src\traditional\math\castFP16.asm
                  jMaxPos   0x00101e    program     static E:\c18v3.46\pic18-lt\cxx-framework\src\traditional\math\castFP16.asm
                  jMaxNeg   0x001028    program     static E:\c18v3.46\pic18-lt\cxx-framework\src\traditional\math\castFP16.asm
                    jZero   0x001030    program     static E:\c18v3.46\pic18-lt\cxx-framework\src\traditional\math\castFP16.asm
                  jNotInf   0x001036    program     static E:\c18v3.46\pic18-lt\cxx-framework\src\traditional\math\castFP16.asm
                    jLoop   0x001046    program     static E:\c18v3.46\pic18-lt\cxx-framework\src\traditional\math\castFP16.asm
                jLoopExit   0x001056    program     static E:\c18v3.46\pic18-lt\cxx-framework\src\traditional\math\castFP16.asm
                    jExit   0x001066    program     static E:\c18v3.46\pic18-lt\cxx-framework\src\traditional\math\castFP16.asm
            __FpReturnNaN   0x001068    program     extern E:\c18v3.46\pic18-lt\cxx-framework\src\traditional\math\packFP.asm
                 __FpExit   0x001074    program     extern E:\c18v3.46\pic18-lt\cxx-framework\src\traditional\math\packFP.asm
        __FpReturnSignInf   0x001076    program     extern E:\c18v3.46\pic18-lt\cxx-framework\src\traditional\math\packFP.asm
         __FpReturnNegInf   0x00107a    program     extern E:\c18v3.46\pic18-lt\cxx-framework\src\traditional\math\packFP.asm
         __FpReturnPosInf   0x001080    program     extern E:\c18v3.46\pic18-lt\cxx-framework\src\traditional\math\packFP.asm
           jReturnPosInf0   0x001084    program     static E:\c18v3.46\pic18-lt\cxx-framework\src\traditional\math\packFP.asm
               jZero1and2   0x001088    program     static E:\c18v3.46\pic18-lt\cxx-framework\src\traditional\math\packFP.asm
       __FpReturnSignZero   0x00108e    program     extern E:\c18v3.46\pic18-lt\cxx-framework\src\traditional\math\packFP.asm
        __FpReturnNegZero   0x001092    program     extern E:\c18v3.46\pic18-lt\cxx-framework\src\traditional\math\packFP.asm
        __FpReturnPosZero   0x00109a    program     extern E:\c18v3.46\pic18-lt\cxx-framework\src\traditional\math\packFP.asm
                 __FpPack   0x0010a0    program     extern E:\c18v3.46\pic18-lt\cxx-framework\src\traditional\math\packFP.asm
                  jPkLoop   0x0010ae    program     static E:\c18v3.46\pic18-lt\cxx-framework\src\traditional\math\packFP.asm
             jPkShiftDone   0x0010ca    program     static E:\c18v3.46\pic18-lt\cxx-framework\src\traditional\math\packFP.asm
               jPkRoundIt   0x0010e0    program     static E:\c18v3.46\pic18-lt\cxx-framework\src\traditional\math\packFP.asm
             jPkRoundDone   0x0010f8    program     static E:\c18v3.46\pic18-lt\cxx-framework\src\traditional\math\packFP.asm
              __FpReturnW   0x0010f8    program     extern E:\c18v3.46\pic18-lt\cxx-framework\src\traditional\math\packFP.asm
              __FpUnPackA   0x001118    program     extern E:\c18v3.46\pic18-lt\cxx-framework\src\traditional\math\UnpackFP.asm
                  jUnpkA1   0x001122    program     static E:\c18v3.46\pic18-lt\cxx-framework\src\traditional\math\UnpackFP.asm
                 jUnpkANZ   0x001130    program     static E:\c18v3.46\pic18-lt\cxx-framework\src\traditional\math\UnpackFP.asm
                  jUnpkA2   0x00113a    program     static E:\c18v3.46\pic18-lt\cxx-framework\src\traditional\math\UnpackFP.asm
                 jUnpkNaN   0x001144    program     static E:\c18v3.46\pic18-lt\cxx-framework\src\traditional\math\UnpackFP.asm
              __FpUnPackB   0x001148    program     extern E:\c18v3.46\pic18-lt\cxx-framework\src\traditional\math\UnpackFP.asm
                  jUnpkB1   0x001152    program     static E:\c18v3.46\pic18-lt\cxx-framework\src\traditional\math\UnpackFP.asm
                 jUnpkBNZ   0x001160    program     static E:\c18v3.46\pic18-lt\cxx-framework\src\traditional\math\UnpackFP.asm
                  jUnpkB2   0x00116a    program     static E:\c18v3.46\pic18-lt\cxx-framework\src\traditional\math\UnpackFP.asm
                _do_cinit   0x001174    program     extern E:\c18v3.46\pic18-lt\cxx-framework\src\traditional\startup\c018i.c
                     test   0x00118e    program     static                          
                copy_loop   0x0011e6    program     static                          
            copy_one_byte   0x0011ec    program     static                          
             done_copying   0x0011fa    program     static                          
                     done   0x001210    program     static                          
       ___return_lbl00002   0x001210    program     static                          
                 WriteI2C   0x001212    program     extern E:\c18v3.46\pic18-lt\cxx-framework\src\pmc_common\i2c\i2c_writ.c
                  OpenI2C   0x001284    program     extern E:\c18v3.46\pic18-lt\cxx-framework\src\pmc_common\i2c\i2c_open.c
             Delay10KTCYx   0x0012ba    program     extern E:\c18v3.46\pic18-lt\cxx-framework\src\traditional\delays\d10ktcyx.asm
                    D10Kx   0x0012c4    program     static E:\c18v3.46\pic18-lt\cxx-framework\src\traditional\delays\d10ktcyx.asm
                   D10K_1   0x0012c6    program     static E:\c18v3.46\pic18-lt\cxx-framework\src\traditional\delays\d10ktcyx.asm
       _D10KTCYXCODE_0010   0x0012ca    program     static E:\c18v3.46\pic18-lt\cxx-framework\src\traditional\delays\d10ktcyx.asm
                    D10Kl   0x0012d2    program     static E:\c18v3.46\pic18-lt\cxx-framework\src\traditional\delays\d10ktcyx.asm
       _D10KTCYXCODE_001C   0x0012d6    program     static E:\c18v3.46\pic18-lt\cxx-framework\src\traditional\delays\d10ktcyx.asm
                 FXD1616U   0x0012e8    program     extern E:\c18v3.46\pic18-lt\cxx-framework\src\traditional\math\fxd1616u.c
                     loop   0x0012f2    program     static                          
                  endloop   0x00130e    program     static                          
       ___return_lbl00000   0x001312    program     static                          
              Delay1KTCYx   0x001314    program     extern E:\c18v3.46\pic18-lt\cxx-framework\src\traditional\delays\d1ktcyx.asm
                     D1Kx   0x00131e    program     static E:\c18v3.46\pic18-lt\cxx-framework\src\traditional\delays\d1ktcyx.asm
                    D1K_1   0x001320    program     static E:\c18v3.46\pic18-lt\cxx-framework\src\traditional\delays\d1ktcyx.asm
        _D1KTCYXCODE_0010   0x001324    program     static E:\c18v3.46\pic18-lt\cxx-framework\src\traditional\delays\d1ktcyx.asm
        _D1KTCYXCODE_0016   0x00132a    program     static E:\c18v3.46\pic18-lt\cxx-framework\src\traditional\delays\d1ktcyx.asm
            __zero_memory   0x001334    program     extern E:\c18v3.46\pic18-lt\cxx-framework\src\traditional\proc\p18f46k20.asm
                   loop_h   0x001342    program     static E:\c18v3.46\pic18-lt\cxx-framework\src\traditional\proc\p18f46k20.asm
               zero_block   0x001342    program     static E:\c18v3.46\pic18-lt\cxx-framework\src\traditional\proc\p18f46k20.asm
                compare_l   0x00134a    program     static E:\c18v3.46\pic18-lt\cxx-framework\src\traditional\proc\p18f46k20.asm
                   loop_l   0x00134c    program     static E:\c18v3.46\pic18-lt\cxx-framework\src\traditional\proc\p18f46k20.asm
                 _startup   0x001354    program     extern E:\c18v3.46\pic18-lt\cxx-framework\src\traditional\startup\c018i.c
                     loop   0x001364    program     static                          
       ___return_lbl00001   0x00136e    program     static                          
                 FXD0808U   0x001370    program     extern E:\c18v3.46\pic18-lt\cxx-framework\src\traditional\math\fxd0808u.c
                     loop   0x001378    program     static                          
                  endloop   0x001386    program     static                          
       ___return_lbl00000   0x00138a    program     static                          
                  ReadI2C   0x00138c    program     extern E:\c18v3.46\pic18-lt\cxx-framework\src\pmc_common\i2c\i2c_read.c
              Delay10TCYx   0x0013a6    program     extern E:\c18v3.46\pic18-lt\cxx-framework\src\traditional\delays\d10tcyx.asm
                     D10x   0x0013ae    program     static E:\c18v3.46\pic18-lt\cxx-framework\src\traditional\delays\d10tcyx.asm
        _D10TCYXCODE_000A   0x0013b0    program     static E:\c18v3.46\pic18-lt\cxx-framework\src\traditional\delays\d10tcyx.asm
        _D10TCYXCODE_000C   0x0013b2    program     static E:\c18v3.46\pic18-lt\cxx-framework\src\traditional\delays\d10tcyx.asm
        _D10TCYXCODE_000E   0x0013b4    program     static E:\c18v3.46\pic18-lt\cxx-framework\src\traditional\delays\d10tcyx.asm
                    D10_1   0x0013b6    program     static E:\c18v3.46\pic18-lt\cxx-framework\src\traditional\delays\d10tcyx.asm
                  IdleI2C   0x0013bc    program     extern E:\c18v3.46\pic18-lt\cxx-framework\src\pmc_common\i2c\i2c_idle.c
                   __init   0x0013ca    program     extern E:\c18v3.46\pic18-lt\cxx-framework\src\traditional\stdclib\__init.c
               __config_0   0x300001    program     static C:\Users\TienDat\Desktop\Actor\MPLAB_tutorial\10_I2C_V1\RealtimeClock\RTC.c
               __config_1   0x300002    program     static C:\Users\TienDat\Desktop\Actor\MPLAB_tutorial\10_I2C_V1\RealtimeClock\RTC.c
               __config_2   0x300003    program     static C:\Users\TienDat\Desktop\Actor\MPLAB_tutorial\10_I2C_V1\RealtimeClock\RTC.c
               __config_3   0x300005    program     static C:\Users\TienDat\Desktop\Actor\MPLAB_tutorial\10_I2C_V1\RealtimeClock\RTC.c
               __config_4   0x300006    program     static C:\Users\TienDat\Desktop\Actor\MPLAB_tutorial\10_I2C_V1\RealtimeClock\RTC.c
                     SIGN   0x000000       data     extern E:\c18v3.46\pic18-lt\cxx-framework\src\traditional\math\cmath18.asm
                __FPFLAGS   0x000001       data     extern E:\c18v3.46\pic18-lt\cxx-framework\src\traditional\math\cmath18.asm
            __FPFLAGSbits   0x000001       data     extern E:\c18v3.46\pic18-lt\cxx-framework\src\traditional\math\cmath18.asm
                 __AARGB7   0x000002       data     extern E:\c18v3.46\pic18-lt\cxx-framework\src\traditional\math\aarg.asm
                  __REMB3   0x000002       data     extern E:\c18v3.46\pic18-lt\cxx-framework\src\traditional\math\aarg.asm
                 __AARGB6   0x000003       data     extern E:\c18v3.46\pic18-lt\cxx-framework\src\traditional\math\aarg.asm
                  __REMB2   0x000003       data     extern E:\c18v3.46\pic18-lt\cxx-framework\src\traditional\math\aarg.asm
                 __AARGB5   0x000004       data     extern E:\c18v3.46\pic18-lt\cxx-framework\src\traditional\math\aarg.asm
                  __REMB1   0x000004       data     extern E:\c18v3.46\pic18-lt\cxx-framework\src\traditional\math\aarg.asm
                 __AARGB4   0x000005       data     extern E:\c18v3.46\pic18-lt\cxx-framework\src\traditional\math\aarg.asm
                  __REMB0   0x000005       data     extern E:\c18v3.46\pic18-lt\cxx-framework\src\traditional\math\aarg.asm
                 __AARGB3   0x000006       data     extern E:\c18v3.46\pic18-lt\cxx-framework\src\traditional\math\aarg.asm
                 __AARGB2   0x000007       data     extern E:\c18v3.46\pic18-lt\cxx-framework\src\traditional\math\aarg.asm
                 __AARGB1   0x000008       data     extern E:\c18v3.46\pic18-lt\cxx-framework\src\traditional\math\aarg.asm
                 __AARGB0   0x000009       data     extern E:\c18v3.46\pic18-lt\cxx-framework\src\traditional\math\aarg.asm
                   __AEXP   0x00000a       data     extern E:\c18v3.46\pic18-lt\cxx-framework\src\traditional\math\aarg.asm
                 __BARGB3   0x00000b       data     extern E:\c18v3.46\pic18-lt\cxx-framework\src\traditional\math\barg.asm
                 __BARGB2   0x00000c       data     extern E:\c18v3.46\pic18-lt\cxx-framework\src\traditional\math\barg.asm
                 __BARGB1   0x00000d       data     extern E:\c18v3.46\pic18-lt\cxx-framework\src\traditional\math\barg.asm
                 __BARGB0   0x00000e       data     extern E:\c18v3.46\pic18-lt\cxx-framework\src\traditional\math\barg.asm
                   __BEXP   0x00000f       data     extern E:\c18v3.46\pic18-lt\cxx-framework\src\traditional\math\barg.asm
                 __TEMPB3   0x000010       data     extern E:\c18v3.46\pic18-lt\cxx-framework\src\traditional\math\temparg.asm
                 __TEMPB2   0x000011       data     extern E:\c18v3.46\pic18-lt\cxx-framework\src\traditional\math\temparg.asm
                 __TEMPB1   0x000012       data     extern E:\c18v3.46\pic18-lt\cxx-framework\src\traditional\math\temparg.asm
                   __TEMP   0x000013       data     extern E:\c18v3.46\pic18-lt\cxx-framework\src\traditional\math\temparg.asm
                 __TEMPB0   0x000013       data     extern E:\c18v3.46\pic18-lt\cxx-framework\src\traditional\math\temparg.asm
                  __tmp_0   0x000014       data     static C:\Users\TienDat\Desktop\Actor\MPLAB_tutorial\10_I2C_V1\RealtimeClock\lcd.c
                  __tmp_0   0x000014       data     static C:\Users\TienDat\Desktop\Actor\MPLAB_tutorial\10_I2C_V1\RealtimeClock\ds1307.c
                  __tmp_0   0x000014       data     static C:\Users\TienDat\Desktop\Actor\MPLAB_tutorial\10_I2C_V1\RealtimeClock\RTC.c
            DelayCounter2   0x000018       data     extern E:\c18v3.46\pic18-lt\cxx-framework\src\traditional\delays\delayd2.asm
            DelayCounter1   0x000019       data     extern E:\c18v3.46\pic18-lt\cxx-framework\src\traditional\delays\delayd1.asm
                     prom   0x000f00       data     static E:\c18v3.46\pic18-lt\cxx-framework\src\traditional\startup\c018i.c
                curr_byte   0x000f03       data     static E:\c18v3.46\pic18-lt\cxx-framework\src\traditional\startup\c018i.c
               curr_entry   0x000f05       data     static E:\c18v3.46\pic18-lt\cxx-framework\src\traditional\startup\c018i.c
                 data_ptr   0x000f07       data     static E:\c18v3.46\pic18-lt\cxx-framework\src\traditional\startup\c018i.c
                        i   0x000f0a       data     extern C:\Users\TienDat\Desktop\Actor\MPLAB_tutorial\10_I2C_V1\RealtimeClock\RTC.c
                     temp   0x000f0b       data     extern C:\Users\TienDat\Desktop\Actor\MPLAB_tutorial\10_I2C_V1\RealtimeClock\RTC.c
                    udata   0x000f0c       data     extern C:\Users\TienDat\Desktop\Actor\MPLAB_tutorial\10_I2C_V1\RealtimeClock\RTC.c
               SSPMSKbits   0x000f77       data     extern E:\c18v3.46\pic18-lt\cxx-framework\src\traditional\proc\p18f46k20.asm
                   SSPMSK   0x000f77       data     extern E:\c18v3.46\pic18-lt\cxx-framework\src\traditional\proc\p18f46k20.asm
                   SLRCON   0x000f78       data     extern E:\c18v3.46\pic18-lt\cxx-framework\src\traditional\proc\p18f46k20.asm
               SLRCONbits   0x000f78       data     extern E:\c18v3.46\pic18-lt\cxx-framework\src\traditional\proc\p18f46k20.asm
              CM2CON1bits   0x000f79       data     extern E:\c18v3.46\pic18-lt\cxx-framework\src\traditional\proc\p18f46k20.asm
                  CM2CON1   0x000f79       data     extern E:\c18v3.46\pic18-lt\cxx-framework\src\traditional\proc\p18f46k20.asm
              CM2CON0bits   0x000f7a       data     extern E:\c18v3.46\pic18-lt\cxx-framework\src\traditional\proc\p18f46k20.asm
                  CM2CON0   0x000f7a       data     extern E:\c18v3.46\pic18-lt\cxx-framework\src\traditional\proc\p18f46k20.asm
              CM1CON0bits   0x000f7b       data     extern E:\c18v3.46\pic18-lt\cxx-framework\src\traditional\proc\p18f46k20.asm
                  CM1CON0   0x000f7b       data     extern E:\c18v3.46\pic18-lt\cxx-framework\src\traditional\proc\p18f46k20.asm
                 WPUBbits   0x000f7c       data     extern E:\c18v3.46\pic18-lt\cxx-framework\src\traditional\proc\p18f46k20.asm
                     WPUB   0x000f7c       data     extern E:\c18v3.46\pic18-lt\cxx-framework\src\traditional\proc\p18f46k20.asm
                     IOCB   0x000f7d       data     extern E:\c18v3.46\pic18-lt\cxx-framework\src\traditional\proc\p18f46k20.asm
                 IOCBbits   0x000f7d       data     extern E:\c18v3.46\pic18-lt\cxx-framework\src\traditional\proc\p18f46k20.asm
                    ANSEL   0x000f7e       data     extern E:\c18v3.46\pic18-lt\cxx-framework\src\traditional\proc\p18f46k20.asm
                ANSELbits   0x000f7e       data     extern E:\c18v3.46\pic18-lt\cxx-framework\src\traditional\proc\p18f46k20.asm
                   ANSELH   0x000f7f       data     extern E:\c18v3.46\pic18-lt\cxx-framework\src\traditional\proc\p18f46k20.asm
               ANSELHbits   0x000f7f       data     extern E:\c18v3.46\pic18-lt\cxx-framework\src\traditional\proc\p18f46k20.asm
                PORTAbits   0x000f80       data     extern E:\c18v3.46\pic18-lt\cxx-framework\src\traditional\proc\p18f46k20.asm
                    PORTA   0x000f80       data     extern E:\c18v3.46\pic18-lt\cxx-framework\src\traditional\proc\p18f46k20.asm
                PORTBbits   0x000f81       data     extern E:\c18v3.46\pic18-lt\cxx-framework\src\traditional\proc\p18f46k20.asm
                    PORTB   0x000f81       data     extern E:\c18v3.46\pic18-lt\cxx-framework\src\traditional\proc\p18f46k20.asm
                PORTCbits   0x000f82       data     extern E:\c18v3.46\pic18-lt\cxx-framework\src\traditional\proc\p18f46k20.asm
                    PORTC   0x000f82       data     extern E:\c18v3.46\pic18-lt\cxx-framework\src\traditional\proc\p18f46k20.asm
                PORTDbits   0x000f83       data     extern E:\c18v3.46\pic18-lt\cxx-framework\src\traditional\proc\p18f46k20.asm
                    PORTD   0x000f83       data     extern E:\c18v3.46\pic18-lt\cxx-framework\src\traditional\proc\p18f46k20.asm
                PORTEbits   0x000f84       data     extern E:\c18v3.46\pic18-lt\cxx-framework\src\traditional\proc\p18f46k20.asm
                    PORTE   0x000f84       data     extern E:\c18v3.46\pic18-lt\cxx-framework\src\traditional\proc\p18f46k20.asm
                     LATA   0x000f89       data     extern E:\c18v3.46\pic18-lt\cxx-framework\src\traditional\proc\p18f46k20.asm
                 LATAbits   0x000f89       data     extern E:\c18v3.46\pic18-lt\cxx-framework\src\traditional\proc\p18f46k20.asm
                     LATB   0x000f8a       data     extern E:\c18v3.46\pic18-lt\cxx-framework\src\traditional\proc\p18f46k20.asm
                 LATBbits   0x000f8a       data     extern E:\c18v3.46\pic18-lt\cxx-framework\src\traditional\proc\p18f46k20.asm
                     LATC   0x000f8b       data     extern E:\c18v3.46\pic18-lt\cxx-framework\src\traditional\proc\p18f46k20.asm
                 LATCbits   0x000f8b       data     extern E:\c18v3.46\pic18-lt\cxx-framework\src\traditional\proc\p18f46k20.asm
                     LATD   0x000f8c       data     extern E:\c18v3.46\pic18-lt\cxx-framework\src\traditional\proc\p18f46k20.asm
                 LATDbits   0x000f8c       data     extern E:\c18v3.46\pic18-lt\cxx-framework\src\traditional\proc\p18f46k20.asm
                 LATEbits   0x000f8d       data     extern E:\c18v3.46\pic18-lt\cxx-framework\src\traditional\proc\p18f46k20.asm
                     LATE   0x000f8d       data     extern E:\c18v3.46\pic18-lt\cxx-framework\src\traditional\proc\p18f46k20.asm
                     DDRA   0x000f92       data     extern E:\c18v3.46\pic18-lt\cxx-framework\src\traditional\proc\p18f46k20.asm
                 DDRAbits   0x000f92       data     extern E:\c18v3.46\pic18-lt\cxx-framework\src\traditional\proc\p18f46k20.asm
                TRISAbits   0x000f92       data     extern E:\c18v3.46\pic18-lt\cxx-framework\src\traditional\proc\p18f46k20.asm
                    TRISA   0x000f92       data     extern E:\c18v3.46\pic18-lt\cxx-framework\src\traditional\proc\p18f46k20.asm
                TRISBbits   0x000f93       data     extern E:\c18v3.46\pic18-lt\cxx-framework\src\traditional\proc\p18f46k20.asm
                     DDRB   0x000f93       data     extern E:\c18v3.46\pic18-lt\cxx-framework\src\traditional\proc\p18f46k20.asm
                 DDRBbits   0x000f93       data     extern E:\c18v3.46\pic18-lt\cxx-framework\src\traditional\proc\p18f46k20.asm
                    TRISB   0x000f93       data     extern E:\c18v3.46\pic18-lt\cxx-framework\src\traditional\proc\p18f46k20.asm
                TRISCbits   0x000f94       data     extern E:\c18v3.46\pic18-lt\cxx-framework\src\traditional\proc\p18f46k20.asm
                    TRISC   0x000f94       data     extern E:\c18v3.46\pic18-lt\cxx-framework\src\traditional\proc\p18f46k20.asm
                 DDRCbits   0x000f94       data     extern E:\c18v3.46\pic18-lt\cxx-framework\src\traditional\proc\p18f46k20.asm
                     DDRC   0x000f94       data     extern E:\c18v3.46\pic18-lt\cxx-framework\src\traditional\proc\p18f46k20.asm
                TRISDbits   0x000f95       data     extern E:\c18v3.46\pic18-lt\cxx-framework\src\traditional\proc\p18f46k20.asm
                    TRISD   0x000f95       data     extern E:\c18v3.46\pic18-lt\cxx-framework\src\traditional\proc\p18f46k20.asm
                 DDRDbits   0x000f95       data     extern E:\c18v3.46\pic18-lt\cxx-framework\src\traditional\proc\p18f46k20.asm
                     DDRD   0x000f95       data     extern E:\c18v3.46\pic18-lt\cxx-framework\src\traditional\proc\p18f46k20.asm
                    TRISE   0x000f96       data     extern E:\c18v3.46\pic18-lt\cxx-framework\src\traditional\proc\p18f46k20.asm
                TRISEbits   0x000f96       data     extern E:\c18v3.46\pic18-lt\cxx-framework\src\traditional\proc\p18f46k20.asm
                     DDRE   0x000f96       data     extern E:\c18v3.46\pic18-lt\cxx-framework\src\traditional\proc\p18f46k20.asm
                 DDREbits   0x000f96       data     extern E:\c18v3.46\pic18-lt\cxx-framework\src\traditional\proc\p18f46k20.asm
                  OSCTUNE   0x000f9b       data     extern E:\c18v3.46\pic18-lt\cxx-framework\src\traditional\proc\p18f46k20.asm
              OSCTUNEbits   0x000f9b       data     extern E:\c18v3.46\pic18-lt\cxx-framework\src\traditional\proc\p18f46k20.asm
                     PIE1   0x000f9d       data     extern E:\c18v3.46\pic18-lt\cxx-framework\src\traditional\proc\p18f46k20.asm
                 PIE1bits   0x000f9d       data     extern E:\c18v3.46\pic18-lt\cxx-framework\src\traditional\proc\p18f46k20.asm
                 PIR1bits   0x000f9e       data     extern E:\c18v3.46\pic18-lt\cxx-framework\src\traditional\proc\p18f46k20.asm
                     PIR1   0x000f9e       data     extern E:\c18v3.46\pic18-lt\cxx-framework\src\traditional\proc\p18f46k20.asm
                 IPR1bits   0x000f9f       data     extern E:\c18v3.46\pic18-lt\cxx-framework\src\traditional\proc\p18f46k20.asm
                     IPR1   0x000f9f       data     extern E:\c18v3.46\pic18-lt\cxx-framework\src\traditional\proc\p18f46k20.asm
                 PIE2bits   0x000fa0       data     extern E:\c18v3.46\pic18-lt\cxx-framework\src\traditional\proc\p18f46k20.asm
                     PIE2   0x000fa0       data     extern E:\c18v3.46\pic18-lt\cxx-framework\src\traditional\proc\p18f46k20.asm
                 PIR2bits   0x000fa1       data     extern E:\c18v3.46\pic18-lt\cxx-framework\src\traditional\proc\p18f46k20.asm
                     PIR2   0x000fa1       data     extern E:\c18v3.46\pic18-lt\cxx-framework\src\traditional\proc\p18f46k20.asm
                     IPR2   0x000fa2       data     extern E:\c18v3.46\pic18-lt\cxx-framework\src\traditional\proc\p18f46k20.asm
                 IPR2bits   0x000fa2       data     extern E:\c18v3.46\pic18-lt\cxx-framework\src\traditional\proc\p18f46k20.asm
                   EECON1   0x000fa6       data     extern E:\c18v3.46\pic18-lt\cxx-framework\src\traditional\proc\p18f46k20.asm
               EECON1bits   0x000fa6       data     extern E:\c18v3.46\pic18-lt\cxx-framework\src\traditional\proc\p18f46k20.asm
                   EECON2   0x000fa7       data     extern E:\c18v3.46\pic18-lt\cxx-framework\src\traditional\proc\p18f46k20.asm
                   EEDATA   0x000fa8       data     extern E:\c18v3.46\pic18-lt\cxx-framework\src\traditional\proc\p18f46k20.asm
                EEADRbits   0x000fa9       data     extern E:\c18v3.46\pic18-lt\cxx-framework\src\traditional\proc\p18f46k20.asm
                    EEADR   0x000fa9       data     extern E:\c18v3.46\pic18-lt\cxx-framework\src\traditional\proc\p18f46k20.asm
               EEADRHbits   0x000faa       data     extern E:\c18v3.46\pic18-lt\cxx-framework\src\traditional\proc\p18f46k20.asm
                   EEADRH   0x000faa       data     extern E:\c18v3.46\pic18-lt\cxx-framework\src\traditional\proc\p18f46k20.asm
                RCSTAbits   0x000fab       data     extern E:\c18v3.46\pic18-lt\cxx-framework\src\traditional\proc\p18f46k20.asm
                    RCSTA   0x000fab       data     extern E:\c18v3.46\pic18-lt\cxx-framework\src\traditional\proc\p18f46k20.asm
                    TXSTA   0x000fac       data     extern E:\c18v3.46\pic18-lt\cxx-framework\src\traditional\proc\p18f46k20.asm
                TXSTAbits   0x000fac       data     extern E:\c18v3.46\pic18-lt\cxx-framework\src\traditional\proc\p18f46k20.asm
                    TXREG   0x000fad       data     extern E:\c18v3.46\pic18-lt\cxx-framework\src\traditional\proc\p18f46k20.asm
                    RCREG   0x000fae       data     extern E:\c18v3.46\pic18-lt\cxx-framework\src\traditional\proc\p18f46k20.asm
                    SPBRG   0x000faf       data     extern E:\c18v3.46\pic18-lt\cxx-framework\src\traditional\proc\p18f46k20.asm
                   SPBRGH   0x000fb0       data     extern E:\c18v3.46\pic18-lt\cxx-framework\src\traditional\proc\p18f46k20.asm
                T3CONbits   0x000fb1       data     extern E:\c18v3.46\pic18-lt\cxx-framework\src\traditional\proc\p18f46k20.asm
                    T3CON   0x000fb1       data     extern E:\c18v3.46\pic18-lt\cxx-framework\src\traditional\proc\p18f46k20.asm
                    TMR3L   0x000fb2       data     extern E:\c18v3.46\pic18-lt\cxx-framework\src\traditional\proc\p18f46k20.asm
                    TMR3H   0x000fb3       data     extern E:\c18v3.46\pic18-lt\cxx-framework\src\traditional\proc\p18f46k20.asm
              CVRCON2bits   0x000fb4       data     extern E:\c18v3.46\pic18-lt\cxx-framework\src\traditional\proc\p18f46k20.asm
                  CVRCON2   0x000fb4       data     extern E:\c18v3.46\pic18-lt\cxx-framework\src\traditional\proc\p18f46k20.asm
               CVRCONbits   0x000fb5       data     extern E:\c18v3.46\pic18-lt\cxx-framework\src\traditional\proc\p18f46k20.asm
                   CVRCON   0x000fb5       data     extern E:\c18v3.46\pic18-lt\cxx-framework\src\traditional\proc\p18f46k20.asm
                  ECCP1AS   0x000fb6       data     extern E:\c18v3.46\pic18-lt\cxx-framework\src\traditional\proc\p18f46k20.asm
              ECCP1ASbits   0x000fb6       data     extern E:\c18v3.46\pic18-lt\cxx-framework\src\traditional\proc\p18f46k20.asm
              PWM1CONbits   0x000fb7       data     extern E:\c18v3.46\pic18-lt\cxx-framework\src\traditional\proc\p18f46k20.asm
                  PWM1CON   0x000fb7       data     extern E:\c18v3.46\pic18-lt\cxx-framework\src\traditional\proc\p18f46k20.asm
                  BAUDCON   0x000fb8       data     extern E:\c18v3.46\pic18-lt\cxx-framework\src\traditional\proc\p18f46k20.asm
              BAUDCONbits   0x000fb8       data     extern E:\c18v3.46\pic18-lt\cxx-framework\src\traditional\proc\p18f46k20.asm
                  BAUDCTL   0x000fb8       data     extern E:\c18v3.46\pic18-lt\cxx-framework\src\traditional\proc\p18f46k20.asm
              BAUDCTLbits   0x000fb8       data     extern E:\c18v3.46\pic18-lt\cxx-framework\src\traditional\proc\p18f46k20.asm
              PSTRCONbits   0x000fb9       data     extern E:\c18v3.46\pic18-lt\cxx-framework\src\traditional\proc\p18f46k20.asm
                  PSTRCON   0x000fb9       data     extern E:\c18v3.46\pic18-lt\cxx-framework\src\traditional\proc\p18f46k20.asm
                  CCP2CON   0x000fba       data     extern E:\c18v3.46\pic18-lt\cxx-framework\src\traditional\proc\p18f46k20.asm
              CCP2CONbits   0x000fba       data     extern E:\c18v3.46\pic18-lt\cxx-framework\src\traditional\proc\p18f46k20.asm
                    CCPR2   0x000fbb       data     extern E:\c18v3.46\pic18-lt\cxx-framework\src\traditional\proc\p18f46k20.asm
                   CCPR2L   0x000fbb       data     extern E:\c18v3.46\pic18-lt\cxx-framework\src\traditional\proc\p18f46k20.asm
                   CCPR2H   0x000fbc       data     extern E:\c18v3.46\pic18-lt\cxx-framework\src\traditional\proc\p18f46k20.asm
                  CCP1CON   0x000fbd       data     extern E:\c18v3.46\pic18-lt\cxx-framework\src\traditional\proc\p18f46k20.asm
              CCP1CONbits   0x000fbd       data     extern E:\c18v3.46\pic18-lt\cxx-framework\src\traditional\proc\p18f46k20.asm
                    CCPR1   0x000fbe       data     extern E:\c18v3.46\pic18-lt\cxx-framework\src\traditional\proc\p18f46k20.asm
                   CCPR1L   0x000fbe       data     extern E:\c18v3.46\pic18-lt\cxx-framework\src\traditional\proc\p18f46k20.asm
                   CCPR1H   0x000fbf       data     extern E:\c18v3.46\pic18-lt\cxx-framework\src\traditional\proc\p18f46k20.asm
               ADCON2bits   0x000fc0       data     extern E:\c18v3.46\pic18-lt\cxx-framework\src\traditional\proc\p18f46k20.asm
                   ADCON2   0x000fc0       data     extern E:\c18v3.46\pic18-lt\cxx-framework\src\traditional\proc\p18f46k20.asm
                   ADCON1   0x000fc1       data     extern E:\c18v3.46\pic18-lt\cxx-framework\src\traditional\proc\p18f46k20.asm
               ADCON1bits   0x000fc1       data     extern E:\c18v3.46\pic18-lt\cxx-framework\src\traditional\proc\p18f46k20.asm
                   ADCON0   0x000fc2       data     extern E:\c18v3.46\pic18-lt\cxx-framework\src\traditional\proc\p18f46k20.asm
               ADCON0bits   0x000fc2       data     extern E:\c18v3.46\pic18-lt\cxx-framework\src\traditional\proc\p18f46k20.asm
                    ADRES   0x000fc3       data     extern E:\c18v3.46\pic18-lt\cxx-framework\src\traditional\proc\p18f46k20.asm
                   ADRESL   0x000fc3       data     extern E:\c18v3.46\pic18-lt\cxx-framework\src\traditional\proc\p18f46k20.asm
                   ADRESH   0x000fc4       data     extern E:\c18v3.46\pic18-lt\cxx-framework\src\traditional\proc\p18f46k20.asm
              SSPCON2bits   0x000fc5       data     extern E:\c18v3.46\pic18-lt\cxx-framework\src\traditional\proc\p18f46k20.asm
                  SSPCON2   0x000fc5       data     extern E:\c18v3.46\pic18-lt\cxx-framework\src\traditional\proc\p18f46k20.asm
              SSPCON1bits   0x000fc6       data     extern E:\c18v3.46\pic18-lt\cxx-framework\src\traditional\proc\p18f46k20.asm
                  SSPCON1   0x000fc6       data     extern E:\c18v3.46\pic18-lt\cxx-framework\src\traditional\proc\p18f46k20.asm
                  SSPSTAT   0x000fc7       data     extern E:\c18v3.46\pic18-lt\cxx-framework\src\traditional\proc\p18f46k20.asm
              SSPSTATbits   0x000fc7       data     extern E:\c18v3.46\pic18-lt\cxx-framework\src\traditional\proc\p18f46k20.asm
                   SSPADD   0x000fc8       data     extern E:\c18v3.46\pic18-lt\cxx-framework\src\traditional\proc\p18f46k20.asm
                   SSPBUF   0x000fc9       data     extern E:\c18v3.46\pic18-lt\cxx-framework\src\traditional\proc\p18f46k20.asm
                    T2CON   0x000fca       data     extern E:\c18v3.46\pic18-lt\cxx-framework\src\traditional\proc\p18f46k20.asm
                T2CONbits   0x000fca       data     extern E:\c18v3.46\pic18-lt\cxx-framework\src\traditional\proc\p18f46k20.asm
                      PR2   0x000fcb       data     extern E:\c18v3.46\pic18-lt\cxx-framework\src\traditional\proc\p18f46k20.asm
                     TMR2   0x000fcc       data     extern E:\c18v3.46\pic18-lt\cxx-framework\src\traditional\proc\p18f46k20.asm
                    T1CON   0x000fcd       data     extern E:\c18v3.46\pic18-lt\cxx-framework\src\traditional\proc\p18f46k20.asm
                T1CONbits   0x000fcd       data     extern E:\c18v3.46\pic18-lt\cxx-framework\src\traditional\proc\p18f46k20.asm
                    TMR1L   0x000fce       data     extern E:\c18v3.46\pic18-lt\cxx-framework\src\traditional\proc\p18f46k20.asm
                    TMR1H   0x000fcf       data     extern E:\c18v3.46\pic18-lt\cxx-framework\src\traditional\proc\p18f46k20.asm
                     RCON   0x000fd0       data     extern E:\c18v3.46\pic18-lt\cxx-framework\src\traditional\proc\p18f46k20.asm
                 RCONbits   0x000fd0       data     extern E:\c18v3.46\pic18-lt\cxx-framework\src\traditional\proc\p18f46k20.asm
                   WDTCON   0x000fd1       data     extern E:\c18v3.46\pic18-lt\cxx-framework\src\traditional\proc\p18f46k20.asm
               WDTCONbits   0x000fd1       data     extern E:\c18v3.46\pic18-lt\cxx-framework\src\traditional\proc\p18f46k20.asm
                  HLVDCON   0x000fd2       data     extern E:\c18v3.46\pic18-lt\cxx-framework\src\traditional\proc\p18f46k20.asm
              HLVDCONbits   0x000fd2       data     extern E:\c18v3.46\pic18-lt\cxx-framework\src\traditional\proc\p18f46k20.asm
               LVDCONbits   0x000fd2       data     extern E:\c18v3.46\pic18-lt\cxx-framework\src\traditional\proc\p18f46k20.asm
                   LVDCON   0x000fd2       data     extern E:\c18v3.46\pic18-lt\cxx-framework\src\traditional\proc\p18f46k20.asm
               OSCCONbits   0x000fd3       data     extern E:\c18v3.46\pic18-lt\cxx-framework\src\traditional\proc\p18f46k20.asm
                   OSCCON   0x000fd3       data     extern E:\c18v3.46\pic18-lt\cxx-framework\src\traditional\proc\p18f46k20.asm
                T0CONbits   0x000fd5       data     extern E:\c18v3.46\pic18-lt\cxx-framework\src\traditional\proc\p18f46k20.asm
                    T0CON   0x000fd5       data     extern E:\c18v3.46\pic18-lt\cxx-framework\src\traditional\proc\p18f46k20.asm
                    TMR0L   0x000fd6       data     extern E:\c18v3.46\pic18-lt\cxx-framework\src\traditional\proc\p18f46k20.asm
                    TMR0H   0x000fd7       data     extern E:\c18v3.46\pic18-lt\cxx-framework\src\traditional\proc\p18f46k20.asm
               STATUSbits   0x000fd8       data     extern E:\c18v3.46\pic18-lt\cxx-framework\src\traditional\proc\p18f46k20.asm
                   STATUS   0x000fd8       data     extern E:\c18v3.46\pic18-lt\cxx-framework\src\traditional\proc\p18f46k20.asm
                     FSR2   0x000fd9       data     extern E:\c18v3.46\pic18-lt\cxx-framework\src\traditional\proc\p18f46k20.asm
                    FSR2L   0x000fd9       data     extern E:\c18v3.46\pic18-lt\cxx-framework\src\traditional\proc\p18f46k20.asm
                    FSR2H   0x000fda       data     extern E:\c18v3.46\pic18-lt\cxx-framework\src\traditional\proc\p18f46k20.asm
                   PLUSW2   0x000fdb       data     extern E:\c18v3.46\pic18-lt\cxx-framework\src\traditional\proc\p18f46k20.asm
                  PREINC2   0x000fdc       data     extern E:\c18v3.46\pic18-lt\cxx-framework\src\traditional\proc\p18f46k20.asm
                 POSTDEC2   0x000fdd       data     extern E:\c18v3.46\pic18-lt\cxx-framework\src\traditional\proc\p18f46k20.asm
                 POSTINC2   0x000fde       data     extern E:\c18v3.46\pic18-lt\cxx-framework\src\traditional\proc\p18f46k20.asm
                    INDF2   0x000fdf       data     extern E:\c18v3.46\pic18-lt\cxx-framework\src\traditional\proc\p18f46k20.asm
                      BSR   0x000fe0       data     extern E:\c18v3.46\pic18-lt\cxx-framework\src\traditional\proc\p18f46k20.asm
                     FSR1   0x000fe1       data     extern E:\c18v3.46\pic18-lt\cxx-framework\src\traditional\proc\p18f46k20.asm
                    FSR1L   0x000fe1       data     extern E:\c18v3.46\pic18-lt\cxx-framework\src\traditional\proc\p18f46k20.asm
                    FSR1H   0x000fe2       data     extern E:\c18v3.46\pic18-lt\cxx-framework\src\traditional\proc\p18f46k20.asm
                   PLUSW1   0x000fe3       data     extern E:\c18v3.46\pic18-lt\cxx-framework\src\traditional\proc\p18f46k20.asm
                  PREINC1   0x000fe4       data     extern E:\c18v3.46\pic18-lt\cxx-framework\src\traditional\proc\p18f46k20.asm
                 POSTDEC1   0x000fe5       data     extern E:\c18v3.46\pic18-lt\cxx-framework\src\traditional\proc\p18f46k20.asm
                 POSTINC1   0x000fe6       data     extern E:\c18v3.46\pic18-lt\cxx-framework\src\traditional\proc\p18f46k20.asm
                    INDF1   0x000fe7       data     extern E:\c18v3.46\pic18-lt\cxx-framework\src\traditional\proc\p18f46k20.asm
                        W   0x000fe8       data     extern E:\c18v3.46\pic18-lt\cxx-framework\src\traditional\proc\p18f46k20.asm
                     WREG   0x000fe8       data     extern E:\c18v3.46\pic18-lt\cxx-framework\src\traditional\proc\p18f46k20.asm
                    FSR0L   0x000fe9       data     extern E:\c18v3.46\pic18-lt\cxx-framework\src\traditional\proc\p18f46k20.asm
                     FSR0   0x000fe9       data     extern E:\c18v3.46\pic18-lt\cxx-framework\src\traditional\proc\p18f46k20.asm
                    FSR0H   0x000fea       data     extern E:\c18v3.46\pic18-lt\cxx-framework\src\traditional\proc\p18f46k20.asm
                   PLUSW0   0x000feb       data     extern E:\c18v3.46\pic18-lt\cxx-framework\src\traditional\proc\p18f46k20.asm
                  PREINC0   0x000fec       data     extern E:\c18v3.46\pic18-lt\cxx-framework\src\traditional\proc\p18f46k20.asm
                 POSTDEC0   0x000fed       data     extern E:\c18v3.46\pic18-lt\cxx-framework\src\traditional\proc\p18f46k20.asm
                 POSTINC0   0x000fee       data     extern E:\c18v3.46\pic18-lt\cxx-framework\src\traditional\proc\p18f46k20.asm
                    INDF0   0x000fef       data     extern E:\c18v3.46\pic18-lt\cxx-framework\src\traditional\proc\p18f46k20.asm
                  INTCON3   0x000ff0       data     extern E:\c18v3.46\pic18-lt\cxx-framework\src\traditional\proc\p18f46k20.asm
              INTCON3bits   0x000ff0       data     extern E:\c18v3.46\pic18-lt\cxx-framework\src\traditional\proc\p18f46k20.asm
                  INTCON2   0x000ff1       data     extern E:\c18v3.46\pic18-lt\cxx-framework\src\traditional\proc\p18f46k20.asm
              INTCON2bits   0x000ff1       data     extern E:\c18v3.46\pic18-lt\cxx-framework\src\traditional\proc\p18f46k20.asm
               INTCONbits   0x000ff2       data     extern E:\c18v3.46\pic18-lt\cxx-framework\src\traditional\proc\p18f46k20.asm
                   INTCON   0x000ff2       data     extern E:\c18v3.46\pic18-lt\cxx-framework\src\traditional\proc\p18f46k20.asm
                    PRODL   0x000ff3       data     extern E:\c18v3.46\pic18-lt\cxx-framework\src\traditional\proc\p18f46k20.asm
                     PROD   0x000ff3       data     extern E:\c18v3.46\pic18-lt\cxx-framework\src\traditional\proc\p18f46k20.asm
                    PRODH   0x000ff4       data     extern E:\c18v3.46\pic18-lt\cxx-framework\src\traditional\proc\p18f46k20.asm
                   TABLAT   0x000ff5       data     extern E:\c18v3.46\pic18-lt\cxx-framework\src\traditional\proc\p18f46k20.asm
                  TBLPTRL   0x000ff6       data     extern E:\c18v3.46\pic18-lt\cxx-framework\src\traditional\proc\p18f46k20.asm
                   TBLPTR   0x000ff6       data     extern E:\c18v3.46\pic18-lt\cxx-framework\src\traditional\proc\p18f46k20.asm
                  TBLPTRH   0x000ff7       data     extern E:\c18v3.46\pic18-lt\cxx-framework\src\traditional\proc\p18f46k20.asm
                  TBLPTRU   0x000ff8       data     extern E:\c18v3.46\pic18-lt\cxx-framework\src\traditional\proc\p18f46k20.asm
                       PC   0x000ff9       data     extern E:\c18v3.46\pic18-lt\cxx-framework\src\traditional\proc\p18f46k20.asm
                      PCL   0x000ff9       data     extern E:\c18v3.46\pic18-lt\cxx-framework\src\traditional\proc\p18f46k20.asm
                   PCLATH   0x000ffa       data     extern E:\c18v3.46\pic18-lt\cxx-framework\src\traditional\proc\p18f46k20.asm
                   PCLATU   0x000ffb       data     extern E:\c18v3.46\pic18-lt\cxx-framework\src\traditional\proc\p18f46k20.asm
                   STKPTR   0x000ffc       data     extern E:\c18v3.46\pic18-lt\cxx-framework\src\traditional\proc\p18f46k20.asm
               STKPTRbits   0x000ffc       data     extern E:\c18v3.46\pic18-lt\cxx-framework\src\traditional\proc\p18f46k20.asm
                     TOSL   0x000ffd       data     extern E:\c18v3.46\pic18-lt\cxx-framework\src\traditional\proc\p18f46k20.asm
                      TOS   0x000ffd       data     extern E:\c18v3.46\pic18-lt\cxx-framework\src\traditional\proc\p18f46k20.asm
                     TOSH   0x000ffe       data     extern E:\c18v3.46\pic18-lt\cxx-framework\src\traditional\proc\p18f46k20.asm
                     TOSU   0x000fff       data     extern E:\c18v3.46\pic18-lt\cxx-framework\src\traditional\proc\p18f46k20.asm


