MPLINK 4.40, Linker
Linker Map File - Created Tue May 01 00:17:46 2012

                                 Section Info
                  Section       Type    Address   Location Size(Bytes)
                ---------  ---------  ---------  ---------  ---------
               _entry_scn       code   0x000000    program   0x000006
           .code___init.o       code   0x000006    program   0x000002
         interrupt_vector       code   0x000008    program   0x0000c6
                   .cinit    romdata   0x0000ce    program   0x00000e
     .code_ControlServo.o       code   0x0000dc    program   0x00060e
                     PROG       code   0x0006ea    program   0x000194
               _cinit_scn       code   0x00087e    program   0x00009e
         .code_fxd1616u.o       code   0x00091c    program   0x00002c
                    .code       code   0x000948    program   0x000020
             _startup_scn       code   0x000968    program   0x00001c
        .romdata___init.o    romdata   0x000984    program   0x000000
        .idata___init.o_i    romdata   0x000984    program   0x000000
      .romdata_fxd1616u.o    romdata   0x000984    program   0x000000
      .idata_fxd1616u.o_i    romdata   0x000984    program   0x000000
             .stringtable    romdata   0x000984    program   0x000000
  .romdata_ControlServo.o    romdata   0x000984    program   0x000000
  .idata_ControlServo.o_i    romdata   0x000984    program   0x0000e7
         .romdata_c018i.o    romdata   0x000984    program   0x000000
         .idata_c018i.o_i    romdata   0x000984    program   0x000000
            .code_c018i.o       code   0x000a6c    program   0x000000
.config_300001_ControlServo.o    romdata   0x300001    program   0x000001
.config_300003_ControlServo.o    romdata   0x300003    program   0x000001
.config_300006_ControlServo.o    romdata   0x300006    program   0x000001
                MATH_DATA      udata   0x000000       data   0x000014
                 .tmpdata      udata   0x000014       data   0x000004
       interrupt_uart_tmp      udata   0x000018       data   0x000001
    .idata_ControlServo.o      idata   0x000100       data   0x0000e7
           .udata_c018i.o      udata   0x0001e7       data   0x00000a
    .udata_ControlServo.o      udata   0x0001f1       data   0x000001
           .idata_c018i.o      idata   0x0001f2       data   0x000000
        .udata_fxd1616u.o      udata   0x0001f2       data   0x000000
        .idata_fxd1616u.o      idata   0x0001f2       data   0x000000
          .udata___init.o      udata   0x0001f2       data   0x000000
          .idata___init.o      idata   0x0001f2       data   0x000000
                   .stack      udata   0x000e00       data   0x000100
            SFR_UNBANKED0      udata   0x000f77       data   0x000089



                              Program Memory Usage 
                               Start         End      
                           ---------   ---------      
                            0x000000    0x000a6a      
                            0x300001    0x300001      
                            0x300003    0x300003      
                            0x300006    0x300006      
            2670 out of 66584 program addresses used, program memory utilization is 4%



                              Symbols - Sorted by Name
                     Name    Address   Location    Storage File                     
                ---------  ---------  ---------  --------- ---------                
                 FLO1632S   0x0006ee    program     extern C:\MCC18\v3_39\src\traditional\math\cast16FP.asm
                 FLO1632U   0x0006ea    program     extern C:\MCC18\v3_39\src\traditional\math\cast16FP.asm
                 FXD1616U   0x00091c    program     extern C:\MCC18\v3_39\src\traditional\math\fxd1616u.c
                  INT3216   0x000714    program     extern C:\MCC18\v3_39\src\traditional\math\castFP16.asm
                 __FpExit   0x00077e    program     extern C:\MCC18\v3_39\src\traditional\math\packFP.asm
                 __FpPack   0x0007aa    program     extern C:\MCC18\v3_39\src\traditional\math\packFP.asm
            __FpReturnNaN   0x000772    program     extern C:\MCC18\v3_39\src\traditional\math\packFP.asm
         __FpReturnNegInf   0x000784    program     extern C:\MCC18\v3_39\src\traditional\math\packFP.asm
        __FpReturnNegZero   0x00079c    program     extern C:\MCC18\v3_39\src\traditional\math\packFP.asm
         __FpReturnPosInf   0x00078a    program     extern C:\MCC18\v3_39\src\traditional\math\packFP.asm
        __FpReturnPosZero   0x0007a4    program     extern C:\MCC18\v3_39\src\traditional\math\packFP.asm
        __FpReturnSignInf   0x000780    program     extern C:\MCC18\v3_39\src\traditional\math\packFP.asm
       __FpReturnSignZero   0x000798    program     extern C:\MCC18\v3_39\src\traditional\math\packFP.asm
              __FpReturnW   0x000802    program     extern C:\MCC18\v3_39\src\traditional\math\packFP.asm
              __FpUnPackA   0x000822    program     extern C:\MCC18\v3_39\src\traditional\math\UnpackFP.asm
              __FpUnPackB   0x000852    program     extern C:\MCC18\v3_39\src\traditional\math\UnpackFP.asm
       ___return_lbl00000   0x000004    program     static                          
       ___return_lbl00000   0x000946    program     static                          
       ___return_lbl00001   0x000982    program     static                          
       ___return_lbl00002   0x00091a    program     static                          
       ___return_lbl00042   0x00000c    program     static                          
               __config_0   0x300001    program     static D:\Lab411\PIC\C18 for PIC\MPLAB_tutorial\13_Hybrid\PWM-UART-2\ControlServo.c
               __config_1   0x300003    program     static D:\Lab411\PIC\C18 for PIC\MPLAB_tutorial\13_Hybrid\PWM-UART-2\ControlServo.c
               __config_2   0x300006    program     static D:\Lab411\PIC\C18 for PIC\MPLAB_tutorial\13_Hybrid\PWM-UART-2\ControlServo.c
                   __init   0x000006    program     extern C:\MCC18\v3_39\src\traditional\stdclib\__init.c
            __zero_memory   0x000948    program     extern C:\MCC18\v3_39\src\traditional\proc\p18F46K20.asm
                _do_cinit   0x00087e    program     extern C:\MCC18\v3_39\src\traditional\startup\c018i.c
                   _entry   0x000000    program     extern C:\MCC18\v3_39\src\traditional\startup\c018i.c
                 _startup   0x000968    program     extern C:\MCC18\v3_39\src\traditional\startup\c018i.c
                compare_l   0x00095e    program     static C:\MCC18\v3_39\src\traditional\proc\p18F46K20.asm
            config_Timer2   0x00021e    program     extern D:\Lab411\PIC\C18 for PIC\MPLAB_tutorial\13_Hybrid\PWM-UART-2\ControlServo.c
                copy_loop   0x0008f0    program     static                          
            copy_one_byte   0x0008f6    program     static                          
                     done   0x00091a    program     static                          
             done_copying   0x000904    program     static                          
                  endloop   0x000942    program     static                          
          get_Value_angle   0x000310    program     extern D:\Lab411\PIC\C18 for PIC\MPLAB_tutorial\13_Hybrid\PWM-UART-2\ControlServo.c
           get_Value_duty   0x000538    program     extern D:\Lab411\PIC\C18 for PIC\MPLAB_tutorial\13_Hybrid\PWM-UART-2\ControlServo.c
        get_decimal_value   0x000228    program     extern D:\Lab411\PIC\C18 for PIC\MPLAB_tutorial\13_Hybrid\PWM-UART-2\ControlServo.c
                 init_PWM   0x000146    program     extern D:\Lab411\PIC\C18 for PIC\MPLAB_tutorial\13_Hybrid\PWM-UART-2\ControlServo.c
          init_uart_recep   0x0000f2    program     extern D:\Lab411\PIC\C18 for PIC\MPLAB_tutorial\13_Hybrid\PWM-UART-2\ControlServo.c
          init_uart_trans   0x0000dc    program     extern D:\Lab411\PIC\C18 for PIC\MPLAB_tutorial\13_Hybrid\PWM-UART-2\ControlServo.c
           interrupt_uart   0x00000e    program     extern D:\Lab411\PIC\C18 for PIC\MPLAB_tutorial\13_Hybrid\PWM-UART-2\ControlServo.c
         interrupt_vector   0x000008    program     extern D:\Lab411\PIC\C18 for PIC\MPLAB_tutorial\13_Hybrid\PWM-UART-2\ControlServo.c
                    jExit   0x000770    program     static C:\MCC18\v3_39\src\traditional\math\castFP16.asm
                jI2F16Beg   0x0006fe    program     static C:\MCC18\v3_39\src\traditional\math\cast16FP.asm
                    jLoop   0x000750    program     static C:\MCC18\v3_39\src\traditional\math\castFP16.asm
                jLoopExit   0x000760    program     static C:\MCC18\v3_39\src\traditional\math\castFP16.asm
                     jMax   0x000724    program     static C:\MCC18\v3_39\src\traditional\math\castFP16.asm
                  jMaxNeg   0x000732    program     static C:\MCC18\v3_39\src\traditional\math\castFP16.asm
                  jMaxPos   0x000728    program     static C:\MCC18\v3_39\src\traditional\math\castFP16.asm
                  jNotInf   0x000740    program     static C:\MCC18\v3_39\src\traditional\math\castFP16.asm
                  jPkLoop   0x0007b8    program     static C:\MCC18\v3_39\src\traditional\math\packFP.asm
             jPkRoundDone   0x000802    program     static C:\MCC18\v3_39\src\traditional\math\packFP.asm
               jPkRoundIt   0x0007ea    program     static C:\MCC18\v3_39\src\traditional\math\packFP.asm
             jPkShiftDone   0x0007d4    program     static C:\MCC18\v3_39\src\traditional\math\packFP.asm
           jReturnPosInf0   0x00078e    program     static C:\MCC18\v3_39\src\traditional\math\packFP.asm
                  jUnpkA1   0x00082c    program     static C:\MCC18\v3_39\src\traditional\math\UnpackFP.asm
                  jUnpkA2   0x000844    program     static C:\MCC18\v3_39\src\traditional\math\UnpackFP.asm
                 jUnpkANZ   0x00083a    program     static C:\MCC18\v3_39\src\traditional\math\UnpackFP.asm
                  jUnpkB1   0x00085c    program     static C:\MCC18\v3_39\src\traditional\math\UnpackFP.asm
                  jUnpkB2   0x000874    program     static C:\MCC18\v3_39\src\traditional\math\UnpackFP.asm
                 jUnpkBNZ   0x00086a    program     static C:\MCC18\v3_39\src\traditional\math\UnpackFP.asm
                 jUnpkNaN   0x00084e    program     static C:\MCC18\v3_39\src\traditional\math\UnpackFP.asm
                    jZero   0x00073a    program     static C:\MCC18\v3_39\src\traditional\math\castFP16.asm
               jZero1and2   0x000792    program     static C:\MCC18\v3_39\src\traditional\math\packFP.asm
                     loop   0x000978    program     static                          
                     loop   0x000926    program     static                          
                   loop_h   0x000956    program     static C:\MCC18\v3_39\src\traditional\proc\p18F46K20.asm
                   loop_l   0x000960    program     static C:\MCC18\v3_39\src\traditional\proc\p18F46K20.asm
                     main   0x0005ea    program     extern D:\Lab411\PIC\C18 for PIC\MPLAB_tutorial\13_Hybrid\PWM-UART-2\ControlServo.c
                 putsUART   0x00010c    program     extern D:\Lab411\PIC\C18 for PIC\MPLAB_tutorial\13_Hybrid\PWM-UART-2\ControlServo.c
               set_duty_1   0x00016a    program     extern D:\Lab411\PIC\C18 for PIC\MPLAB_tutorial\13_Hybrid\PWM-UART-2\ControlServo.c
               set_duty_2   0x0001c4    program     extern D:\Lab411\PIC\C18 for PIC\MPLAB_tutorial\13_Hybrid\PWM-UART-2\ControlServo.c
                     test   0x000898    program     static                          
               zero_block   0x000956    program     static C:\MCC18\v3_39\src\traditional\proc\p18F46K20.asm
                   ADCON0   0x000fc2       data     extern C:\MCC18\v3_39\src\traditional\proc\p18F46K20.asm
               ADCON0bits   0x000fc2       data     extern C:\MCC18\v3_39\src\traditional\proc\p18F46K20.asm
                   ADCON1   0x000fc1       data     extern C:\MCC18\v3_39\src\traditional\proc\p18F46K20.asm
               ADCON1bits   0x000fc1       data     extern C:\MCC18\v3_39\src\traditional\proc\p18F46K20.asm
                   ADCON2   0x000fc0       data     extern C:\MCC18\v3_39\src\traditional\proc\p18F46K20.asm
               ADCON2bits   0x000fc0       data     extern C:\MCC18\v3_39\src\traditional\proc\p18F46K20.asm
                    ADRES   0x000fc3       data     extern C:\MCC18\v3_39\src\traditional\proc\p18F46K20.asm
                   ADRESH   0x000fc4       data     extern C:\MCC18\v3_39\src\traditional\proc\p18F46K20.asm
                   ADRESL   0x000fc3       data     extern C:\MCC18\v3_39\src\traditional\proc\p18F46K20.asm
                    ANSEL   0x000f7e       data     extern C:\MCC18\v3_39\src\traditional\proc\p18F46K20.asm
                   ANSELH   0x000f7f       data     extern C:\MCC18\v3_39\src\traditional\proc\p18F46K20.asm
               ANSELHbits   0x000f7f       data     extern C:\MCC18\v3_39\src\traditional\proc\p18F46K20.asm
                ANSELbits   0x000f7e       data     extern C:\MCC18\v3_39\src\traditional\proc\p18F46K20.asm
                  BAUDCON   0x000fb8       data     extern C:\MCC18\v3_39\src\traditional\proc\p18F46K20.asm
              BAUDCONbits   0x000fb8       data     extern C:\MCC18\v3_39\src\traditional\proc\p18F46K20.asm
                  BAUDCTL   0x000fb8       data     extern C:\MCC18\v3_39\src\traditional\proc\p18F46K20.asm
              BAUDCTLbits   0x000fb8       data     extern C:\MCC18\v3_39\src\traditional\proc\p18F46K20.asm
                      BSR   0x000fe0       data     extern C:\MCC18\v3_39\src\traditional\proc\p18F46K20.asm
                  CCP1CON   0x000fbd       data     extern C:\MCC18\v3_39\src\traditional\proc\p18F46K20.asm
              CCP1CONbits   0x000fbd       data     extern C:\MCC18\v3_39\src\traditional\proc\p18F46K20.asm
                  CCP2CON   0x000fba       data     extern C:\MCC18\v3_39\src\traditional\proc\p18F46K20.asm
              CCP2CONbits   0x000fba       data     extern C:\MCC18\v3_39\src\traditional\proc\p18F46K20.asm
                    CCPR1   0x000fbe       data     extern C:\MCC18\v3_39\src\traditional\proc\p18F46K20.asm
                   CCPR1H   0x000fbf       data     extern C:\MCC18\v3_39\src\traditional\proc\p18F46K20.asm
                   CCPR1L   0x000fbe       data     extern C:\MCC18\v3_39\src\traditional\proc\p18F46K20.asm
                    CCPR2   0x000fbb       data     extern C:\MCC18\v3_39\src\traditional\proc\p18F46K20.asm
                   CCPR2H   0x000fbc       data     extern C:\MCC18\v3_39\src\traditional\proc\p18F46K20.asm
                   CCPR2L   0x000fbb       data     extern C:\MCC18\v3_39\src\traditional\proc\p18F46K20.asm
                  CM1CON0   0x000f7b       data     extern C:\MCC18\v3_39\src\traditional\proc\p18F46K20.asm
              CM1CON0bits   0x000f7b       data     extern C:\MCC18\v3_39\src\traditional\proc\p18F46K20.asm
                  CM2CON0   0x000f7a       data     extern C:\MCC18\v3_39\src\traditional\proc\p18F46K20.asm
              CM2CON0bits   0x000f7a       data     extern C:\MCC18\v3_39\src\traditional\proc\p18F46K20.asm
                  CM2CON1   0x000f79       data     extern C:\MCC18\v3_39\src\traditional\proc\p18F46K20.asm
              CM2CON1bits   0x000f79       data     extern C:\MCC18\v3_39\src\traditional\proc\p18F46K20.asm
                   CVRCON   0x000fb5       data     extern C:\MCC18\v3_39\src\traditional\proc\p18F46K20.asm
                  CVRCON2   0x000fb4       data     extern C:\MCC18\v3_39\src\traditional\proc\p18F46K20.asm
              CVRCON2bits   0x000fb4       data     extern C:\MCC18\v3_39\src\traditional\proc\p18F46K20.asm
               CVRCONbits   0x000fb5       data     extern C:\MCC18\v3_39\src\traditional\proc\p18F46K20.asm
                     DDRA   0x000f92       data     extern C:\MCC18\v3_39\src\traditional\proc\p18F46K20.asm
                 DDRAbits   0x000f92       data     extern C:\MCC18\v3_39\src\traditional\proc\p18F46K20.asm
                     DDRB   0x000f93       data     extern C:\MCC18\v3_39\src\traditional\proc\p18F46K20.asm
                 DDRBbits   0x000f93       data     extern C:\MCC18\v3_39\src\traditional\proc\p18F46K20.asm
                     DDRC   0x000f94       data     extern C:\MCC18\v3_39\src\traditional\proc\p18F46K20.asm
                 DDRCbits   0x000f94       data     extern C:\MCC18\v3_39\src\traditional\proc\p18F46K20.asm
                     DDRD   0x000f95       data     extern C:\MCC18\v3_39\src\traditional\proc\p18F46K20.asm
                 DDRDbits   0x000f95       data     extern C:\MCC18\v3_39\src\traditional\proc\p18F46K20.asm
                     DDRE   0x000f96       data     extern C:\MCC18\v3_39\src\traditional\proc\p18F46K20.asm
                 DDREbits   0x000f96       data     extern C:\MCC18\v3_39\src\traditional\proc\p18F46K20.asm
                  ECCP1AS   0x000fb6       data     extern C:\MCC18\v3_39\src\traditional\proc\p18F46K20.asm
              ECCP1ASbits   0x000fb6       data     extern C:\MCC18\v3_39\src\traditional\proc\p18F46K20.asm
                    EEADR   0x000fa9       data     extern C:\MCC18\v3_39\src\traditional\proc\p18F46K20.asm
                   EEADRH   0x000faa       data     extern C:\MCC18\v3_39\src\traditional\proc\p18F46K20.asm
               EEADRHbits   0x000faa       data     extern C:\MCC18\v3_39\src\traditional\proc\p18F46K20.asm
                EEADRbits   0x000fa9       data     extern C:\MCC18\v3_39\src\traditional\proc\p18F46K20.asm
                   EECON1   0x000fa6       data     extern C:\MCC18\v3_39\src\traditional\proc\p18F46K20.asm
               EECON1bits   0x000fa6       data     extern C:\MCC18\v3_39\src\traditional\proc\p18F46K20.asm
                   EECON2   0x000fa7       data     extern C:\MCC18\v3_39\src\traditional\proc\p18F46K20.asm
                   EEDATA   0x000fa8       data     extern C:\MCC18\v3_39\src\traditional\proc\p18F46K20.asm
                     FSR0   0x000fe9       data     extern C:\MCC18\v3_39\src\traditional\proc\p18F46K20.asm
                    FSR0H   0x000fea       data     extern C:\MCC18\v3_39\src\traditional\proc\p18F46K20.asm
                    FSR0L   0x000fe9       data     extern C:\MCC18\v3_39\src\traditional\proc\p18F46K20.asm
                     FSR1   0x000fe1       data     extern C:\MCC18\v3_39\src\traditional\proc\p18F46K20.asm
                    FSR1H   0x000fe2       data     extern C:\MCC18\v3_39\src\traditional\proc\p18F46K20.asm
                    FSR1L   0x000fe1       data     extern C:\MCC18\v3_39\src\traditional\proc\p18F46K20.asm
                     FSR2   0x000fd9       data     extern C:\MCC18\v3_39\src\traditional\proc\p18F46K20.asm
                    FSR2H   0x000fda       data     extern C:\MCC18\v3_39\src\traditional\proc\p18F46K20.asm
                    FSR2L   0x000fd9       data     extern C:\MCC18\v3_39\src\traditional\proc\p18F46K20.asm
                  HLVDCON   0x000fd2       data     extern C:\MCC18\v3_39\src\traditional\proc\p18F46K20.asm
              HLVDCONbits   0x000fd2       data     extern C:\MCC18\v3_39\src\traditional\proc\p18F46K20.asm
                    INDF0   0x000fef       data     extern C:\MCC18\v3_39\src\traditional\proc\p18F46K20.asm
                    INDF1   0x000fe7       data     extern C:\MCC18\v3_39\src\traditional\proc\p18F46K20.asm
                    INDF2   0x000fdf       data     extern C:\MCC18\v3_39\src\traditional\proc\p18F46K20.asm
                   INTCON   0x000ff2       data     extern C:\MCC18\v3_39\src\traditional\proc\p18F46K20.asm
                  INTCON2   0x000ff1       data     extern C:\MCC18\v3_39\src\traditional\proc\p18F46K20.asm
              INTCON2bits   0x000ff1       data     extern C:\MCC18\v3_39\src\traditional\proc\p18F46K20.asm
                  INTCON3   0x000ff0       data     extern C:\MCC18\v3_39\src\traditional\proc\p18F46K20.asm
              INTCON3bits   0x000ff0       data     extern C:\MCC18\v3_39\src\traditional\proc\p18F46K20.asm
               INTCONbits   0x000ff2       data     extern C:\MCC18\v3_39\src\traditional\proc\p18F46K20.asm
                     IOCB   0x000f7d       data     extern C:\MCC18\v3_39\src\traditional\proc\p18F46K20.asm
                 IOCBbits   0x000f7d       data     extern C:\MCC18\v3_39\src\traditional\proc\p18F46K20.asm
                     IPR1   0x000f9f       data     extern C:\MCC18\v3_39\src\traditional\proc\p18F46K20.asm
                 IPR1bits   0x000f9f       data     extern C:\MCC18\v3_39\src\traditional\proc\p18F46K20.asm
                     IPR2   0x000fa2       data     extern C:\MCC18\v3_39\src\traditional\proc\p18F46K20.asm
                 IPR2bits   0x000fa2       data     extern C:\MCC18\v3_39\src\traditional\proc\p18F46K20.asm
                     LATA   0x000f89       data     extern C:\MCC18\v3_39\src\traditional\proc\p18F46K20.asm
                 LATAbits   0x000f89       data     extern C:\MCC18\v3_39\src\traditional\proc\p18F46K20.asm
                     LATB   0x000f8a       data     extern C:\MCC18\v3_39\src\traditional\proc\p18F46K20.asm
                 LATBbits   0x000f8a       data     extern C:\MCC18\v3_39\src\traditional\proc\p18F46K20.asm
                     LATC   0x000f8b       data     extern C:\MCC18\v3_39\src\traditional\proc\p18F46K20.asm
                 LATCbits   0x000f8b       data     extern C:\MCC18\v3_39\src\traditional\proc\p18F46K20.asm
                     LATD   0x000f8c       data     extern C:\MCC18\v3_39\src\traditional\proc\p18F46K20.asm
                 LATDbits   0x000f8c       data     extern C:\MCC18\v3_39\src\traditional\proc\p18F46K20.asm
                     LATE   0x000f8d       data     extern C:\MCC18\v3_39\src\traditional\proc\p18F46K20.asm
                 LATEbits   0x000f8d       data     extern C:\MCC18\v3_39\src\traditional\proc\p18F46K20.asm
                   LVDCON   0x000fd2       data     extern C:\MCC18\v3_39\src\traditional\proc\p18F46K20.asm
               LVDCONbits   0x000fd2       data     extern C:\MCC18\v3_39\src\traditional\proc\p18F46K20.asm
                   OSCCON   0x000fd3       data     extern C:\MCC18\v3_39\src\traditional\proc\p18F46K20.asm
               OSCCONbits   0x000fd3       data     extern C:\MCC18\v3_39\src\traditional\proc\p18F46K20.asm
                  OSCTUNE   0x000f9b       data     extern C:\MCC18\v3_39\src\traditional\proc\p18F46K20.asm
              OSCTUNEbits   0x000f9b       data     extern C:\MCC18\v3_39\src\traditional\proc\p18F46K20.asm
                       PC   0x000ff9       data     extern C:\MCC18\v3_39\src\traditional\proc\p18F46K20.asm
                      PCL   0x000ff9       data     extern C:\MCC18\v3_39\src\traditional\proc\p18F46K20.asm
                   PCLATH   0x000ffa       data     extern C:\MCC18\v3_39\src\traditional\proc\p18F46K20.asm
                   PCLATU   0x000ffb       data     extern C:\MCC18\v3_39\src\traditional\proc\p18F46K20.asm
                     PIE1   0x000f9d       data     extern C:\MCC18\v3_39\src\traditional\proc\p18F46K20.asm
                 PIE1bits   0x000f9d       data     extern C:\MCC18\v3_39\src\traditional\proc\p18F46K20.asm
                     PIE2   0x000fa0       data     extern C:\MCC18\v3_39\src\traditional\proc\p18F46K20.asm
                 PIE2bits   0x000fa0       data     extern C:\MCC18\v3_39\src\traditional\proc\p18F46K20.asm
                     PIR1   0x000f9e       data     extern C:\MCC18\v3_39\src\traditional\proc\p18F46K20.asm
                 PIR1bits   0x000f9e       data     extern C:\MCC18\v3_39\src\traditional\proc\p18F46K20.asm
                     PIR2   0x000fa1       data     extern C:\MCC18\v3_39\src\traditional\proc\p18F46K20.asm
                 PIR2bits   0x000fa1       data     extern C:\MCC18\v3_39\src\traditional\proc\p18F46K20.asm
                   PLUSW0   0x000feb       data     extern C:\MCC18\v3_39\src\traditional\proc\p18F46K20.asm
                   PLUSW1   0x000fe3       data     extern C:\MCC18\v3_39\src\traditional\proc\p18F46K20.asm
                   PLUSW2   0x000fdb       data     extern C:\MCC18\v3_39\src\traditional\proc\p18F46K20.asm
                    PORTA   0x000f80       data     extern C:\MCC18\v3_39\src\traditional\proc\p18F46K20.asm
                PORTAbits   0x000f80       data     extern C:\MCC18\v3_39\src\traditional\proc\p18F46K20.asm
                    PORTB   0x000f81       data     extern C:\MCC18\v3_39\src\traditional\proc\p18F46K20.asm
                PORTBbits   0x000f81       data     extern C:\MCC18\v3_39\src\traditional\proc\p18F46K20.asm
                    PORTC   0x000f82       data     extern C:\MCC18\v3_39\src\traditional\proc\p18F46K20.asm
                PORTCbits   0x000f82       data     extern C:\MCC18\v3_39\src\traditional\proc\p18F46K20.asm
                    PORTD   0x000f83       data     extern C:\MCC18\v3_39\src\traditional\proc\p18F46K20.asm
                PORTDbits   0x000f83       data     extern C:\MCC18\v3_39\src\traditional\proc\p18F46K20.asm
                    PORTE   0x000f84       data     extern C:\MCC18\v3_39\src\traditional\proc\p18F46K20.asm
                PORTEbits   0x000f84       data     extern C:\MCC18\v3_39\src\traditional\proc\p18F46K20.asm
                 POSTDEC0   0x000fed       data     extern C:\MCC18\v3_39\src\traditional\proc\p18F46K20.asm
                 POSTDEC1   0x000fe5       data     extern C:\MCC18\v3_39\src\traditional\proc\p18F46K20.asm
                 POSTDEC2   0x000fdd       data     extern C:\MCC18\v3_39\src\traditional\proc\p18F46K20.asm
                 POSTINC0   0x000fee       data     extern C:\MCC18\v3_39\src\traditional\proc\p18F46K20.asm
                 POSTINC1   0x000fe6       data     extern C:\MCC18\v3_39\src\traditional\proc\p18F46K20.asm
                 POSTINC2   0x000fde       data     extern C:\MCC18\v3_39\src\traditional\proc\p18F46K20.asm
                      PR2   0x000fcb       data     extern C:\MCC18\v3_39\src\traditional\proc\p18F46K20.asm
                  PREINC0   0x000fec       data     extern C:\MCC18\v3_39\src\traditional\proc\p18F46K20.asm
                  PREINC1   0x000fe4       data     extern C:\MCC18\v3_39\src\traditional\proc\p18F46K20.asm
                  PREINC2   0x000fdc       data     extern C:\MCC18\v3_39\src\traditional\proc\p18F46K20.asm
                     PROD   0x000ff3       data     extern C:\MCC18\v3_39\src\traditional\proc\p18F46K20.asm
                    PRODH   0x000ff4       data     extern C:\MCC18\v3_39\src\traditional\proc\p18F46K20.asm
                    PRODL   0x000ff3       data     extern C:\MCC18\v3_39\src\traditional\proc\p18F46K20.asm
                  PSTRCON   0x000fb9       data     extern C:\MCC18\v3_39\src\traditional\proc\p18F46K20.asm
              PSTRCONbits   0x000fb9       data     extern C:\MCC18\v3_39\src\traditional\proc\p18F46K20.asm
                  PWM1CON   0x000fb7       data     extern C:\MCC18\v3_39\src\traditional\proc\p18F46K20.asm
              PWM1CONbits   0x000fb7       data     extern C:\MCC18\v3_39\src\traditional\proc\p18F46K20.asm
                     RCON   0x000fd0       data     extern C:\MCC18\v3_39\src\traditional\proc\p18F46K20.asm
                 RCONbits   0x000fd0       data     extern C:\MCC18\v3_39\src\traditional\proc\p18F46K20.asm
                    RCREG   0x000fae       data     extern C:\MCC18\v3_39\src\traditional\proc\p18F46K20.asm
                    RCSTA   0x000fab       data     extern C:\MCC18\v3_39\src\traditional\proc\p18F46K20.asm
                RCSTAbits   0x000fab       data     extern C:\MCC18\v3_39\src\traditional\proc\p18F46K20.asm
                     SIGN   0x00000e       data     extern C:\MCC18\v3_39\src\traditional\math\cmath18.asm
                   SLRCON   0x000f78       data     extern C:\MCC18\v3_39\src\traditional\proc\p18F46K20.asm
               SLRCONbits   0x000f78       data     extern C:\MCC18\v3_39\src\traditional\proc\p18F46K20.asm
                    SPBRG   0x000faf       data     extern C:\MCC18\v3_39\src\traditional\proc\p18F46K20.asm
                   SPBRGH   0x000fb0       data     extern C:\MCC18\v3_39\src\traditional\proc\p18F46K20.asm
                   SSPADD   0x000fc8       data     extern C:\MCC18\v3_39\src\traditional\proc\p18F46K20.asm
                   SSPBUF   0x000fc9       data     extern C:\MCC18\v3_39\src\traditional\proc\p18F46K20.asm
                  SSPCON1   0x000fc6       data     extern C:\MCC18\v3_39\src\traditional\proc\p18F46K20.asm
              SSPCON1bits   0x000fc6       data     extern C:\MCC18\v3_39\src\traditional\proc\p18F46K20.asm
                  SSPCON2   0x000fc5       data     extern C:\MCC18\v3_39\src\traditional\proc\p18F46K20.asm
              SSPCON2bits   0x000fc5       data     extern C:\MCC18\v3_39\src\traditional\proc\p18F46K20.asm
                   SSPMSK   0x000f77       data     extern C:\MCC18\v3_39\src\traditional\proc\p18F46K20.asm
               SSPMSKbits   0x000f77       data     extern C:\MCC18\v3_39\src\traditional\proc\p18F46K20.asm
                  SSPSTAT   0x000fc7       data     extern C:\MCC18\v3_39\src\traditional\proc\p18F46K20.asm
              SSPSTATbits   0x000fc7       data     extern C:\MCC18\v3_39\src\traditional\proc\p18F46K20.asm
                   STATUS   0x000fd8       data     extern C:\MCC18\v3_39\src\traditional\proc\p18F46K20.asm
               STATUSbits   0x000fd8       data     extern C:\MCC18\v3_39\src\traditional\proc\p18F46K20.asm
                   STKPTR   0x000ffc       data     extern C:\MCC18\v3_39\src\traditional\proc\p18F46K20.asm
               STKPTRbits   0x000ffc       data     extern C:\MCC18\v3_39\src\traditional\proc\p18F46K20.asm
                    T0CON   0x000fd5       data     extern C:\MCC18\v3_39\src\traditional\proc\p18F46K20.asm
                T0CONbits   0x000fd5       data     extern C:\MCC18\v3_39\src\traditional\proc\p18F46K20.asm
                    T1CON   0x000fcd       data     extern C:\MCC18\v3_39\src\traditional\proc\p18F46K20.asm
                T1CONbits   0x000fcd       data     extern C:\MCC18\v3_39\src\traditional\proc\p18F46K20.asm
                    T2CON   0x000fca       data     extern C:\MCC18\v3_39\src\traditional\proc\p18F46K20.asm
                T2CONbits   0x000fca       data     extern C:\MCC18\v3_39\src\traditional\proc\p18F46K20.asm
                    T3CON   0x000fb1       data     extern C:\MCC18\v3_39\src\traditional\proc\p18F46K20.asm
                T3CONbits   0x000fb1       data     extern C:\MCC18\v3_39\src\traditional\proc\p18F46K20.asm
                   TABLAT   0x000ff5       data     extern C:\MCC18\v3_39\src\traditional\proc\p18F46K20.asm
                   TBLPTR   0x000ff6       data     extern C:\MCC18\v3_39\src\traditional\proc\p18F46K20.asm
                  TBLPTRH   0x000ff7       data     extern C:\MCC18\v3_39\src\traditional\proc\p18F46K20.asm
                  TBLPTRL   0x000ff6       data     extern C:\MCC18\v3_39\src\traditional\proc\p18F46K20.asm
                  TBLPTRU   0x000ff8       data     extern C:\MCC18\v3_39\src\traditional\proc\p18F46K20.asm
                    TMR0H   0x000fd7       data     extern C:\MCC18\v3_39\src\traditional\proc\p18F46K20.asm
                    TMR0L   0x000fd6       data     extern C:\MCC18\v3_39\src\traditional\proc\p18F46K20.asm
                    TMR1H   0x000fcf       data     extern C:\MCC18\v3_39\src\traditional\proc\p18F46K20.asm
                    TMR1L   0x000fce       data     extern C:\MCC18\v3_39\src\traditional\proc\p18F46K20.asm
                     TMR2   0x000fcc       data     extern C:\MCC18\v3_39\src\traditional\proc\p18F46K20.asm
                    TMR3H   0x000fb3       data     extern C:\MCC18\v3_39\src\traditional\proc\p18F46K20.asm
                    TMR3L   0x000fb2       data     extern C:\MCC18\v3_39\src\traditional\proc\p18F46K20.asm
                      TOS   0x000ffd       data     extern C:\MCC18\v3_39\src\traditional\proc\p18F46K20.asm
                     TOSH   0x000ffe       data     extern C:\MCC18\v3_39\src\traditional\proc\p18F46K20.asm
                     TOSL   0x000ffd       data     extern C:\MCC18\v3_39\src\traditional\proc\p18F46K20.asm
                     TOSU   0x000fff       data     extern C:\MCC18\v3_39\src\traditional\proc\p18F46K20.asm
                    TRISA   0x000f92       data     extern C:\MCC18\v3_39\src\traditional\proc\p18F46K20.asm
                TRISAbits   0x000f92       data     extern C:\MCC18\v3_39\src\traditional\proc\p18F46K20.asm
                    TRISB   0x000f93       data     extern C:\MCC18\v3_39\src\traditional\proc\p18F46K20.asm
                TRISBbits   0x000f93       data     extern C:\MCC18\v3_39\src\traditional\proc\p18F46K20.asm
                    TRISC   0x000f94       data     extern C:\MCC18\v3_39\src\traditional\proc\p18F46K20.asm
                TRISCbits   0x000f94       data     extern C:\MCC18\v3_39\src\traditional\proc\p18F46K20.asm
                    TRISD   0x000f95       data     extern C:\MCC18\v3_39\src\traditional\proc\p18F46K20.asm
                TRISDbits   0x000f95       data     extern C:\MCC18\v3_39\src\traditional\proc\p18F46K20.asm
                    TRISE   0x000f96       data     extern C:\MCC18\v3_39\src\traditional\proc\p18F46K20.asm
                TRISEbits   0x000f96       data     extern C:\MCC18\v3_39\src\traditional\proc\p18F46K20.asm
                    TXREG   0x000fad       data     extern C:\MCC18\v3_39\src\traditional\proc\p18F46K20.asm
                    TXSTA   0x000fac       data     extern C:\MCC18\v3_39\src\traditional\proc\p18F46K20.asm
                TXSTAbits   0x000fac       data     extern C:\MCC18\v3_39\src\traditional\proc\p18F46K20.asm
                        W   0x000fe8       data     extern C:\MCC18\v3_39\src\traditional\proc\p18F46K20.asm
                   WDTCON   0x000fd1       data     extern C:\MCC18\v3_39\src\traditional\proc\p18F46K20.asm
               WDTCONbits   0x000fd1       data     extern C:\MCC18\v3_39\src\traditional\proc\p18F46K20.asm
                     WPUB   0x000f7c       data     extern C:\MCC18\v3_39\src\traditional\proc\p18F46K20.asm
                 WPUBbits   0x000f7c       data     extern C:\MCC18\v3_39\src\traditional\proc\p18F46K20.asm
                     WREG   0x000fe8       data     extern C:\MCC18\v3_39\src\traditional\proc\p18F46K20.asm
                 __AARGB0   0x000007       data     extern C:\MCC18\v3_39\src\traditional\math\aarg.asm
                 __AARGB1   0x000006       data     extern C:\MCC18\v3_39\src\traditional\math\aarg.asm
                 __AARGB2   0x000005       data     extern C:\MCC18\v3_39\src\traditional\math\aarg.asm
                 __AARGB3   0x000004       data     extern C:\MCC18\v3_39\src\traditional\math\aarg.asm
                 __AARGB4   0x000003       data     extern C:\MCC18\v3_39\src\traditional\math\aarg.asm
                 __AARGB5   0x000002       data     extern C:\MCC18\v3_39\src\traditional\math\aarg.asm
                 __AARGB6   0x000001       data     extern C:\MCC18\v3_39\src\traditional\math\aarg.asm
                 __AARGB7   0x000000       data     extern C:\MCC18\v3_39\src\traditional\math\aarg.asm
                   __AEXP   0x000008       data     extern C:\MCC18\v3_39\src\traditional\math\aarg.asm
                 __BARGB0   0x00000c       data     extern C:\MCC18\v3_39\src\traditional\math\barg.asm
                 __BARGB1   0x00000b       data     extern C:\MCC18\v3_39\src\traditional\math\barg.asm
                 __BARGB2   0x00000a       data     extern C:\MCC18\v3_39\src\traditional\math\barg.asm
                 __BARGB3   0x000009       data     extern C:\MCC18\v3_39\src\traditional\math\barg.asm
                   __BEXP   0x00000d       data     extern C:\MCC18\v3_39\src\traditional\math\barg.asm
                __FPFLAGS   0x00000f       data     extern C:\MCC18\v3_39\src\traditional\math\cmath18.asm
            __FPFLAGSbits   0x00000f       data     extern C:\MCC18\v3_39\src\traditional\math\cmath18.asm
                  __REMB0   0x000003       data     extern C:\MCC18\v3_39\src\traditional\math\aarg.asm
                  __REMB1   0x000002       data     extern C:\MCC18\v3_39\src\traditional\math\aarg.asm
                  __REMB2   0x000001       data     extern C:\MCC18\v3_39\src\traditional\math\aarg.asm
                  __REMB3   0x000000       data     extern C:\MCC18\v3_39\src\traditional\math\aarg.asm
                   __TEMP   0x000013       data     extern C:\MCC18\v3_39\src\traditional\math\temparg.asm
                 __TEMPB0   0x000013       data     extern C:\MCC18\v3_39\src\traditional\math\temparg.asm
                 __TEMPB1   0x000012       data     extern C:\MCC18\v3_39\src\traditional\math\temparg.asm
                 __TEMPB2   0x000011       data     extern C:\MCC18\v3_39\src\traditional\math\temparg.asm
                 __TEMPB3   0x000010       data     extern C:\MCC18\v3_39\src\traditional\math\temparg.asm
                  __tmp_0   0x000014       data     static D:\Lab411\PIC\C18 for PIC\MPLAB_tutorial\13_Hybrid\PWM-UART-2\ControlServo.c
                  __tmp_1   0x000018       data     static D:\Lab411\PIC\C18 for PIC\MPLAB_tutorial\13_Hybrid\PWM-UART-2\ControlServo.c
                  confirm   0x000158       data     extern D:\Lab411\PIC\C18 for PIC\MPLAB_tutorial\13_Hybrid\PWM-UART-2\ControlServo.c
                curr_byte   0x0001ea       data     static C:\MCC18\v3_39\src\traditional\startup\c018i.c
               curr_entry   0x0001ec       data     static C:\MCC18\v3_39\src\traditional\startup\c018i.c
                     data   0x0001f1       data     extern D:\Lab411\PIC\C18 for PIC\MPLAB_tutorial\13_Hybrid\PWM-UART-2\ControlServo.c
                 data_ptr   0x0001ee       data     static C:\MCC18\v3_39\src\traditional\startup\c018i.c
                     flag   0x000101       data     extern D:\Lab411\PIC\C18 for PIC\MPLAB_tutorial\13_Hybrid\PWM-UART-2\ControlServo.c
                  getback   0x00017e       data     extern D:\Lab411\PIC\C18 for PIC\MPLAB_tutorial\13_Hybrid\PWM-UART-2\ControlServo.c
                        i   0x000100       data     extern D:\Lab411\PIC\C18 for PIC\MPLAB_tutorial\13_Hybrid\PWM-UART-2\ControlServo.c
             introduction   0x000194       data     extern D:\Lab411\PIC\C18 for PIC\MPLAB_tutorial\13_Hybrid\PWM-UART-2\ControlServo.c
                     note   0x000102       data     extern D:\Lab411\PIC\C18 for PIC\MPLAB_tutorial\13_Hybrid\PWM-UART-2\ControlServo.c
                     prom   0x0001e7       data     static C:\MCC18\v3_39\src\traditional\startup\c018i.c
                    renew   0x00016c       data     extern D:\Lab411\PIC\C18 for PIC\MPLAB_tutorial\13_Hybrid\PWM-UART-2\ControlServo.c



                              Symbols - Sorted by Address
                     Name    Address   Location    Storage File                     
                ---------  ---------  ---------  --------- ---------                
                   _entry   0x000000    program     extern C:\MCC18\v3_39\src\traditional\startup\c018i.c
       ___return_lbl00000   0x000004    program     static                          
                   __init   0x000006    program     extern C:\MCC18\v3_39\src\traditional\stdclib\__init.c
         interrupt_vector   0x000008    program     extern D:\Lab411\PIC\C18 for PIC\MPLAB_tutorial\13_Hybrid\PWM-UART-2\ControlServo.c
       ___return_lbl00042   0x00000c    program     static                          
           interrupt_uart   0x00000e    program     extern D:\Lab411\PIC\C18 for PIC\MPLAB_tutorial\13_Hybrid\PWM-UART-2\ControlServo.c
          init_uart_trans   0x0000dc    program     extern D:\Lab411\PIC\C18 for PIC\MPLAB_tutorial\13_Hybrid\PWM-UART-2\ControlServo.c
          init_uart_recep   0x0000f2    program     extern D:\Lab411\PIC\C18 for PIC\MPLAB_tutorial\13_Hybrid\PWM-UART-2\ControlServo.c
                 putsUART   0x00010c    program     extern D:\Lab411\PIC\C18 for PIC\MPLAB_tutorial\13_Hybrid\PWM-UART-2\ControlServo.c
                 init_PWM   0x000146    program     extern D:\Lab411\PIC\C18 for PIC\MPLAB_tutorial\13_Hybrid\PWM-UART-2\ControlServo.c
               set_duty_1   0x00016a    program     extern D:\Lab411\PIC\C18 for PIC\MPLAB_tutorial\13_Hybrid\PWM-UART-2\ControlServo.c
               set_duty_2   0x0001c4    program     extern D:\Lab411\PIC\C18 for PIC\MPLAB_tutorial\13_Hybrid\PWM-UART-2\ControlServo.c
            config_Timer2   0x00021e    program     extern D:\Lab411\PIC\C18 for PIC\MPLAB_tutorial\13_Hybrid\PWM-UART-2\ControlServo.c
        get_decimal_value   0x000228    program     extern D:\Lab411\PIC\C18 for PIC\MPLAB_tutorial\13_Hybrid\PWM-UART-2\ControlServo.c
          get_Value_angle   0x000310    program     extern D:\Lab411\PIC\C18 for PIC\MPLAB_tutorial\13_Hybrid\PWM-UART-2\ControlServo.c
           get_Value_duty   0x000538    program     extern D:\Lab411\PIC\C18 for PIC\MPLAB_tutorial\13_Hybrid\PWM-UART-2\ControlServo.c
                     main   0x0005ea    program     extern D:\Lab411\PIC\C18 for PIC\MPLAB_tutorial\13_Hybrid\PWM-UART-2\ControlServo.c
                 FLO1632U   0x0006ea    program     extern C:\MCC18\v3_39\src\traditional\math\cast16FP.asm
                 FLO1632S   0x0006ee    program     extern C:\MCC18\v3_39\src\traditional\math\cast16FP.asm
                jI2F16Beg   0x0006fe    program     static C:\MCC18\v3_39\src\traditional\math\cast16FP.asm
                  INT3216   0x000714    program     extern C:\MCC18\v3_39\src\traditional\math\castFP16.asm
                     jMax   0x000724    program     static C:\MCC18\v3_39\src\traditional\math\castFP16.asm
                  jMaxPos   0x000728    program     static C:\MCC18\v3_39\src\traditional\math\castFP16.asm
                  jMaxNeg   0x000732    program     static C:\MCC18\v3_39\src\traditional\math\castFP16.asm
                    jZero   0x00073a    program     static C:\MCC18\v3_39\src\traditional\math\castFP16.asm
                  jNotInf   0x000740    program     static C:\MCC18\v3_39\src\traditional\math\castFP16.asm
                    jLoop   0x000750    program     static C:\MCC18\v3_39\src\traditional\math\castFP16.asm
                jLoopExit   0x000760    program     static C:\MCC18\v3_39\src\traditional\math\castFP16.asm
                    jExit   0x000770    program     static C:\MCC18\v3_39\src\traditional\math\castFP16.asm
            __FpReturnNaN   0x000772    program     extern C:\MCC18\v3_39\src\traditional\math\packFP.asm
                 __FpExit   0x00077e    program     extern C:\MCC18\v3_39\src\traditional\math\packFP.asm
        __FpReturnSignInf   0x000780    program     extern C:\MCC18\v3_39\src\traditional\math\packFP.asm
         __FpReturnNegInf   0x000784    program     extern C:\MCC18\v3_39\src\traditional\math\packFP.asm
         __FpReturnPosInf   0x00078a    program     extern C:\MCC18\v3_39\src\traditional\math\packFP.asm
           jReturnPosInf0   0x00078e    program     static C:\MCC18\v3_39\src\traditional\math\packFP.asm
               jZero1and2   0x000792    program     static C:\MCC18\v3_39\src\traditional\math\packFP.asm
       __FpReturnSignZero   0x000798    program     extern C:\MCC18\v3_39\src\traditional\math\packFP.asm
        __FpReturnNegZero   0x00079c    program     extern C:\MCC18\v3_39\src\traditional\math\packFP.asm
        __FpReturnPosZero   0x0007a4    program     extern C:\MCC18\v3_39\src\traditional\math\packFP.asm
                 __FpPack   0x0007aa    program     extern C:\MCC18\v3_39\src\traditional\math\packFP.asm
                  jPkLoop   0x0007b8    program     static C:\MCC18\v3_39\src\traditional\math\packFP.asm
             jPkShiftDone   0x0007d4    program     static C:\MCC18\v3_39\src\traditional\math\packFP.asm
               jPkRoundIt   0x0007ea    program     static C:\MCC18\v3_39\src\traditional\math\packFP.asm
             jPkRoundDone   0x000802    program     static C:\MCC18\v3_39\src\traditional\math\packFP.asm
              __FpReturnW   0x000802    program     extern C:\MCC18\v3_39\src\traditional\math\packFP.asm
              __FpUnPackA   0x000822    program     extern C:\MCC18\v3_39\src\traditional\math\UnpackFP.asm
                  jUnpkA1   0x00082c    program     static C:\MCC18\v3_39\src\traditional\math\UnpackFP.asm
                 jUnpkANZ   0x00083a    program     static C:\MCC18\v3_39\src\traditional\math\UnpackFP.asm
                  jUnpkA2   0x000844    program     static C:\MCC18\v3_39\src\traditional\math\UnpackFP.asm
                 jUnpkNaN   0x00084e    program     static C:\MCC18\v3_39\src\traditional\math\UnpackFP.asm
              __FpUnPackB   0x000852    program     extern C:\MCC18\v3_39\src\traditional\math\UnpackFP.asm
                  jUnpkB1   0x00085c    program     static C:\MCC18\v3_39\src\traditional\math\UnpackFP.asm
                 jUnpkBNZ   0x00086a    program     static C:\MCC18\v3_39\src\traditional\math\UnpackFP.asm
                  jUnpkB2   0x000874    program     static C:\MCC18\v3_39\src\traditional\math\UnpackFP.asm
                _do_cinit   0x00087e    program     extern C:\MCC18\v3_39\src\traditional\startup\c018i.c
                     test   0x000898    program     static                          
                copy_loop   0x0008f0    program     static                          
            copy_one_byte   0x0008f6    program     static                          
             done_copying   0x000904    program     static                          
                     done   0x00091a    program     static                          
       ___return_lbl00002   0x00091a    program     static                          
                 FXD1616U   0x00091c    program     extern C:\MCC18\v3_39\src\traditional\math\fxd1616u.c
                     loop   0x000926    program     static                          
                  endloop   0x000942    program     static                          
       ___return_lbl00000   0x000946    program     static                          
            __zero_memory   0x000948    program     extern C:\MCC18\v3_39\src\traditional\proc\p18F46K20.asm
                   loop_h   0x000956    program     static C:\MCC18\v3_39\src\traditional\proc\p18F46K20.asm
               zero_block   0x000956    program     static C:\MCC18\v3_39\src\traditional\proc\p18F46K20.asm
                compare_l   0x00095e    program     static C:\MCC18\v3_39\src\traditional\proc\p18F46K20.asm
                   loop_l   0x000960    program     static C:\MCC18\v3_39\src\traditional\proc\p18F46K20.asm
                 _startup   0x000968    program     extern C:\MCC18\v3_39\src\traditional\startup\c018i.c
                     loop   0x000978    program     static                          
       ___return_lbl00001   0x000982    program     static                          
               __config_0   0x300001    program     static D:\Lab411\PIC\C18 for PIC\MPLAB_tutorial\13_Hybrid\PWM-UART-2\ControlServo.c
               __config_1   0x300003    program     static D:\Lab411\PIC\C18 for PIC\MPLAB_tutorial\13_Hybrid\PWM-UART-2\ControlServo.c
               __config_2   0x300006    program     static D:\Lab411\PIC\C18 for PIC\MPLAB_tutorial\13_Hybrid\PWM-UART-2\ControlServo.c
                  __REMB3   0x000000       data     extern C:\MCC18\v3_39\src\traditional\math\aarg.asm
                 __AARGB7   0x000000       data     extern C:\MCC18\v3_39\src\traditional\math\aarg.asm
                  __REMB2   0x000001       data     extern C:\MCC18\v3_39\src\traditional\math\aarg.asm
                 __AARGB6   0x000001       data     extern C:\MCC18\v3_39\src\traditional\math\aarg.asm
                 __AARGB5   0x000002       data     extern C:\MCC18\v3_39\src\traditional\math\aarg.asm
                  __REMB1   0x000002       data     extern C:\MCC18\v3_39\src\traditional\math\aarg.asm
                 __AARGB4   0x000003       data     extern C:\MCC18\v3_39\src\traditional\math\aarg.asm
                  __REMB0   0x000003       data     extern C:\MCC18\v3_39\src\traditional\math\aarg.asm
                 __AARGB3   0x000004       data     extern C:\MCC18\v3_39\src\traditional\math\aarg.asm
                 __AARGB2   0x000005       data     extern C:\MCC18\v3_39\src\traditional\math\aarg.asm
                 __AARGB1   0x000006       data     extern C:\MCC18\v3_39\src\traditional\math\aarg.asm
                 __AARGB0   0x000007       data     extern C:\MCC18\v3_39\src\traditional\math\aarg.asm
                   __AEXP   0x000008       data     extern C:\MCC18\v3_39\src\traditional\math\aarg.asm
                 __BARGB3   0x000009       data     extern C:\MCC18\v3_39\src\traditional\math\barg.asm
                 __BARGB2   0x00000a       data     extern C:\MCC18\v3_39\src\traditional\math\barg.asm
                 __BARGB1   0x00000b       data     extern C:\MCC18\v3_39\src\traditional\math\barg.asm
                 __BARGB0   0x00000c       data     extern C:\MCC18\v3_39\src\traditional\math\barg.asm
                   __BEXP   0x00000d       data     extern C:\MCC18\v3_39\src\traditional\math\barg.asm
                     SIGN   0x00000e       data     extern C:\MCC18\v3_39\src\traditional\math\cmath18.asm
            __FPFLAGSbits   0x00000f       data     extern C:\MCC18\v3_39\src\traditional\math\cmath18.asm
                __FPFLAGS   0x00000f       data     extern C:\MCC18\v3_39\src\traditional\math\cmath18.asm
                 __TEMPB3   0x000010       data     extern C:\MCC18\v3_39\src\traditional\math\temparg.asm
                 __TEMPB2   0x000011       data     extern C:\MCC18\v3_39\src\traditional\math\temparg.asm
                 __TEMPB1   0x000012       data     extern C:\MCC18\v3_39\src\traditional\math\temparg.asm
                 __TEMPB0   0x000013       data     extern C:\MCC18\v3_39\src\traditional\math\temparg.asm
                   __TEMP   0x000013       data     extern C:\MCC18\v3_39\src\traditional\math\temparg.asm
                  __tmp_0   0x000014       data     static D:\Lab411\PIC\C18 for PIC\MPLAB_tutorial\13_Hybrid\PWM-UART-2\ControlServo.c
                  __tmp_1   0x000018       data     static D:\Lab411\PIC\C18 for PIC\MPLAB_tutorial\13_Hybrid\PWM-UART-2\ControlServo.c
                        i   0x000100       data     extern D:\Lab411\PIC\C18 for PIC\MPLAB_tutorial\13_Hybrid\PWM-UART-2\ControlServo.c
                     flag   0x000101       data     extern D:\Lab411\PIC\C18 for PIC\MPLAB_tutorial\13_Hybrid\PWM-UART-2\ControlServo.c
                     note   0x000102       data     extern D:\Lab411\PIC\C18 for PIC\MPLAB_tutorial\13_Hybrid\PWM-UART-2\ControlServo.c
                  confirm   0x000158       data     extern D:\Lab411\PIC\C18 for PIC\MPLAB_tutorial\13_Hybrid\PWM-UART-2\ControlServo.c
                    renew   0x00016c       data     extern D:\Lab411\PIC\C18 for PIC\MPLAB_tutorial\13_Hybrid\PWM-UART-2\ControlServo.c
                  getback   0x00017e       data     extern D:\Lab411\PIC\C18 for PIC\MPLAB_tutorial\13_Hybrid\PWM-UART-2\ControlServo.c
             introduction   0x000194       data     extern D:\Lab411\PIC\C18 for PIC\MPLAB_tutorial\13_Hybrid\PWM-UART-2\ControlServo.c
                     prom   0x0001e7       data     static C:\MCC18\v3_39\src\traditional\startup\c018i.c
                curr_byte   0x0001ea       data     static C:\MCC18\v3_39\src\traditional\startup\c018i.c
               curr_entry   0x0001ec       data     static C:\MCC18\v3_39\src\traditional\startup\c018i.c
                 data_ptr   0x0001ee       data     static C:\MCC18\v3_39\src\traditional\startup\c018i.c
                     data   0x0001f1       data     extern D:\Lab411\PIC\C18 for PIC\MPLAB_tutorial\13_Hybrid\PWM-UART-2\ControlServo.c
               SSPMSKbits   0x000f77       data     extern C:\MCC18\v3_39\src\traditional\proc\p18F46K20.asm
                   SSPMSK   0x000f77       data     extern C:\MCC18\v3_39\src\traditional\proc\p18F46K20.asm
               SLRCONbits   0x000f78       data     extern C:\MCC18\v3_39\src\traditional\proc\p18F46K20.asm
                   SLRCON   0x000f78       data     extern C:\MCC18\v3_39\src\traditional\proc\p18F46K20.asm
              CM2CON1bits   0x000f79       data     extern C:\MCC18\v3_39\src\traditional\proc\p18F46K20.asm
                  CM2CON1   0x000f79       data     extern C:\MCC18\v3_39\src\traditional\proc\p18F46K20.asm
                  CM2CON0   0x000f7a       data     extern C:\MCC18\v3_39\src\traditional\proc\p18F46K20.asm
              CM2CON0bits   0x000f7a       data     extern C:\MCC18\v3_39\src\traditional\proc\p18F46K20.asm
                  CM1CON0   0x000f7b       data     extern C:\MCC18\v3_39\src\traditional\proc\p18F46K20.asm
              CM1CON0bits   0x000f7b       data     extern C:\MCC18\v3_39\src\traditional\proc\p18F46K20.asm
                     WPUB   0x000f7c       data     extern C:\MCC18\v3_39\src\traditional\proc\p18F46K20.asm
                 WPUBbits   0x000f7c       data     extern C:\MCC18\v3_39\src\traditional\proc\p18F46K20.asm
                     IOCB   0x000f7d       data     extern C:\MCC18\v3_39\src\traditional\proc\p18F46K20.asm
                 IOCBbits   0x000f7d       data     extern C:\MCC18\v3_39\src\traditional\proc\p18F46K20.asm
                ANSELbits   0x000f7e       data     extern C:\MCC18\v3_39\src\traditional\proc\p18F46K20.asm
                    ANSEL   0x000f7e       data     extern C:\MCC18\v3_39\src\traditional\proc\p18F46K20.asm
               ANSELHbits   0x000f7f       data     extern C:\MCC18\v3_39\src\traditional\proc\p18F46K20.asm
                   ANSELH   0x000f7f       data     extern C:\MCC18\v3_39\src\traditional\proc\p18F46K20.asm
                PORTAbits   0x000f80       data     extern C:\MCC18\v3_39\src\traditional\proc\p18F46K20.asm
                    PORTA   0x000f80       data     extern C:\MCC18\v3_39\src\traditional\proc\p18F46K20.asm
                PORTBbits   0x000f81       data     extern C:\MCC18\v3_39\src\traditional\proc\p18F46K20.asm
                    PORTB   0x000f81       data     extern C:\MCC18\v3_39\src\traditional\proc\p18F46K20.asm
                PORTCbits   0x000f82       data     extern C:\MCC18\v3_39\src\traditional\proc\p18F46K20.asm
                    PORTC   0x000f82       data     extern C:\MCC18\v3_39\src\traditional\proc\p18F46K20.asm
                PORTDbits   0x000f83       data     extern C:\MCC18\v3_39\src\traditional\proc\p18F46K20.asm
                    PORTD   0x000f83       data     extern C:\MCC18\v3_39\src\traditional\proc\p18F46K20.asm
                PORTEbits   0x000f84       data     extern C:\MCC18\v3_39\src\traditional\proc\p18F46K20.asm
                    PORTE   0x000f84       data     extern C:\MCC18\v3_39\src\traditional\proc\p18F46K20.asm
                 LATAbits   0x000f89       data     extern C:\MCC18\v3_39\src\traditional\proc\p18F46K20.asm
                     LATA   0x000f89       data     extern C:\MCC18\v3_39\src\traditional\proc\p18F46K20.asm
                 LATBbits   0x000f8a       data     extern C:\MCC18\v3_39\src\traditional\proc\p18F46K20.asm
                     LATB   0x000f8a       data     extern C:\MCC18\v3_39\src\traditional\proc\p18F46K20.asm
                 LATCbits   0x000f8b       data     extern C:\MCC18\v3_39\src\traditional\proc\p18F46K20.asm
                     LATC   0x000f8b       data     extern C:\MCC18\v3_39\src\traditional\proc\p18F46K20.asm
                 LATDbits   0x000f8c       data     extern C:\MCC18\v3_39\src\traditional\proc\p18F46K20.asm
                     LATD   0x000f8c       data     extern C:\MCC18\v3_39\src\traditional\proc\p18F46K20.asm
                 LATEbits   0x000f8d       data     extern C:\MCC18\v3_39\src\traditional\proc\p18F46K20.asm
                     LATE   0x000f8d       data     extern C:\MCC18\v3_39\src\traditional\proc\p18F46K20.asm
                     DDRA   0x000f92       data     extern C:\MCC18\v3_39\src\traditional\proc\p18F46K20.asm
                 DDRAbits   0x000f92       data     extern C:\MCC18\v3_39\src\traditional\proc\p18F46K20.asm
                TRISAbits   0x000f92       data     extern C:\MCC18\v3_39\src\traditional\proc\p18F46K20.asm
                    TRISA   0x000f92       data     extern C:\MCC18\v3_39\src\traditional\proc\p18F46K20.asm
                TRISBbits   0x000f93       data     extern C:\MCC18\v3_39\src\traditional\proc\p18F46K20.asm
                    TRISB   0x000f93       data     extern C:\MCC18\v3_39\src\traditional\proc\p18F46K20.asm
                     DDRB   0x000f93       data     extern C:\MCC18\v3_39\src\traditional\proc\p18F46K20.asm
                 DDRBbits   0x000f93       data     extern C:\MCC18\v3_39\src\traditional\proc\p18F46K20.asm
                TRISCbits   0x000f94       data     extern C:\MCC18\v3_39\src\traditional\proc\p18F46K20.asm
                    TRISC   0x000f94       data     extern C:\MCC18\v3_39\src\traditional\proc\p18F46K20.asm
                     DDRC   0x000f94       data     extern C:\MCC18\v3_39\src\traditional\proc\p18F46K20.asm
                 DDRCbits   0x000f94       data     extern C:\MCC18\v3_39\src\traditional\proc\p18F46K20.asm
                TRISDbits   0x000f95       data     extern C:\MCC18\v3_39\src\traditional\proc\p18F46K20.asm
                    TRISD   0x000f95       data     extern C:\MCC18\v3_39\src\traditional\proc\p18F46K20.asm
                 DDRDbits   0x000f95       data     extern C:\MCC18\v3_39\src\traditional\proc\p18F46K20.asm
                     DDRD   0x000f95       data     extern C:\MCC18\v3_39\src\traditional\proc\p18F46K20.asm
                TRISEbits   0x000f96       data     extern C:\MCC18\v3_39\src\traditional\proc\p18F46K20.asm
                    TRISE   0x000f96       data     extern C:\MCC18\v3_39\src\traditional\proc\p18F46K20.asm
                 DDREbits   0x000f96       data     extern C:\MCC18\v3_39\src\traditional\proc\p18F46K20.asm
                     DDRE   0x000f96       data     extern C:\MCC18\v3_39\src\traditional\proc\p18F46K20.asm
                  OSCTUNE   0x000f9b       data     extern C:\MCC18\v3_39\src\traditional\proc\p18F46K20.asm
              OSCTUNEbits   0x000f9b       data     extern C:\MCC18\v3_39\src\traditional\proc\p18F46K20.asm
                     PIE1   0x000f9d       data     extern C:\MCC18\v3_39\src\traditional\proc\p18F46K20.asm
                 PIE1bits   0x000f9d       data     extern C:\MCC18\v3_39\src\traditional\proc\p18F46K20.asm
                     PIR1   0x000f9e       data     extern C:\MCC18\v3_39\src\traditional\proc\p18F46K20.asm
                 PIR1bits   0x000f9e       data     extern C:\MCC18\v3_39\src\traditional\proc\p18F46K20.asm
                 IPR1bits   0x000f9f       data     extern C:\MCC18\v3_39\src\traditional\proc\p18F46K20.asm
                     IPR1   0x000f9f       data     extern C:\MCC18\v3_39\src\traditional\proc\p18F46K20.asm
                     PIE2   0x000fa0       data     extern C:\MCC18\v3_39\src\traditional\proc\p18F46K20.asm
                 PIE2bits   0x000fa0       data     extern C:\MCC18\v3_39\src\traditional\proc\p18F46K20.asm
                     PIR2   0x000fa1       data     extern C:\MCC18\v3_39\src\traditional\proc\p18F46K20.asm
                 PIR2bits   0x000fa1       data     extern C:\MCC18\v3_39\src\traditional\proc\p18F46K20.asm
                     IPR2   0x000fa2       data     extern C:\MCC18\v3_39\src\traditional\proc\p18F46K20.asm
                 IPR2bits   0x000fa2       data     extern C:\MCC18\v3_39\src\traditional\proc\p18F46K20.asm
               EECON1bits   0x000fa6       data     extern C:\MCC18\v3_39\src\traditional\proc\p18F46K20.asm
                   EECON1   0x000fa6       data     extern C:\MCC18\v3_39\src\traditional\proc\p18F46K20.asm
                   EECON2   0x000fa7       data     extern C:\MCC18\v3_39\src\traditional\proc\p18F46K20.asm
                   EEDATA   0x000fa8       data     extern C:\MCC18\v3_39\src\traditional\proc\p18F46K20.asm
                EEADRbits   0x000fa9       data     extern C:\MCC18\v3_39\src\traditional\proc\p18F46K20.asm
                    EEADR   0x000fa9       data     extern C:\MCC18\v3_39\src\traditional\proc\p18F46K20.asm
               EEADRHbits   0x000faa       data     extern C:\MCC18\v3_39\src\traditional\proc\p18F46K20.asm
                   EEADRH   0x000faa       data     extern C:\MCC18\v3_39\src\traditional\proc\p18F46K20.asm
                    RCSTA   0x000fab       data     extern C:\MCC18\v3_39\src\traditional\proc\p18F46K20.asm
                RCSTAbits   0x000fab       data     extern C:\MCC18\v3_39\src\traditional\proc\p18F46K20.asm
                TXSTAbits   0x000fac       data     extern C:\MCC18\v3_39\src\traditional\proc\p18F46K20.asm
                    TXSTA   0x000fac       data     extern C:\MCC18\v3_39\src\traditional\proc\p18F46K20.asm
                    TXREG   0x000fad       data     extern C:\MCC18\v3_39\src\traditional\proc\p18F46K20.asm
                    RCREG   0x000fae       data     extern C:\MCC18\v3_39\src\traditional\proc\p18F46K20.asm
                    SPBRG   0x000faf       data     extern C:\MCC18\v3_39\src\traditional\proc\p18F46K20.asm
                   SPBRGH   0x000fb0       data     extern C:\MCC18\v3_39\src\traditional\proc\p18F46K20.asm
                T3CONbits   0x000fb1       data     extern C:\MCC18\v3_39\src\traditional\proc\p18F46K20.asm
                    T3CON   0x000fb1       data     extern C:\MCC18\v3_39\src\traditional\proc\p18F46K20.asm
                    TMR3L   0x000fb2       data     extern C:\MCC18\v3_39\src\traditional\proc\p18F46K20.asm
                    TMR3H   0x000fb3       data     extern C:\MCC18\v3_39\src\traditional\proc\p18F46K20.asm
              CVRCON2bits   0x000fb4       data     extern C:\MCC18\v3_39\src\traditional\proc\p18F46K20.asm
                  CVRCON2   0x000fb4       data     extern C:\MCC18\v3_39\src\traditional\proc\p18F46K20.asm
               CVRCONbits   0x000fb5       data     extern C:\MCC18\v3_39\src\traditional\proc\p18F46K20.asm
                   CVRCON   0x000fb5       data     extern C:\MCC18\v3_39\src\traditional\proc\p18F46K20.asm
              ECCP1ASbits   0x000fb6       data     extern C:\MCC18\v3_39\src\traditional\proc\p18F46K20.asm
                  ECCP1AS   0x000fb6       data     extern C:\MCC18\v3_39\src\traditional\proc\p18F46K20.asm
                  PWM1CON   0x000fb7       data     extern C:\MCC18\v3_39\src\traditional\proc\p18F46K20.asm
              PWM1CONbits   0x000fb7       data     extern C:\MCC18\v3_39\src\traditional\proc\p18F46K20.asm
                  BAUDCON   0x000fb8       data     extern C:\MCC18\v3_39\src\traditional\proc\p18F46K20.asm
              BAUDCONbits   0x000fb8       data     extern C:\MCC18\v3_39\src\traditional\proc\p18F46K20.asm
                  BAUDCTL   0x000fb8       data     extern C:\MCC18\v3_39\src\traditional\proc\p18F46K20.asm
              BAUDCTLbits   0x000fb8       data     extern C:\MCC18\v3_39\src\traditional\proc\p18F46K20.asm
                  PSTRCON   0x000fb9       data     extern C:\MCC18\v3_39\src\traditional\proc\p18F46K20.asm
              PSTRCONbits   0x000fb9       data     extern C:\MCC18\v3_39\src\traditional\proc\p18F46K20.asm
                  CCP2CON   0x000fba       data     extern C:\MCC18\v3_39\src\traditional\proc\p18F46K20.asm
              CCP2CONbits   0x000fba       data     extern C:\MCC18\v3_39\src\traditional\proc\p18F46K20.asm
                    CCPR2   0x000fbb       data     extern C:\MCC18\v3_39\src\traditional\proc\p18F46K20.asm
                   CCPR2L   0x000fbb       data     extern C:\MCC18\v3_39\src\traditional\proc\p18F46K20.asm
                   CCPR2H   0x000fbc       data     extern C:\MCC18\v3_39\src\traditional\proc\p18F46K20.asm
              CCP1CONbits   0x000fbd       data     extern C:\MCC18\v3_39\src\traditional\proc\p18F46K20.asm
                  CCP1CON   0x000fbd       data     extern C:\MCC18\v3_39\src\traditional\proc\p18F46K20.asm
                    CCPR1   0x000fbe       data     extern C:\MCC18\v3_39\src\traditional\proc\p18F46K20.asm
                   CCPR1L   0x000fbe       data     extern C:\MCC18\v3_39\src\traditional\proc\p18F46K20.asm
                   CCPR1H   0x000fbf       data     extern C:\MCC18\v3_39\src\traditional\proc\p18F46K20.asm
               ADCON2bits   0x000fc0       data     extern C:\MCC18\v3_39\src\traditional\proc\p18F46K20.asm
                   ADCON2   0x000fc0       data     extern C:\MCC18\v3_39\src\traditional\proc\p18F46K20.asm
               ADCON1bits   0x000fc1       data     extern C:\MCC18\v3_39\src\traditional\proc\p18F46K20.asm
                   ADCON1   0x000fc1       data     extern C:\MCC18\v3_39\src\traditional\proc\p18F46K20.asm
               ADCON0bits   0x000fc2       data     extern C:\MCC18\v3_39\src\traditional\proc\p18F46K20.asm
                   ADCON0   0x000fc2       data     extern C:\MCC18\v3_39\src\traditional\proc\p18F46K20.asm
                    ADRES   0x000fc3       data     extern C:\MCC18\v3_39\src\traditional\proc\p18F46K20.asm
                   ADRESL   0x000fc3       data     extern C:\MCC18\v3_39\src\traditional\proc\p18F46K20.asm
                   ADRESH   0x000fc4       data     extern C:\MCC18\v3_39\src\traditional\proc\p18F46K20.asm
              SSPCON2bits   0x000fc5       data     extern C:\MCC18\v3_39\src\traditional\proc\p18F46K20.asm
                  SSPCON2   0x000fc5       data     extern C:\MCC18\v3_39\src\traditional\proc\p18F46K20.asm
              SSPCON1bits   0x000fc6       data     extern C:\MCC18\v3_39\src\traditional\proc\p18F46K20.asm
                  SSPCON1   0x000fc6       data     extern C:\MCC18\v3_39\src\traditional\proc\p18F46K20.asm
                  SSPSTAT   0x000fc7       data     extern C:\MCC18\v3_39\src\traditional\proc\p18F46K20.asm
              SSPSTATbits   0x000fc7       data     extern C:\MCC18\v3_39\src\traditional\proc\p18F46K20.asm
                   SSPADD   0x000fc8       data     extern C:\MCC18\v3_39\src\traditional\proc\p18F46K20.asm
                   SSPBUF   0x000fc9       data     extern C:\MCC18\v3_39\src\traditional\proc\p18F46K20.asm
                T2CONbits   0x000fca       data     extern C:\MCC18\v3_39\src\traditional\proc\p18F46K20.asm
                    T2CON   0x000fca       data     extern C:\MCC18\v3_39\src\traditional\proc\p18F46K20.asm
                      PR2   0x000fcb       data     extern C:\MCC18\v3_39\src\traditional\proc\p18F46K20.asm
                     TMR2   0x000fcc       data     extern C:\MCC18\v3_39\src\traditional\proc\p18F46K20.asm
                T1CONbits   0x000fcd       data     extern C:\MCC18\v3_39\src\traditional\proc\p18F46K20.asm
                    T1CON   0x000fcd       data     extern C:\MCC18\v3_39\src\traditional\proc\p18F46K20.asm
                    TMR1L   0x000fce       data     extern C:\MCC18\v3_39\src\traditional\proc\p18F46K20.asm
                    TMR1H   0x000fcf       data     extern C:\MCC18\v3_39\src\traditional\proc\p18F46K20.asm
                     RCON   0x000fd0       data     extern C:\MCC18\v3_39\src\traditional\proc\p18F46K20.asm
                 RCONbits   0x000fd0       data     extern C:\MCC18\v3_39\src\traditional\proc\p18F46K20.asm
                   WDTCON   0x000fd1       data     extern C:\MCC18\v3_39\src\traditional\proc\p18F46K20.asm
               WDTCONbits   0x000fd1       data     extern C:\MCC18\v3_39\src\traditional\proc\p18F46K20.asm
               LVDCONbits   0x000fd2       data     extern C:\MCC18\v3_39\src\traditional\proc\p18F46K20.asm
                   LVDCON   0x000fd2       data     extern C:\MCC18\v3_39\src\traditional\proc\p18F46K20.asm
                  HLVDCON   0x000fd2       data     extern C:\MCC18\v3_39\src\traditional\proc\p18F46K20.asm
              HLVDCONbits   0x000fd2       data     extern C:\MCC18\v3_39\src\traditional\proc\p18F46K20.asm
               OSCCONbits   0x000fd3       data     extern C:\MCC18\v3_39\src\traditional\proc\p18F46K20.asm
                   OSCCON   0x000fd3       data     extern C:\MCC18\v3_39\src\traditional\proc\p18F46K20.asm
                T0CONbits   0x000fd5       data     extern C:\MCC18\v3_39\src\traditional\proc\p18F46K20.asm
                    T0CON   0x000fd5       data     extern C:\MCC18\v3_39\src\traditional\proc\p18F46K20.asm
                    TMR0L   0x000fd6       data     extern C:\MCC18\v3_39\src\traditional\proc\p18F46K20.asm
                    TMR0H   0x000fd7       data     extern C:\MCC18\v3_39\src\traditional\proc\p18F46K20.asm
               STATUSbits   0x000fd8       data     extern C:\MCC18\v3_39\src\traditional\proc\p18F46K20.asm
                   STATUS   0x000fd8       data     extern C:\MCC18\v3_39\src\traditional\proc\p18F46K20.asm
                    FSR2L   0x000fd9       data     extern C:\MCC18\v3_39\src\traditional\proc\p18F46K20.asm
                     FSR2   0x000fd9       data     extern C:\MCC18\v3_39\src\traditional\proc\p18F46K20.asm
                    FSR2H   0x000fda       data     extern C:\MCC18\v3_39\src\traditional\proc\p18F46K20.asm
                   PLUSW2   0x000fdb       data     extern C:\MCC18\v3_39\src\traditional\proc\p18F46K20.asm
                  PREINC2   0x000fdc       data     extern C:\MCC18\v3_39\src\traditional\proc\p18F46K20.asm
                 POSTDEC2   0x000fdd       data     extern C:\MCC18\v3_39\src\traditional\proc\p18F46K20.asm
                 POSTINC2   0x000fde       data     extern C:\MCC18\v3_39\src\traditional\proc\p18F46K20.asm
                    INDF2   0x000fdf       data     extern C:\MCC18\v3_39\src\traditional\proc\p18F46K20.asm
                      BSR   0x000fe0       data     extern C:\MCC18\v3_39\src\traditional\proc\p18F46K20.asm
                    FSR1L   0x000fe1       data     extern C:\MCC18\v3_39\src\traditional\proc\p18F46K20.asm
                     FSR1   0x000fe1       data     extern C:\MCC18\v3_39\src\traditional\proc\p18F46K20.asm
                    FSR1H   0x000fe2       data     extern C:\MCC18\v3_39\src\traditional\proc\p18F46K20.asm
                   PLUSW1   0x000fe3       data     extern C:\MCC18\v3_39\src\traditional\proc\p18F46K20.asm
                  PREINC1   0x000fe4       data     extern C:\MCC18\v3_39\src\traditional\proc\p18F46K20.asm
                 POSTDEC1   0x000fe5       data     extern C:\MCC18\v3_39\src\traditional\proc\p18F46K20.asm
                 POSTINC1   0x000fe6       data     extern C:\MCC18\v3_39\src\traditional\proc\p18F46K20.asm
                    INDF1   0x000fe7       data     extern C:\MCC18\v3_39\src\traditional\proc\p18F46K20.asm
                        W   0x000fe8       data     extern C:\MCC18\v3_39\src\traditional\proc\p18F46K20.asm
                     WREG   0x000fe8       data     extern C:\MCC18\v3_39\src\traditional\proc\p18F46K20.asm
                    FSR0L   0x000fe9       data     extern C:\MCC18\v3_39\src\traditional\proc\p18F46K20.asm
                     FSR0   0x000fe9       data     extern C:\MCC18\v3_39\src\traditional\proc\p18F46K20.asm
                    FSR0H   0x000fea       data     extern C:\MCC18\v3_39\src\traditional\proc\p18F46K20.asm
                   PLUSW0   0x000feb       data     extern C:\MCC18\v3_39\src\traditional\proc\p18F46K20.asm
                  PREINC0   0x000fec       data     extern C:\MCC18\v3_39\src\traditional\proc\p18F46K20.asm
                 POSTDEC0   0x000fed       data     extern C:\MCC18\v3_39\src\traditional\proc\p18F46K20.asm
                 POSTINC0   0x000fee       data     extern C:\MCC18\v3_39\src\traditional\proc\p18F46K20.asm
                    INDF0   0x000fef       data     extern C:\MCC18\v3_39\src\traditional\proc\p18F46K20.asm
                  INTCON3   0x000ff0       data     extern C:\MCC18\v3_39\src\traditional\proc\p18F46K20.asm
              INTCON3bits   0x000ff0       data     extern C:\MCC18\v3_39\src\traditional\proc\p18F46K20.asm
                  INTCON2   0x000ff1       data     extern C:\MCC18\v3_39\src\traditional\proc\p18F46K20.asm
              INTCON2bits   0x000ff1       data     extern C:\MCC18\v3_39\src\traditional\proc\p18F46K20.asm
                   INTCON   0x000ff2       data     extern C:\MCC18\v3_39\src\traditional\proc\p18F46K20.asm
               INTCONbits   0x000ff2       data     extern C:\MCC18\v3_39\src\traditional\proc\p18F46K20.asm
                     PROD   0x000ff3       data     extern C:\MCC18\v3_39\src\traditional\proc\p18F46K20.asm
                    PRODL   0x000ff3       data     extern C:\MCC18\v3_39\src\traditional\proc\p18F46K20.asm
                    PRODH   0x000ff4       data     extern C:\MCC18\v3_39\src\traditional\proc\p18F46K20.asm
                   TABLAT   0x000ff5       data     extern C:\MCC18\v3_39\src\traditional\proc\p18F46K20.asm
                  TBLPTRL   0x000ff6       data     extern C:\MCC18\v3_39\src\traditional\proc\p18F46K20.asm
                   TBLPTR   0x000ff6       data     extern C:\MCC18\v3_39\src\traditional\proc\p18F46K20.asm
                  TBLPTRH   0x000ff7       data     extern C:\MCC18\v3_39\src\traditional\proc\p18F46K20.asm
                  TBLPTRU   0x000ff8       data     extern C:\MCC18\v3_39\src\traditional\proc\p18F46K20.asm
                       PC   0x000ff9       data     extern C:\MCC18\v3_39\src\traditional\proc\p18F46K20.asm
                      PCL   0x000ff9       data     extern C:\MCC18\v3_39\src\traditional\proc\p18F46K20.asm
                   PCLATH   0x000ffa       data     extern C:\MCC18\v3_39\src\traditional\proc\p18F46K20.asm
                   PCLATU   0x000ffb       data     extern C:\MCC18\v3_39\src\traditional\proc\p18F46K20.asm
               STKPTRbits   0x000ffc       data     extern C:\MCC18\v3_39\src\traditional\proc\p18F46K20.asm
                   STKPTR   0x000ffc       data     extern C:\MCC18\v3_39\src\traditional\proc\p18F46K20.asm
                      TOS   0x000ffd       data     extern C:\MCC18\v3_39\src\traditional\proc\p18F46K20.asm
                     TOSL   0x000ffd       data     extern C:\MCC18\v3_39\src\traditional\proc\p18F46K20.asm
                     TOSH   0x000ffe       data     extern C:\MCC18\v3_39\src\traditional\proc\p18F46K20.asm
                     TOSU   0x000fff       data     extern C:\MCC18\v3_39\src\traditional\proc\p18F46K20.asm


