MPLINK 4.43, Linker
Linker Map File - Created Wed Jul 11 21:36:22 2012

                                 Section Info
                  Section       Type    Address   Location Size(Bytes)
                ---------  ---------  ---------  ---------  ---------
               _entry_scn       code   0x000000    program   0x000006
                   .cinit    romdata   0x000006    program   0x000002
 .code_BasicDisplayText.o       code   0x000008    program   0x000134
         .code_openxlcd.o       code   0x00013c    program   0x0000da
               _cinit_scn       code   0x000216    program   0x00009e
         .code_setddram.o       code   0x0002b4    program   0x00005c
         .code_writdata.o       code   0x000310    program   0x000058
         .code_wcmdxlcd.o       code   0x000368    program   0x000058
         .code_putsxlcd.o       code   0x0003c0    program   0x000056
         .code_busyxlcd.o       code   0x000416    program   0x000036
             D10KTCYXCODE       code   0x00044c    program   0x00002e
              D1KTCYXCODE       code   0x00047a    program   0x000020
                    .code       code   0x00049a    program   0x000020
             _startup_scn       code   0x0004ba    program   0x00001c
           .code___init.o       code   0x0004d6    program   0x000002
      .romdata_putsxlcd.o    romdata   0x0004d8    program   0x000000
      .idata_writdata.o_i    romdata   0x0004d8    program   0x000000
      .idata_putsxlcd.o_i    romdata   0x0004d8    program   0x000000
        .romdata___init.o    romdata   0x0004d8    program   0x000000
      .romdata_writdata.o    romdata   0x0004d8    program   0x000000
        .idata___init.o_i    romdata   0x0004d8    program   0x000000
         .idata_c018i.o_i    romdata   0x0004d8    program   0x000000
      .romdata_wcmdxlcd.o    romdata   0x0004d8    program   0x000000
      .idata_wcmdxlcd.o_i    romdata   0x0004d8    program   0x000000
      .romdata_setddram.o    romdata   0x0004d8    program   0x000000
      .idata_setddram.o_i    romdata   0x0004d8    program   0x000000
         .romdata_c018i.o    romdata   0x0004d8    program   0x000000
      .romdata_openxlcd.o    romdata   0x0004d8    program   0x000000
      .idata_openxlcd.o_i    romdata   0x0004d8    program   0x000000
      .romdata_busyxlcd.o    romdata   0x0004d8    program   0x000000
      .idata_busyxlcd.o_i    romdata   0x0004d8    program   0x000000
             .stringtable    romdata   0x0004d8    program   0x000000
            .code_c018i.o       code   0x0004d8    program   0x000000
.romdata_BasicDisplayText.o    romdata   0x0004d8    program   0x000000
.idata_BasicDisplayText.o_i    romdata   0x0004d8    program   0x000000
                MATH_DATA      udata   0x000000       data   0x000002
                DELAYDAT2      udata   0x000002       data   0x000001
                DELAYDAT1      udata   0x000003       data   0x000001
                 .tmpdata      udata   0x000004       data   0x000000
                   .stack      udata   0x000e00       data   0x000100
           .udata_c018i.o      udata   0x000f00       data   0x00000a
        .idata_writdata.o      idata   0x000f0a       data   0x000000
        .udata_writdata.o      udata   0x000f0a       data   0x000000
        .idata_putsxlcd.o      idata   0x000f0a       data   0x000000
        .udata_putsxlcd.o      udata   0x000f0a       data   0x000000
          .idata___init.o      idata   0x000f0a       data   0x000000
          .udata___init.o      udata   0x000f0a       data   0x000000
        .idata_wcmdxlcd.o      idata   0x000f0a       data   0x000000
        .udata_wcmdxlcd.o      udata   0x000f0a       data   0x000000
        .idata_setddram.o      idata   0x000f0a       data   0x000000
        .udata_setddram.o      udata   0x000f0a       data   0x000000
           .idata_c018i.o      idata   0x000f0a       data   0x000000
        .idata_openxlcd.o      idata   0x000f0a       data   0x000000
        .udata_openxlcd.o      udata   0x000f0a       data   0x000000
.udata_BasicDisplayText.o      udata   0x000f0a       data   0x000000
        .idata_busyxlcd.o      idata   0x000f0a       data   0x000000
        .udata_busyxlcd.o      udata   0x000f0a       data   0x000000
.idata_BasicDisplayText.o      idata   0x000f0a       data   0x000000
            SFR_UNBANKED0      udata   0x000f77       data   0x000089



                              Program Memory Usage 
                               Start         End      
                           ---------   ---------      
                            0x000000    0x0004d7      
            1240 out of 66584 program addresses used, program memory utilization is 1%



                              Symbols - Sorted by Name
                     Name    Address   Location    Storage File                     
                ---------  ---------  ---------  --------- ---------                
                 BusyXLCD   0x000416    program     extern E:\MPASM_MPLINK_PIC18_LT_Branch_3_42\pic18-lt\cxx-framework\src\pmc_common\XLCD\busyxlcd.c
                   D10K_1   0x000458    program     static E:\MPASM_MPLINK_PIC18_LT_Branch_3_42\pic18-lt\cxx-framework\src\traditional\delays\d10ktcyx.asm
                    D10Kl   0x000464    program     static E:\MPASM_MPLINK_PIC18_LT_Branch_3_42\pic18-lt\cxx-framework\src\traditional\delays\d10ktcyx.asm
                    D10Kx   0x000456    program     static E:\MPASM_MPLINK_PIC18_LT_Branch_3_42\pic18-lt\cxx-framework\src\traditional\delays\d10ktcyx.asm
                    D1K_1   0x000486    program     static E:\MPASM_MPLINK_PIC18_LT_Branch_3_42\pic18-lt\cxx-framework\src\traditional\delays\d1ktcyx.asm
                     D1Kx   0x000484    program     static E:\MPASM_MPLINK_PIC18_LT_Branch_3_42\pic18-lt\cxx-framework\src\traditional\delays\d1ktcyx.asm
             Delay10KTCYx   0x00044c    program     extern E:\MPASM_MPLINK_PIC18_LT_Branch_3_42\pic18-lt\cxx-framework\src\traditional\delays\d10ktcyx.asm
              Delay1KTCYx   0x00047a    program     extern E:\MPASM_MPLINK_PIC18_LT_Branch_3_42\pic18-lt\cxx-framework\src\traditional\delays\d1ktcyx.asm
            DelayFor18TCY   0x000008    program     extern D:\Lab411\PIC\C18 for PIC\MPLAB_tutorial\12_LCD_V1\BasicDisplayText.c
             DelayPORXLCD   0x000022    program     extern D:\Lab411\PIC\C18 for PIC\MPLAB_tutorial\12_LCD_V1\BasicDisplayText.c
                DelayXLCD   0x000030    program     extern D:\Lab411\PIC\C18 for PIC\MPLAB_tutorial\12_LCD_V1\BasicDisplayText.c
                 OpenXLCD   0x00013c    program     extern E:\MPASM_MPLINK_PIC18_LT_Branch_3_42\pic18-lt\cxx-framework\src\pmc_common\XLCD\openxlcd.c
             SetDDRamAddr   0x0002b4    program     extern E:\MPASM_MPLINK_PIC18_LT_Branch_3_42\pic18-lt\cxx-framework\src\pmc_common\XLCD\setddram.c
             WriteCmdXLCD   0x000368    program     extern E:\MPASM_MPLINK_PIC18_LT_Branch_3_42\pic18-lt\cxx-framework\src\pmc_common\XLCD\wcmdxlcd.c
            WriteDataXLCD   0x000310    program     extern E:\MPASM_MPLINK_PIC18_LT_Branch_3_42\pic18-lt\cxx-framework\src\pmc_common\XLCD\writdata.c
       _D10KTCYXCODE_0010   0x00045c    program     static E:\MPASM_MPLINK_PIC18_LT_Branch_3_42\pic18-lt\cxx-framework\src\traditional\delays\d10ktcyx.asm
       _D10KTCYXCODE_001C   0x000468    program     static E:\MPASM_MPLINK_PIC18_LT_Branch_3_42\pic18-lt\cxx-framework\src\traditional\delays\d10ktcyx.asm
        _D1KTCYXCODE_0010   0x00048a    program     static E:\MPASM_MPLINK_PIC18_LT_Branch_3_42\pic18-lt\cxx-framework\src\traditional\delays\d1ktcyx.asm
        _D1KTCYXCODE_0016   0x000490    program     static E:\MPASM_MPLINK_PIC18_LT_Branch_3_42\pic18-lt\cxx-framework\src\traditional\delays\d1ktcyx.asm
       ___return_lbl00000   0x000020    program     static                          
       ___return_lbl00000   0x000004    program     static                          
       ___return_lbl00001   0x0004d4    program     static                          
       ___return_lbl00002   0x0002b2    program     static                          
                   __init   0x0004d6    program     extern E:\MPASM_MPLINK_PIC18_LT_Branch_3_42\pic18-lt\cxx-framework\src\traditional\stdclib\__init.c
            __zero_memory   0x00049a    program     extern E:\MPASM_MPLINK_PIC18_LT_Branch_3_42\pic18-lt\cxx-framework\src\traditional\proc\p18f46k20.asm
                _do_cinit   0x000216    program     extern E:\MPASM_MPLINK_PIC18_LT_Branch_3_42\pic18-lt\cxx-framework\src\traditional\startup\c018i.c
                   _entry   0x000000    program     extern E:\MPASM_MPLINK_PIC18_LT_Branch_3_42\pic18-lt\cxx-framework\src\traditional\startup\c018i.c
                 _startup   0x0004ba    program     extern E:\MPASM_MPLINK_PIC18_LT_Branch_3_42\pic18-lt\cxx-framework\src\traditional\startup\c018i.c
                compare_l   0x0004b0    program     static E:\MPASM_MPLINK_PIC18_LT_Branch_3_42\pic18-lt\cxx-framework\src\traditional\proc\p18f46k20.asm
                copy_loop   0x000288    program     static                          
            copy_one_byte   0x00028e    program     static                          
                     done   0x0002b2    program     static                          
             done_copying   0x00029c    program     static                          
                     loop   0x0004ca    program     static                          
                   loop_h   0x0004a8    program     static E:\MPASM_MPLINK_PIC18_LT_Branch_3_42\pic18-lt\cxx-framework\src\traditional\proc\p18f46k20.asm
                   loop_l   0x0004b2    program     static E:\MPASM_MPLINK_PIC18_LT_Branch_3_42\pic18-lt\cxx-framework\src\traditional\proc\p18f46k20.asm
                     main   0x00003e    program     extern D:\Lab411\PIC\C18 for PIC\MPLAB_tutorial\12_LCD_V1\BasicDisplayText.c
                 putsXLCD   0x0003c0    program     extern E:\MPASM_MPLINK_PIC18_LT_Branch_3_42\pic18-lt\cxx-framework\src\pmc_common\XLCD\putsxlcd.c
                     test   0x000230    program     static                          
               zero_block   0x0004a8    program     static E:\MPASM_MPLINK_PIC18_LT_Branch_3_42\pic18-lt\cxx-framework\src\traditional\proc\p18f46k20.asm
                   ADCON0   0x000fc2       data     extern E:\MPASM_MPLINK_PIC18_LT_Branch_3_42\pic18-lt\cxx-framework\src\traditional\proc\p18f46k20.asm
               ADCON0bits   0x000fc2       data     extern E:\MPASM_MPLINK_PIC18_LT_Branch_3_42\pic18-lt\cxx-framework\src\traditional\proc\p18f46k20.asm
                   ADCON1   0x000fc1       data     extern E:\MPASM_MPLINK_PIC18_LT_Branch_3_42\pic18-lt\cxx-framework\src\traditional\proc\p18f46k20.asm
               ADCON1bits   0x000fc1       data     extern E:\MPASM_MPLINK_PIC18_LT_Branch_3_42\pic18-lt\cxx-framework\src\traditional\proc\p18f46k20.asm
                   ADCON2   0x000fc0       data     extern E:\MPASM_MPLINK_PIC18_LT_Branch_3_42\pic18-lt\cxx-framework\src\traditional\proc\p18f46k20.asm
               ADCON2bits   0x000fc0       data     extern E:\MPASM_MPLINK_PIC18_LT_Branch_3_42\pic18-lt\cxx-framework\src\traditional\proc\p18f46k20.asm
                    ADRES   0x000fc3       data     extern E:\MPASM_MPLINK_PIC18_LT_Branch_3_42\pic18-lt\cxx-framework\src\traditional\proc\p18f46k20.asm
                   ADRESH   0x000fc4       data     extern E:\MPASM_MPLINK_PIC18_LT_Branch_3_42\pic18-lt\cxx-framework\src\traditional\proc\p18f46k20.asm
                   ADRESL   0x000fc3       data     extern E:\MPASM_MPLINK_PIC18_LT_Branch_3_42\pic18-lt\cxx-framework\src\traditional\proc\p18f46k20.asm
                    ANSEL   0x000f7e       data     extern E:\MPASM_MPLINK_PIC18_LT_Branch_3_42\pic18-lt\cxx-framework\src\traditional\proc\p18f46k20.asm
                   ANSELH   0x000f7f       data     extern E:\MPASM_MPLINK_PIC18_LT_Branch_3_42\pic18-lt\cxx-framework\src\traditional\proc\p18f46k20.asm
               ANSELHbits   0x000f7f       data     extern E:\MPASM_MPLINK_PIC18_LT_Branch_3_42\pic18-lt\cxx-framework\src\traditional\proc\p18f46k20.asm
                ANSELbits   0x000f7e       data     extern E:\MPASM_MPLINK_PIC18_LT_Branch_3_42\pic18-lt\cxx-framework\src\traditional\proc\p18f46k20.asm
                  BAUDCON   0x000fb8       data     extern E:\MPASM_MPLINK_PIC18_LT_Branch_3_42\pic18-lt\cxx-framework\src\traditional\proc\p18f46k20.asm
              BAUDCONbits   0x000fb8       data     extern E:\MPASM_MPLINK_PIC18_LT_Branch_3_42\pic18-lt\cxx-framework\src\traditional\proc\p18f46k20.asm
                  BAUDCTL   0x000fb8       data     extern E:\MPASM_MPLINK_PIC18_LT_Branch_3_42\pic18-lt\cxx-framework\src\traditional\proc\p18f46k20.asm
              BAUDCTLbits   0x000fb8       data     extern E:\MPASM_MPLINK_PIC18_LT_Branch_3_42\pic18-lt\cxx-framework\src\traditional\proc\p18f46k20.asm
                      BSR   0x000fe0       data     extern E:\MPASM_MPLINK_PIC18_LT_Branch_3_42\pic18-lt\cxx-framework\src\traditional\proc\p18f46k20.asm
                  CCP1CON   0x000fbd       data     extern E:\MPASM_MPLINK_PIC18_LT_Branch_3_42\pic18-lt\cxx-framework\src\traditional\proc\p18f46k20.asm
              CCP1CONbits   0x000fbd       data     extern E:\MPASM_MPLINK_PIC18_LT_Branch_3_42\pic18-lt\cxx-framework\src\traditional\proc\p18f46k20.asm
                  CCP2CON   0x000fba       data     extern E:\MPASM_MPLINK_PIC18_LT_Branch_3_42\pic18-lt\cxx-framework\src\traditional\proc\p18f46k20.asm
              CCP2CONbits   0x000fba       data     extern E:\MPASM_MPLINK_PIC18_LT_Branch_3_42\pic18-lt\cxx-framework\src\traditional\proc\p18f46k20.asm
                    CCPR1   0x000fbe       data     extern E:\MPASM_MPLINK_PIC18_LT_Branch_3_42\pic18-lt\cxx-framework\src\traditional\proc\p18f46k20.asm
                   CCPR1H   0x000fbf       data     extern E:\MPASM_MPLINK_PIC18_LT_Branch_3_42\pic18-lt\cxx-framework\src\traditional\proc\p18f46k20.asm
                   CCPR1L   0x000fbe       data     extern E:\MPASM_MPLINK_PIC18_LT_Branch_3_42\pic18-lt\cxx-framework\src\traditional\proc\p18f46k20.asm
                    CCPR2   0x000fbb       data     extern E:\MPASM_MPLINK_PIC18_LT_Branch_3_42\pic18-lt\cxx-framework\src\traditional\proc\p18f46k20.asm
                   CCPR2H   0x000fbc       data     extern E:\MPASM_MPLINK_PIC18_LT_Branch_3_42\pic18-lt\cxx-framework\src\traditional\proc\p18f46k20.asm
                   CCPR2L   0x000fbb       data     extern E:\MPASM_MPLINK_PIC18_LT_Branch_3_42\pic18-lt\cxx-framework\src\traditional\proc\p18f46k20.asm
                  CM1CON0   0x000f7b       data     extern E:\MPASM_MPLINK_PIC18_LT_Branch_3_42\pic18-lt\cxx-framework\src\traditional\proc\p18f46k20.asm
              CM1CON0bits   0x000f7b       data     extern E:\MPASM_MPLINK_PIC18_LT_Branch_3_42\pic18-lt\cxx-framework\src\traditional\proc\p18f46k20.asm
                  CM2CON0   0x000f7a       data     extern E:\MPASM_MPLINK_PIC18_LT_Branch_3_42\pic18-lt\cxx-framework\src\traditional\proc\p18f46k20.asm
              CM2CON0bits   0x000f7a       data     extern E:\MPASM_MPLINK_PIC18_LT_Branch_3_42\pic18-lt\cxx-framework\src\traditional\proc\p18f46k20.asm
                  CM2CON1   0x000f79       data     extern E:\MPASM_MPLINK_PIC18_LT_Branch_3_42\pic18-lt\cxx-framework\src\traditional\proc\p18f46k20.asm
              CM2CON1bits   0x000f79       data     extern E:\MPASM_MPLINK_PIC18_LT_Branch_3_42\pic18-lt\cxx-framework\src\traditional\proc\p18f46k20.asm
                   CVRCON   0x000fb5       data     extern E:\MPASM_MPLINK_PIC18_LT_Branch_3_42\pic18-lt\cxx-framework\src\traditional\proc\p18f46k20.asm
                  CVRCON2   0x000fb4       data     extern E:\MPASM_MPLINK_PIC18_LT_Branch_3_42\pic18-lt\cxx-framework\src\traditional\proc\p18f46k20.asm
              CVRCON2bits   0x000fb4       data     extern E:\MPASM_MPLINK_PIC18_LT_Branch_3_42\pic18-lt\cxx-framework\src\traditional\proc\p18f46k20.asm
               CVRCONbits   0x000fb5       data     extern E:\MPASM_MPLINK_PIC18_LT_Branch_3_42\pic18-lt\cxx-framework\src\traditional\proc\p18f46k20.asm
                     DDRA   0x000f92       data     extern E:\MPASM_MPLINK_PIC18_LT_Branch_3_42\pic18-lt\cxx-framework\src\traditional\proc\p18f46k20.asm
                 DDRAbits   0x000f92       data     extern E:\MPASM_MPLINK_PIC18_LT_Branch_3_42\pic18-lt\cxx-framework\src\traditional\proc\p18f46k20.asm
                     DDRB   0x000f93       data     extern E:\MPASM_MPLINK_PIC18_LT_Branch_3_42\pic18-lt\cxx-framework\src\traditional\proc\p18f46k20.asm
                 DDRBbits   0x000f93       data     extern E:\MPASM_MPLINK_PIC18_LT_Branch_3_42\pic18-lt\cxx-framework\src\traditional\proc\p18f46k20.asm
                     DDRC   0x000f94       data     extern E:\MPASM_MPLINK_PIC18_LT_Branch_3_42\pic18-lt\cxx-framework\src\traditional\proc\p18f46k20.asm
                 DDRCbits   0x000f94       data     extern E:\MPASM_MPLINK_PIC18_LT_Branch_3_42\pic18-lt\cxx-framework\src\traditional\proc\p18f46k20.asm
                     DDRD   0x000f95       data     extern E:\MPASM_MPLINK_PIC18_LT_Branch_3_42\pic18-lt\cxx-framework\src\traditional\proc\p18f46k20.asm
                 DDRDbits   0x000f95       data     extern E:\MPASM_MPLINK_PIC18_LT_Branch_3_42\pic18-lt\cxx-framework\src\traditional\proc\p18f46k20.asm
                     DDRE   0x000f96       data     extern E:\MPASM_MPLINK_PIC18_LT_Branch_3_42\pic18-lt\cxx-framework\src\traditional\proc\p18f46k20.asm
                 DDREbits   0x000f96       data     extern E:\MPASM_MPLINK_PIC18_LT_Branch_3_42\pic18-lt\cxx-framework\src\traditional\proc\p18f46k20.asm
            DelayCounter1   0x000003       data     extern E:\MPASM_MPLINK_PIC18_LT_Branch_3_42\pic18-lt\cxx-framework\src\traditional\delays\delayd1.asm
            DelayCounter2   0x000002       data     extern E:\MPASM_MPLINK_PIC18_LT_Branch_3_42\pic18-lt\cxx-framework\src\traditional\delays\delayd2.asm
                  ECCP1AS   0x000fb6       data     extern E:\MPASM_MPLINK_PIC18_LT_Branch_3_42\pic18-lt\cxx-framework\src\traditional\proc\p18f46k20.asm
              ECCP1ASbits   0x000fb6       data     extern E:\MPASM_MPLINK_PIC18_LT_Branch_3_42\pic18-lt\cxx-framework\src\traditional\proc\p18f46k20.asm
                    EEADR   0x000fa9       data     extern E:\MPASM_MPLINK_PIC18_LT_Branch_3_42\pic18-lt\cxx-framework\src\traditional\proc\p18f46k20.asm
                   EEADRH   0x000faa       data     extern E:\MPASM_MPLINK_PIC18_LT_Branch_3_42\pic18-lt\cxx-framework\src\traditional\proc\p18f46k20.asm
               EEADRHbits   0x000faa       data     extern E:\MPASM_MPLINK_PIC18_LT_Branch_3_42\pic18-lt\cxx-framework\src\traditional\proc\p18f46k20.asm
                EEADRbits   0x000fa9       data     extern E:\MPASM_MPLINK_PIC18_LT_Branch_3_42\pic18-lt\cxx-framework\src\traditional\proc\p18f46k20.asm
                   EECON1   0x000fa6       data     extern E:\MPASM_MPLINK_PIC18_LT_Branch_3_42\pic18-lt\cxx-framework\src\traditional\proc\p18f46k20.asm
               EECON1bits   0x000fa6       data     extern E:\MPASM_MPLINK_PIC18_LT_Branch_3_42\pic18-lt\cxx-framework\src\traditional\proc\p18f46k20.asm
                   EECON2   0x000fa7       data     extern E:\MPASM_MPLINK_PIC18_LT_Branch_3_42\pic18-lt\cxx-framework\src\traditional\proc\p18f46k20.asm
                   EEDATA   0x000fa8       data     extern E:\MPASM_MPLINK_PIC18_LT_Branch_3_42\pic18-lt\cxx-framework\src\traditional\proc\p18f46k20.asm
                     FSR0   0x000fe9       data     extern E:\MPASM_MPLINK_PIC18_LT_Branch_3_42\pic18-lt\cxx-framework\src\traditional\proc\p18f46k20.asm
                    FSR0H   0x000fea       data     extern E:\MPASM_MPLINK_PIC18_LT_Branch_3_42\pic18-lt\cxx-framework\src\traditional\proc\p18f46k20.asm
                    FSR0L   0x000fe9       data     extern E:\MPASM_MPLINK_PIC18_LT_Branch_3_42\pic18-lt\cxx-framework\src\traditional\proc\p18f46k20.asm
                     FSR1   0x000fe1       data     extern E:\MPASM_MPLINK_PIC18_LT_Branch_3_42\pic18-lt\cxx-framework\src\traditional\proc\p18f46k20.asm
                    FSR1H   0x000fe2       data     extern E:\MPASM_MPLINK_PIC18_LT_Branch_3_42\pic18-lt\cxx-framework\src\traditional\proc\p18f46k20.asm
                    FSR1L   0x000fe1       data     extern E:\MPASM_MPLINK_PIC18_LT_Branch_3_42\pic18-lt\cxx-framework\src\traditional\proc\p18f46k20.asm
                     FSR2   0x000fd9       data     extern E:\MPASM_MPLINK_PIC18_LT_Branch_3_42\pic18-lt\cxx-framework\src\traditional\proc\p18f46k20.asm
                    FSR2H   0x000fda       data     extern E:\MPASM_MPLINK_PIC18_LT_Branch_3_42\pic18-lt\cxx-framework\src\traditional\proc\p18f46k20.asm
                    FSR2L   0x000fd9       data     extern E:\MPASM_MPLINK_PIC18_LT_Branch_3_42\pic18-lt\cxx-framework\src\traditional\proc\p18f46k20.asm
                  HLVDCON   0x000fd2       data     extern E:\MPASM_MPLINK_PIC18_LT_Branch_3_42\pic18-lt\cxx-framework\src\traditional\proc\p18f46k20.asm
              HLVDCONbits   0x000fd2       data     extern E:\MPASM_MPLINK_PIC18_LT_Branch_3_42\pic18-lt\cxx-framework\src\traditional\proc\p18f46k20.asm
                    INDF0   0x000fef       data     extern E:\MPASM_MPLINK_PIC18_LT_Branch_3_42\pic18-lt\cxx-framework\src\traditional\proc\p18f46k20.asm
                    INDF1   0x000fe7       data     extern E:\MPASM_MPLINK_PIC18_LT_Branch_3_42\pic18-lt\cxx-framework\src\traditional\proc\p18f46k20.asm
                    INDF2   0x000fdf       data     extern E:\MPASM_MPLINK_PIC18_LT_Branch_3_42\pic18-lt\cxx-framework\src\traditional\proc\p18f46k20.asm
                   INTCON   0x000ff2       data     extern E:\MPASM_MPLINK_PIC18_LT_Branch_3_42\pic18-lt\cxx-framework\src\traditional\proc\p18f46k20.asm
                  INTCON2   0x000ff1       data     extern E:\MPASM_MPLINK_PIC18_LT_Branch_3_42\pic18-lt\cxx-framework\src\traditional\proc\p18f46k20.asm
              INTCON2bits   0x000ff1       data     extern E:\MPASM_MPLINK_PIC18_LT_Branch_3_42\pic18-lt\cxx-framework\src\traditional\proc\p18f46k20.asm
                  INTCON3   0x000ff0       data     extern E:\MPASM_MPLINK_PIC18_LT_Branch_3_42\pic18-lt\cxx-framework\src\traditional\proc\p18f46k20.asm
              INTCON3bits   0x000ff0       data     extern E:\MPASM_MPLINK_PIC18_LT_Branch_3_42\pic18-lt\cxx-framework\src\traditional\proc\p18f46k20.asm
               INTCONbits   0x000ff2       data     extern E:\MPASM_MPLINK_PIC18_LT_Branch_3_42\pic18-lt\cxx-framework\src\traditional\proc\p18f46k20.asm
                     IOCB   0x000f7d       data     extern E:\MPASM_MPLINK_PIC18_LT_Branch_3_42\pic18-lt\cxx-framework\src\traditional\proc\p18f46k20.asm
                 IOCBbits   0x000f7d       data     extern E:\MPASM_MPLINK_PIC18_LT_Branch_3_42\pic18-lt\cxx-framework\src\traditional\proc\p18f46k20.asm
                     IPR1   0x000f9f       data     extern E:\MPASM_MPLINK_PIC18_LT_Branch_3_42\pic18-lt\cxx-framework\src\traditional\proc\p18f46k20.asm
                 IPR1bits   0x000f9f       data     extern E:\MPASM_MPLINK_PIC18_LT_Branch_3_42\pic18-lt\cxx-framework\src\traditional\proc\p18f46k20.asm
                     IPR2   0x000fa2       data     extern E:\MPASM_MPLINK_PIC18_LT_Branch_3_42\pic18-lt\cxx-framework\src\traditional\proc\p18f46k20.asm
                 IPR2bits   0x000fa2       data     extern E:\MPASM_MPLINK_PIC18_LT_Branch_3_42\pic18-lt\cxx-framework\src\traditional\proc\p18f46k20.asm
                     LATA   0x000f89       data     extern E:\MPASM_MPLINK_PIC18_LT_Branch_3_42\pic18-lt\cxx-framework\src\traditional\proc\p18f46k20.asm
                 LATAbits   0x000f89       data     extern E:\MPASM_MPLINK_PIC18_LT_Branch_3_42\pic18-lt\cxx-framework\src\traditional\proc\p18f46k20.asm
                     LATB   0x000f8a       data     extern E:\MPASM_MPLINK_PIC18_LT_Branch_3_42\pic18-lt\cxx-framework\src\traditional\proc\p18f46k20.asm
                 LATBbits   0x000f8a       data     extern E:\MPASM_MPLINK_PIC18_LT_Branch_3_42\pic18-lt\cxx-framework\src\traditional\proc\p18f46k20.asm
                     LATC   0x000f8b       data     extern E:\MPASM_MPLINK_PIC18_LT_Branch_3_42\pic18-lt\cxx-framework\src\traditional\proc\p18f46k20.asm
                 LATCbits   0x000f8b       data     extern E:\MPASM_MPLINK_PIC18_LT_Branch_3_42\pic18-lt\cxx-framework\src\traditional\proc\p18f46k20.asm
                     LATD   0x000f8c       data     extern E:\MPASM_MPLINK_PIC18_LT_Branch_3_42\pic18-lt\cxx-framework\src\traditional\proc\p18f46k20.asm
                 LATDbits   0x000f8c       data     extern E:\MPASM_MPLINK_PIC18_LT_Branch_3_42\pic18-lt\cxx-framework\src\traditional\proc\p18f46k20.asm
                     LATE   0x000f8d       data     extern E:\MPASM_MPLINK_PIC18_LT_Branch_3_42\pic18-lt\cxx-framework\src\traditional\proc\p18f46k20.asm
                 LATEbits   0x000f8d       data     extern E:\MPASM_MPLINK_PIC18_LT_Branch_3_42\pic18-lt\cxx-framework\src\traditional\proc\p18f46k20.asm
                   LVDCON   0x000fd2       data     extern E:\MPASM_MPLINK_PIC18_LT_Branch_3_42\pic18-lt\cxx-framework\src\traditional\proc\p18f46k20.asm
               LVDCONbits   0x000fd2       data     extern E:\MPASM_MPLINK_PIC18_LT_Branch_3_42\pic18-lt\cxx-framework\src\traditional\proc\p18f46k20.asm
                   OSCCON   0x000fd3       data     extern E:\MPASM_MPLINK_PIC18_LT_Branch_3_42\pic18-lt\cxx-framework\src\traditional\proc\p18f46k20.asm
               OSCCONbits   0x000fd3       data     extern E:\MPASM_MPLINK_PIC18_LT_Branch_3_42\pic18-lt\cxx-framework\src\traditional\proc\p18f46k20.asm
                  OSCTUNE   0x000f9b       data     extern E:\MPASM_MPLINK_PIC18_LT_Branch_3_42\pic18-lt\cxx-framework\src\traditional\proc\p18f46k20.asm
              OSCTUNEbits   0x000f9b       data     extern E:\MPASM_MPLINK_PIC18_LT_Branch_3_42\pic18-lt\cxx-framework\src\traditional\proc\p18f46k20.asm
                       PC   0x000ff9       data     extern E:\MPASM_MPLINK_PIC18_LT_Branch_3_42\pic18-lt\cxx-framework\src\traditional\proc\p18f46k20.asm
                      PCL   0x000ff9       data     extern E:\MPASM_MPLINK_PIC18_LT_Branch_3_42\pic18-lt\cxx-framework\src\traditional\proc\p18f46k20.asm
                   PCLATH   0x000ffa       data     extern E:\MPASM_MPLINK_PIC18_LT_Branch_3_42\pic18-lt\cxx-framework\src\traditional\proc\p18f46k20.asm
                   PCLATU   0x000ffb       data     extern E:\MPASM_MPLINK_PIC18_LT_Branch_3_42\pic18-lt\cxx-framework\src\traditional\proc\p18f46k20.asm
                     PIE1   0x000f9d       data     extern E:\MPASM_MPLINK_PIC18_LT_Branch_3_42\pic18-lt\cxx-framework\src\traditional\proc\p18f46k20.asm
                 PIE1bits   0x000f9d       data     extern E:\MPASM_MPLINK_PIC18_LT_Branch_3_42\pic18-lt\cxx-framework\src\traditional\proc\p18f46k20.asm
                     PIE2   0x000fa0       data     extern E:\MPASM_MPLINK_PIC18_LT_Branch_3_42\pic18-lt\cxx-framework\src\traditional\proc\p18f46k20.asm
                 PIE2bits   0x000fa0       data     extern E:\MPASM_MPLINK_PIC18_LT_Branch_3_42\pic18-lt\cxx-framework\src\traditional\proc\p18f46k20.asm
                     PIR1   0x000f9e       data     extern E:\MPASM_MPLINK_PIC18_LT_Branch_3_42\pic18-lt\cxx-framework\src\traditional\proc\p18f46k20.asm
                 PIR1bits   0x000f9e       data     extern E:\MPASM_MPLINK_PIC18_LT_Branch_3_42\pic18-lt\cxx-framework\src\traditional\proc\p18f46k20.asm
                     PIR2   0x000fa1       data     extern E:\MPASM_MPLINK_PIC18_LT_Branch_3_42\pic18-lt\cxx-framework\src\traditional\proc\p18f46k20.asm
                 PIR2bits   0x000fa1       data     extern E:\MPASM_MPLINK_PIC18_LT_Branch_3_42\pic18-lt\cxx-framework\src\traditional\proc\p18f46k20.asm
                   PLUSW0   0x000feb       data     extern E:\MPASM_MPLINK_PIC18_LT_Branch_3_42\pic18-lt\cxx-framework\src\traditional\proc\p18f46k20.asm
                   PLUSW1   0x000fe3       data     extern E:\MPASM_MPLINK_PIC18_LT_Branch_3_42\pic18-lt\cxx-framework\src\traditional\proc\p18f46k20.asm
                   PLUSW2   0x000fdb       data     extern E:\MPASM_MPLINK_PIC18_LT_Branch_3_42\pic18-lt\cxx-framework\src\traditional\proc\p18f46k20.asm
                    PORTA   0x000f80       data     extern E:\MPASM_MPLINK_PIC18_LT_Branch_3_42\pic18-lt\cxx-framework\src\traditional\proc\p18f46k20.asm
                PORTAbits   0x000f80       data     extern E:\MPASM_MPLINK_PIC18_LT_Branch_3_42\pic18-lt\cxx-framework\src\traditional\proc\p18f46k20.asm
                    PORTB   0x000f81       data     extern E:\MPASM_MPLINK_PIC18_LT_Branch_3_42\pic18-lt\cxx-framework\src\traditional\proc\p18f46k20.asm
                PORTBbits   0x000f81       data     extern E:\MPASM_MPLINK_PIC18_LT_Branch_3_42\pic18-lt\cxx-framework\src\traditional\proc\p18f46k20.asm
                    PORTC   0x000f82       data     extern E:\MPASM_MPLINK_PIC18_LT_Branch_3_42\pic18-lt\cxx-framework\src\traditional\proc\p18f46k20.asm
                PORTCbits   0x000f82       data     extern E:\MPASM_MPLINK_PIC18_LT_Branch_3_42\pic18-lt\cxx-framework\src\traditional\proc\p18f46k20.asm
                    PORTD   0x000f83       data     extern E:\MPASM_MPLINK_PIC18_LT_Branch_3_42\pic18-lt\cxx-framework\src\traditional\proc\p18f46k20.asm
                PORTDbits   0x000f83       data     extern E:\MPASM_MPLINK_PIC18_LT_Branch_3_42\pic18-lt\cxx-framework\src\traditional\proc\p18f46k20.asm
                    PORTE   0x000f84       data     extern E:\MPASM_MPLINK_PIC18_LT_Branch_3_42\pic18-lt\cxx-framework\src\traditional\proc\p18f46k20.asm
                PORTEbits   0x000f84       data     extern E:\MPASM_MPLINK_PIC18_LT_Branch_3_42\pic18-lt\cxx-framework\src\traditional\proc\p18f46k20.asm
                 POSTDEC0   0x000fed       data     extern E:\MPASM_MPLINK_PIC18_LT_Branch_3_42\pic18-lt\cxx-framework\src\traditional\proc\p18f46k20.asm
                 POSTDEC1   0x000fe5       data     extern E:\MPASM_MPLINK_PIC18_LT_Branch_3_42\pic18-lt\cxx-framework\src\traditional\proc\p18f46k20.asm
                 POSTDEC2   0x000fdd       data     extern E:\MPASM_MPLINK_PIC18_LT_Branch_3_42\pic18-lt\cxx-framework\src\traditional\proc\p18f46k20.asm
                 POSTINC0   0x000fee       data     extern E:\MPASM_MPLINK_PIC18_LT_Branch_3_42\pic18-lt\cxx-framework\src\traditional\proc\p18f46k20.asm
                 POSTINC1   0x000fe6       data     extern E:\MPASM_MPLINK_PIC18_LT_Branch_3_42\pic18-lt\cxx-framework\src\traditional\proc\p18f46k20.asm
                 POSTINC2   0x000fde       data     extern E:\MPASM_MPLINK_PIC18_LT_Branch_3_42\pic18-lt\cxx-framework\src\traditional\proc\p18f46k20.asm
                      PR2   0x000fcb       data     extern E:\MPASM_MPLINK_PIC18_LT_Branch_3_42\pic18-lt\cxx-framework\src\traditional\proc\p18f46k20.asm
                  PREINC0   0x000fec       data     extern E:\MPASM_MPLINK_PIC18_LT_Branch_3_42\pic18-lt\cxx-framework\src\traditional\proc\p18f46k20.asm
                  PREINC1   0x000fe4       data     extern E:\MPASM_MPLINK_PIC18_LT_Branch_3_42\pic18-lt\cxx-framework\src\traditional\proc\p18f46k20.asm
                  PREINC2   0x000fdc       data     extern E:\MPASM_MPLINK_PIC18_LT_Branch_3_42\pic18-lt\cxx-framework\src\traditional\proc\p18f46k20.asm
                     PROD   0x000ff3       data     extern E:\MPASM_MPLINK_PIC18_LT_Branch_3_42\pic18-lt\cxx-framework\src\traditional\proc\p18f46k20.asm
                    PRODH   0x000ff4       data     extern E:\MPASM_MPLINK_PIC18_LT_Branch_3_42\pic18-lt\cxx-framework\src\traditional\proc\p18f46k20.asm
                    PRODL   0x000ff3       data     extern E:\MPASM_MPLINK_PIC18_LT_Branch_3_42\pic18-lt\cxx-framework\src\traditional\proc\p18f46k20.asm
                  PSTRCON   0x000fb9       data     extern E:\MPASM_MPLINK_PIC18_LT_Branch_3_42\pic18-lt\cxx-framework\src\traditional\proc\p18f46k20.asm
              PSTRCONbits   0x000fb9       data     extern E:\MPASM_MPLINK_PIC18_LT_Branch_3_42\pic18-lt\cxx-framework\src\traditional\proc\p18f46k20.asm
                  PWM1CON   0x000fb7       data     extern E:\MPASM_MPLINK_PIC18_LT_Branch_3_42\pic18-lt\cxx-framework\src\traditional\proc\p18f46k20.asm
              PWM1CONbits   0x000fb7       data     extern E:\MPASM_MPLINK_PIC18_LT_Branch_3_42\pic18-lt\cxx-framework\src\traditional\proc\p18f46k20.asm
                     RCON   0x000fd0       data     extern E:\MPASM_MPLINK_PIC18_LT_Branch_3_42\pic18-lt\cxx-framework\src\traditional\proc\p18f46k20.asm
                 RCONbits   0x000fd0       data     extern E:\MPASM_MPLINK_PIC18_LT_Branch_3_42\pic18-lt\cxx-framework\src\traditional\proc\p18f46k20.asm
                    RCREG   0x000fae       data     extern E:\MPASM_MPLINK_PIC18_LT_Branch_3_42\pic18-lt\cxx-framework\src\traditional\proc\p18f46k20.asm
                    RCSTA   0x000fab       data     extern E:\MPASM_MPLINK_PIC18_LT_Branch_3_42\pic18-lt\cxx-framework\src\traditional\proc\p18f46k20.asm
                RCSTAbits   0x000fab       data     extern E:\MPASM_MPLINK_PIC18_LT_Branch_3_42\pic18-lt\cxx-framework\src\traditional\proc\p18f46k20.asm
                     SIGN   0x000000       data     extern E:\MPASM_MPLINK_PIC18_LT_Branch_3_42\pic18-lt\cxx-framework\src\traditional\math\cmath18.asm
                   SLRCON   0x000f78       data     extern E:\MPASM_MPLINK_PIC18_LT_Branch_3_42\pic18-lt\cxx-framework\src\traditional\proc\p18f46k20.asm
               SLRCONbits   0x000f78       data     extern E:\MPASM_MPLINK_PIC18_LT_Branch_3_42\pic18-lt\cxx-framework\src\traditional\proc\p18f46k20.asm
                    SPBRG   0x000faf       data     extern E:\MPASM_MPLINK_PIC18_LT_Branch_3_42\pic18-lt\cxx-framework\src\traditional\proc\p18f46k20.asm
                   SPBRGH   0x000fb0       data     extern E:\MPASM_MPLINK_PIC18_LT_Branch_3_42\pic18-lt\cxx-framework\src\traditional\proc\p18f46k20.asm
                   SSPADD   0x000fc8       data     extern E:\MPASM_MPLINK_PIC18_LT_Branch_3_42\pic18-lt\cxx-framework\src\traditional\proc\p18f46k20.asm
                   SSPBUF   0x000fc9       data     extern E:\MPASM_MPLINK_PIC18_LT_Branch_3_42\pic18-lt\cxx-framework\src\traditional\proc\p18f46k20.asm
                  SSPCON1   0x000fc6       data     extern E:\MPASM_MPLINK_PIC18_LT_Branch_3_42\pic18-lt\cxx-framework\src\traditional\proc\p18f46k20.asm
              SSPCON1bits   0x000fc6       data     extern E:\MPASM_MPLINK_PIC18_LT_Branch_3_42\pic18-lt\cxx-framework\src\traditional\proc\p18f46k20.asm
                  SSPCON2   0x000fc5       data     extern E:\MPASM_MPLINK_PIC18_LT_Branch_3_42\pic18-lt\cxx-framework\src\traditional\proc\p18f46k20.asm
              SSPCON2bits   0x000fc5       data     extern E:\MPASM_MPLINK_PIC18_LT_Branch_3_42\pic18-lt\cxx-framework\src\traditional\proc\p18f46k20.asm
                   SSPMSK   0x000f77       data     extern E:\MPASM_MPLINK_PIC18_LT_Branch_3_42\pic18-lt\cxx-framework\src\traditional\proc\p18f46k20.asm
               SSPMSKbits   0x000f77       data     extern E:\MPASM_MPLINK_PIC18_LT_Branch_3_42\pic18-lt\cxx-framework\src\traditional\proc\p18f46k20.asm
                  SSPSTAT   0x000fc7       data     extern E:\MPASM_MPLINK_PIC18_LT_Branch_3_42\pic18-lt\cxx-framework\src\traditional\proc\p18f46k20.asm
              SSPSTATbits   0x000fc7       data     extern E:\MPASM_MPLINK_PIC18_LT_Branch_3_42\pic18-lt\cxx-framework\src\traditional\proc\p18f46k20.asm
                   STATUS   0x000fd8       data     extern E:\MPASM_MPLINK_PIC18_LT_Branch_3_42\pic18-lt\cxx-framework\src\traditional\proc\p18f46k20.asm
               STATUSbits   0x000fd8       data     extern E:\MPASM_MPLINK_PIC18_LT_Branch_3_42\pic18-lt\cxx-framework\src\traditional\proc\p18f46k20.asm
                   STKPTR   0x000ffc       data     extern E:\MPASM_MPLINK_PIC18_LT_Branch_3_42\pic18-lt\cxx-framework\src\traditional\proc\p18f46k20.asm
               STKPTRbits   0x000ffc       data     extern E:\MPASM_MPLINK_PIC18_LT_Branch_3_42\pic18-lt\cxx-framework\src\traditional\proc\p18f46k20.asm
                    T0CON   0x000fd5       data     extern E:\MPASM_MPLINK_PIC18_LT_Branch_3_42\pic18-lt\cxx-framework\src\traditional\proc\p18f46k20.asm
                T0CONbits   0x000fd5       data     extern E:\MPASM_MPLINK_PIC18_LT_Branch_3_42\pic18-lt\cxx-framework\src\traditional\proc\p18f46k20.asm
                    T1CON   0x000fcd       data     extern E:\MPASM_MPLINK_PIC18_LT_Branch_3_42\pic18-lt\cxx-framework\src\traditional\proc\p18f46k20.asm
                T1CONbits   0x000fcd       data     extern E:\MPASM_MPLINK_PIC18_LT_Branch_3_42\pic18-lt\cxx-framework\src\traditional\proc\p18f46k20.asm
                    T2CON   0x000fca       data     extern E:\MPASM_MPLINK_PIC18_LT_Branch_3_42\pic18-lt\cxx-framework\src\traditional\proc\p18f46k20.asm
                T2CONbits   0x000fca       data     extern E:\MPASM_MPLINK_PIC18_LT_Branch_3_42\pic18-lt\cxx-framework\src\traditional\proc\p18f46k20.asm
                    T3CON   0x000fb1       data     extern E:\MPASM_MPLINK_PIC18_LT_Branch_3_42\pic18-lt\cxx-framework\src\traditional\proc\p18f46k20.asm
                T3CONbits   0x000fb1       data     extern E:\MPASM_MPLINK_PIC18_LT_Branch_3_42\pic18-lt\cxx-framework\src\traditional\proc\p18f46k20.asm
                   TABLAT   0x000ff5       data     extern E:\MPASM_MPLINK_PIC18_LT_Branch_3_42\pic18-lt\cxx-framework\src\traditional\proc\p18f46k20.asm
                   TBLPTR   0x000ff6       data     extern E:\MPASM_MPLINK_PIC18_LT_Branch_3_42\pic18-lt\cxx-framework\src\traditional\proc\p18f46k20.asm
                  TBLPTRH   0x000ff7       data     extern E:\MPASM_MPLINK_PIC18_LT_Branch_3_42\pic18-lt\cxx-framework\src\traditional\proc\p18f46k20.asm
                  TBLPTRL   0x000ff6       data     extern E:\MPASM_MPLINK_PIC18_LT_Branch_3_42\pic18-lt\cxx-framework\src\traditional\proc\p18f46k20.asm
                  TBLPTRU   0x000ff8       data     extern E:\MPASM_MPLINK_PIC18_LT_Branch_3_42\pic18-lt\cxx-framework\src\traditional\proc\p18f46k20.asm
                    TMR0H   0x000fd7       data     extern E:\MPASM_MPLINK_PIC18_LT_Branch_3_42\pic18-lt\cxx-framework\src\traditional\proc\p18f46k20.asm
                    TMR0L   0x000fd6       data     extern E:\MPASM_MPLINK_PIC18_LT_Branch_3_42\pic18-lt\cxx-framework\src\traditional\proc\p18f46k20.asm
                    TMR1H   0x000fcf       data     extern E:\MPASM_MPLINK_PIC18_LT_Branch_3_42\pic18-lt\cxx-framework\src\traditional\proc\p18f46k20.asm
                    TMR1L   0x000fce       data     extern E:\MPASM_MPLINK_PIC18_LT_Branch_3_42\pic18-lt\cxx-framework\src\traditional\proc\p18f46k20.asm
                     TMR2   0x000fcc       data     extern E:\MPASM_MPLINK_PIC18_LT_Branch_3_42\pic18-lt\cxx-framework\src\traditional\proc\p18f46k20.asm
                    TMR3H   0x000fb3       data     extern E:\MPASM_MPLINK_PIC18_LT_Branch_3_42\pic18-lt\cxx-framework\src\traditional\proc\p18f46k20.asm
                    TMR3L   0x000fb2       data     extern E:\MPASM_MPLINK_PIC18_LT_Branch_3_42\pic18-lt\cxx-framework\src\traditional\proc\p18f46k20.asm
                      TOS   0x000ffd       data     extern E:\MPASM_MPLINK_PIC18_LT_Branch_3_42\pic18-lt\cxx-framework\src\traditional\proc\p18f46k20.asm
                     TOSH   0x000ffe       data     extern E:\MPASM_MPLINK_PIC18_LT_Branch_3_42\pic18-lt\cxx-framework\src\traditional\proc\p18f46k20.asm
                     TOSL   0x000ffd       data     extern E:\MPASM_MPLINK_PIC18_LT_Branch_3_42\pic18-lt\cxx-framework\src\traditional\proc\p18f46k20.asm
                     TOSU   0x000fff       data     extern E:\MPASM_MPLINK_PIC18_LT_Branch_3_42\pic18-lt\cxx-framework\src\traditional\proc\p18f46k20.asm
                    TRISA   0x000f92       data     extern E:\MPASM_MPLINK_PIC18_LT_Branch_3_42\pic18-lt\cxx-framework\src\traditional\proc\p18f46k20.asm
                TRISAbits   0x000f92       data     extern E:\MPASM_MPLINK_PIC18_LT_Branch_3_42\pic18-lt\cxx-framework\src\traditional\proc\p18f46k20.asm
                    TRISB   0x000f93       data     extern E:\MPASM_MPLINK_PIC18_LT_Branch_3_42\pic18-lt\cxx-framework\src\traditional\proc\p18f46k20.asm
                TRISBbits   0x000f93       data     extern E:\MPASM_MPLINK_PIC18_LT_Branch_3_42\pic18-lt\cxx-framework\src\traditional\proc\p18f46k20.asm
                    TRISC   0x000f94       data     extern E:\MPASM_MPLINK_PIC18_LT_Branch_3_42\pic18-lt\cxx-framework\src\traditional\proc\p18f46k20.asm
                TRISCbits   0x000f94       data     extern E:\MPASM_MPLINK_PIC18_LT_Branch_3_42\pic18-lt\cxx-framework\src\traditional\proc\p18f46k20.asm
                    TRISD   0x000f95       data     extern E:\MPASM_MPLINK_PIC18_LT_Branch_3_42\pic18-lt\cxx-framework\src\traditional\proc\p18f46k20.asm
                TRISDbits   0x000f95       data     extern E:\MPASM_MPLINK_PIC18_LT_Branch_3_42\pic18-lt\cxx-framework\src\traditional\proc\p18f46k20.asm
                    TRISE   0x000f96       data     extern E:\MPASM_MPLINK_PIC18_LT_Branch_3_42\pic18-lt\cxx-framework\src\traditional\proc\p18f46k20.asm
                TRISEbits   0x000f96       data     extern E:\MPASM_MPLINK_PIC18_LT_Branch_3_42\pic18-lt\cxx-framework\src\traditional\proc\p18f46k20.asm
                    TXREG   0x000fad       data     extern E:\MPASM_MPLINK_PIC18_LT_Branch_3_42\pic18-lt\cxx-framework\src\traditional\proc\p18f46k20.asm
                    TXSTA   0x000fac       data     extern E:\MPASM_MPLINK_PIC18_LT_Branch_3_42\pic18-lt\cxx-framework\src\traditional\proc\p18f46k20.asm
                TXSTAbits   0x000fac       data     extern E:\MPASM_MPLINK_PIC18_LT_Branch_3_42\pic18-lt\cxx-framework\src\traditional\proc\p18f46k20.asm
                        W   0x000fe8       data     extern E:\MPASM_MPLINK_PIC18_LT_Branch_3_42\pic18-lt\cxx-framework\src\traditional\proc\p18f46k20.asm
                   WDTCON   0x000fd1       data     extern E:\MPASM_MPLINK_PIC18_LT_Branch_3_42\pic18-lt\cxx-framework\src\traditional\proc\p18f46k20.asm
               WDTCONbits   0x000fd1       data     extern E:\MPASM_MPLINK_PIC18_LT_Branch_3_42\pic18-lt\cxx-framework\src\traditional\proc\p18f46k20.asm
                     WPUB   0x000f7c       data     extern E:\MPASM_MPLINK_PIC18_LT_Branch_3_42\pic18-lt\cxx-framework\src\traditional\proc\p18f46k20.asm
                 WPUBbits   0x000f7c       data     extern E:\MPASM_MPLINK_PIC18_LT_Branch_3_42\pic18-lt\cxx-framework\src\traditional\proc\p18f46k20.asm
                     WREG   0x000fe8       data     extern E:\MPASM_MPLINK_PIC18_LT_Branch_3_42\pic18-lt\cxx-framework\src\traditional\proc\p18f46k20.asm
                __FPFLAGS   0x000001       data     extern E:\MPASM_MPLINK_PIC18_LT_Branch_3_42\pic18-lt\cxx-framework\src\traditional\math\cmath18.asm
            __FPFLAGSbits   0x000001       data     extern E:\MPASM_MPLINK_PIC18_LT_Branch_3_42\pic18-lt\cxx-framework\src\traditional\math\cmath18.asm
                curr_byte   0x000f03       data     static E:\MPASM_MPLINK_PIC18_LT_Branch_3_42\pic18-lt\cxx-framework\src\traditional\startup\c018i.c
               curr_entry   0x000f05       data     static E:\MPASM_MPLINK_PIC18_LT_Branch_3_42\pic18-lt\cxx-framework\src\traditional\startup\c018i.c
                 data_ptr   0x000f07       data     static E:\MPASM_MPLINK_PIC18_LT_Branch_3_42\pic18-lt\cxx-framework\src\traditional\startup\c018i.c
                     prom   0x000f00       data     static E:\MPASM_MPLINK_PIC18_LT_Branch_3_42\pic18-lt\cxx-framework\src\traditional\startup\c018i.c



                              Symbols - Sorted by Address
                     Name    Address   Location    Storage File                     
                ---------  ---------  ---------  --------- ---------                
                   _entry   0x000000    program     extern E:\MPASM_MPLINK_PIC18_LT_Branch_3_42\pic18-lt\cxx-framework\src\traditional\startup\c018i.c
       ___return_lbl00000   0x000004    program     static                          
            DelayFor18TCY   0x000008    program     extern D:\Lab411\PIC\C18 for PIC\MPLAB_tutorial\12_LCD_V1\BasicDisplayText.c
       ___return_lbl00000   0x000020    program     static                          
             DelayPORXLCD   0x000022    program     extern D:\Lab411\PIC\C18 for PIC\MPLAB_tutorial\12_LCD_V1\BasicDisplayText.c
                DelayXLCD   0x000030    program     extern D:\Lab411\PIC\C18 for PIC\MPLAB_tutorial\12_LCD_V1\BasicDisplayText.c
                     main   0x00003e    program     extern D:\Lab411\PIC\C18 for PIC\MPLAB_tutorial\12_LCD_V1\BasicDisplayText.c
                 OpenXLCD   0x00013c    program     extern E:\MPASM_MPLINK_PIC18_LT_Branch_3_42\pic18-lt\cxx-framework\src\pmc_common\XLCD\openxlcd.c
                _do_cinit   0x000216    program     extern E:\MPASM_MPLINK_PIC18_LT_Branch_3_42\pic18-lt\cxx-framework\src\traditional\startup\c018i.c
                     test   0x000230    program     static                          
                copy_loop   0x000288    program     static                          
            copy_one_byte   0x00028e    program     static                          
             done_copying   0x00029c    program     static                          
                     done   0x0002b2    program     static                          
       ___return_lbl00002   0x0002b2    program     static                          
             SetDDRamAddr   0x0002b4    program     extern E:\MPASM_MPLINK_PIC18_LT_Branch_3_42\pic18-lt\cxx-framework\src\pmc_common\XLCD\setddram.c
            WriteDataXLCD   0x000310    program     extern E:\MPASM_MPLINK_PIC18_LT_Branch_3_42\pic18-lt\cxx-framework\src\pmc_common\XLCD\writdata.c
             WriteCmdXLCD   0x000368    program     extern E:\MPASM_MPLINK_PIC18_LT_Branch_3_42\pic18-lt\cxx-framework\src\pmc_common\XLCD\wcmdxlcd.c
                 putsXLCD   0x0003c0    program     extern E:\MPASM_MPLINK_PIC18_LT_Branch_3_42\pic18-lt\cxx-framework\src\pmc_common\XLCD\putsxlcd.c
                 BusyXLCD   0x000416    program     extern E:\MPASM_MPLINK_PIC18_LT_Branch_3_42\pic18-lt\cxx-framework\src\pmc_common\XLCD\busyxlcd.c
             Delay10KTCYx   0x00044c    program     extern E:\MPASM_MPLINK_PIC18_LT_Branch_3_42\pic18-lt\cxx-framework\src\traditional\delays\d10ktcyx.asm
                    D10Kx   0x000456    program     static E:\MPASM_MPLINK_PIC18_LT_Branch_3_42\pic18-lt\cxx-framework\src\traditional\delays\d10ktcyx.asm
                   D10K_1   0x000458    program     static E:\MPASM_MPLINK_PIC18_LT_Branch_3_42\pic18-lt\cxx-framework\src\traditional\delays\d10ktcyx.asm
       _D10KTCYXCODE_0010   0x00045c    program     static E:\MPASM_MPLINK_PIC18_LT_Branch_3_42\pic18-lt\cxx-framework\src\traditional\delays\d10ktcyx.asm
                    D10Kl   0x000464    program     static E:\MPASM_MPLINK_PIC18_LT_Branch_3_42\pic18-lt\cxx-framework\src\traditional\delays\d10ktcyx.asm
       _D10KTCYXCODE_001C   0x000468    program     static E:\MPASM_MPLINK_PIC18_LT_Branch_3_42\pic18-lt\cxx-framework\src\traditional\delays\d10ktcyx.asm
              Delay1KTCYx   0x00047a    program     extern E:\MPASM_MPLINK_PIC18_LT_Branch_3_42\pic18-lt\cxx-framework\src\traditional\delays\d1ktcyx.asm
                     D1Kx   0x000484    program     static E:\MPASM_MPLINK_PIC18_LT_Branch_3_42\pic18-lt\cxx-framework\src\traditional\delays\d1ktcyx.asm
                    D1K_1   0x000486    program     static E:\MPASM_MPLINK_PIC18_LT_Branch_3_42\pic18-lt\cxx-framework\src\traditional\delays\d1ktcyx.asm
        _D1KTCYXCODE_0010   0x00048a    program     static E:\MPASM_MPLINK_PIC18_LT_Branch_3_42\pic18-lt\cxx-framework\src\traditional\delays\d1ktcyx.asm
        _D1KTCYXCODE_0016   0x000490    program     static E:\MPASM_MPLINK_PIC18_LT_Branch_3_42\pic18-lt\cxx-framework\src\traditional\delays\d1ktcyx.asm
            __zero_memory   0x00049a    program     extern E:\MPASM_MPLINK_PIC18_LT_Branch_3_42\pic18-lt\cxx-framework\src\traditional\proc\p18f46k20.asm
                   loop_h   0x0004a8    program     static E:\MPASM_MPLINK_PIC18_LT_Branch_3_42\pic18-lt\cxx-framework\src\traditional\proc\p18f46k20.asm
               zero_block   0x0004a8    program     static E:\MPASM_MPLINK_PIC18_LT_Branch_3_42\pic18-lt\cxx-framework\src\traditional\proc\p18f46k20.asm
                compare_l   0x0004b0    program     static E:\MPASM_MPLINK_PIC18_LT_Branch_3_42\pic18-lt\cxx-framework\src\traditional\proc\p18f46k20.asm
                   loop_l   0x0004b2    program     static E:\MPASM_MPLINK_PIC18_LT_Branch_3_42\pic18-lt\cxx-framework\src\traditional\proc\p18f46k20.asm
                 _startup   0x0004ba    program     extern E:\MPASM_MPLINK_PIC18_LT_Branch_3_42\pic18-lt\cxx-framework\src\traditional\startup\c018i.c
                     loop   0x0004ca    program     static                          
       ___return_lbl00001   0x0004d4    program     static                          
                   __init   0x0004d6    program     extern E:\MPASM_MPLINK_PIC18_LT_Branch_3_42\pic18-lt\cxx-framework\src\traditional\stdclib\__init.c
                     SIGN   0x000000       data     extern E:\MPASM_MPLINK_PIC18_LT_Branch_3_42\pic18-lt\cxx-framework\src\traditional\math\cmath18.asm
                __FPFLAGS   0x000001       data     extern E:\MPASM_MPLINK_PIC18_LT_Branch_3_42\pic18-lt\cxx-framework\src\traditional\math\cmath18.asm
            __FPFLAGSbits   0x000001       data     extern E:\MPASM_MPLINK_PIC18_LT_Branch_3_42\pic18-lt\cxx-framework\src\traditional\math\cmath18.asm
            DelayCounter2   0x000002       data     extern E:\MPASM_MPLINK_PIC18_LT_Branch_3_42\pic18-lt\cxx-framework\src\traditional\delays\delayd2.asm
            DelayCounter1   0x000003       data     extern E:\MPASM_MPLINK_PIC18_LT_Branch_3_42\pic18-lt\cxx-framework\src\traditional\delays\delayd1.asm
                     prom   0x000f00       data     static E:\MPASM_MPLINK_PIC18_LT_Branch_3_42\pic18-lt\cxx-framework\src\traditional\startup\c018i.c
                curr_byte   0x000f03       data     static E:\MPASM_MPLINK_PIC18_LT_Branch_3_42\pic18-lt\cxx-framework\src\traditional\startup\c018i.c
               curr_entry   0x000f05       data     static E:\MPASM_MPLINK_PIC18_LT_Branch_3_42\pic18-lt\cxx-framework\src\traditional\startup\c018i.c
                 data_ptr   0x000f07       data     static E:\MPASM_MPLINK_PIC18_LT_Branch_3_42\pic18-lt\cxx-framework\src\traditional\startup\c018i.c
               SSPMSKbits   0x000f77       data     extern E:\MPASM_MPLINK_PIC18_LT_Branch_3_42\pic18-lt\cxx-framework\src\traditional\proc\p18f46k20.asm
                   SSPMSK   0x000f77       data     extern E:\MPASM_MPLINK_PIC18_LT_Branch_3_42\pic18-lt\cxx-framework\src\traditional\proc\p18f46k20.asm
                   SLRCON   0x000f78       data     extern E:\MPASM_MPLINK_PIC18_LT_Branch_3_42\pic18-lt\cxx-framework\src\traditional\proc\p18f46k20.asm
               SLRCONbits   0x000f78       data     extern E:\MPASM_MPLINK_PIC18_LT_Branch_3_42\pic18-lt\cxx-framework\src\traditional\proc\p18f46k20.asm
              CM2CON1bits   0x000f79       data     extern E:\MPASM_MPLINK_PIC18_LT_Branch_3_42\pic18-lt\cxx-framework\src\traditional\proc\p18f46k20.asm
                  CM2CON1   0x000f79       data     extern E:\MPASM_MPLINK_PIC18_LT_Branch_3_42\pic18-lt\cxx-framework\src\traditional\proc\p18f46k20.asm
              CM2CON0bits   0x000f7a       data     extern E:\MPASM_MPLINK_PIC18_LT_Branch_3_42\pic18-lt\cxx-framework\src\traditional\proc\p18f46k20.asm
                  CM2CON0   0x000f7a       data     extern E:\MPASM_MPLINK_PIC18_LT_Branch_3_42\pic18-lt\cxx-framework\src\traditional\proc\p18f46k20.asm
              CM1CON0bits   0x000f7b       data     extern E:\MPASM_MPLINK_PIC18_LT_Branch_3_42\pic18-lt\cxx-framework\src\traditional\proc\p18f46k20.asm
                  CM1CON0   0x000f7b       data     extern E:\MPASM_MPLINK_PIC18_LT_Branch_3_42\pic18-lt\cxx-framework\src\traditional\proc\p18f46k20.asm
                     WPUB   0x000f7c       data     extern E:\MPASM_MPLINK_PIC18_LT_Branch_3_42\pic18-lt\cxx-framework\src\traditional\proc\p18f46k20.asm
                 WPUBbits   0x000f7c       data     extern E:\MPASM_MPLINK_PIC18_LT_Branch_3_42\pic18-lt\cxx-framework\src\traditional\proc\p18f46k20.asm
                 IOCBbits   0x000f7d       data     extern E:\MPASM_MPLINK_PIC18_LT_Branch_3_42\pic18-lt\cxx-framework\src\traditional\proc\p18f46k20.asm
                     IOCB   0x000f7d       data     extern E:\MPASM_MPLINK_PIC18_LT_Branch_3_42\pic18-lt\cxx-framework\src\traditional\proc\p18f46k20.asm
                    ANSEL   0x000f7e       data     extern E:\MPASM_MPLINK_PIC18_LT_Branch_3_42\pic18-lt\cxx-framework\src\traditional\proc\p18f46k20.asm
                ANSELbits   0x000f7e       data     extern E:\MPASM_MPLINK_PIC18_LT_Branch_3_42\pic18-lt\cxx-framework\src\traditional\proc\p18f46k20.asm
               ANSELHbits   0x000f7f       data     extern E:\MPASM_MPLINK_PIC18_LT_Branch_3_42\pic18-lt\cxx-framework\src\traditional\proc\p18f46k20.asm
                   ANSELH   0x000f7f       data     extern E:\MPASM_MPLINK_PIC18_LT_Branch_3_42\pic18-lt\cxx-framework\src\traditional\proc\p18f46k20.asm
                PORTAbits   0x000f80       data     extern E:\MPASM_MPLINK_PIC18_LT_Branch_3_42\pic18-lt\cxx-framework\src\traditional\proc\p18f46k20.asm
                    PORTA   0x000f80       data     extern E:\MPASM_MPLINK_PIC18_LT_Branch_3_42\pic18-lt\cxx-framework\src\traditional\proc\p18f46k20.asm
                PORTBbits   0x000f81       data     extern E:\MPASM_MPLINK_PIC18_LT_Branch_3_42\pic18-lt\cxx-framework\src\traditional\proc\p18f46k20.asm
                    PORTB   0x000f81       data     extern E:\MPASM_MPLINK_PIC18_LT_Branch_3_42\pic18-lt\cxx-framework\src\traditional\proc\p18f46k20.asm
                    PORTC   0x000f82       data     extern E:\MPASM_MPLINK_PIC18_LT_Branch_3_42\pic18-lt\cxx-framework\src\traditional\proc\p18f46k20.asm
                PORTCbits   0x000f82       data     extern E:\MPASM_MPLINK_PIC18_LT_Branch_3_42\pic18-lt\cxx-framework\src\traditional\proc\p18f46k20.asm
                    PORTD   0x000f83       data     extern E:\MPASM_MPLINK_PIC18_LT_Branch_3_42\pic18-lt\cxx-framework\src\traditional\proc\p18f46k20.asm
                PORTDbits   0x000f83       data     extern E:\MPASM_MPLINK_PIC18_LT_Branch_3_42\pic18-lt\cxx-framework\src\traditional\proc\p18f46k20.asm
                    PORTE   0x000f84       data     extern E:\MPASM_MPLINK_PIC18_LT_Branch_3_42\pic18-lt\cxx-framework\src\traditional\proc\p18f46k20.asm
                PORTEbits   0x000f84       data     extern E:\MPASM_MPLINK_PIC18_LT_Branch_3_42\pic18-lt\cxx-framework\src\traditional\proc\p18f46k20.asm
                 LATAbits   0x000f89       data     extern E:\MPASM_MPLINK_PIC18_LT_Branch_3_42\pic18-lt\cxx-framework\src\traditional\proc\p18f46k20.asm
                     LATA   0x000f89       data     extern E:\MPASM_MPLINK_PIC18_LT_Branch_3_42\pic18-lt\cxx-framework\src\traditional\proc\p18f46k20.asm
                     LATB   0x000f8a       data     extern E:\MPASM_MPLINK_PIC18_LT_Branch_3_42\pic18-lt\cxx-framework\src\traditional\proc\p18f46k20.asm
                 LATBbits   0x000f8a       data     extern E:\MPASM_MPLINK_PIC18_LT_Branch_3_42\pic18-lt\cxx-framework\src\traditional\proc\p18f46k20.asm
                 LATCbits   0x000f8b       data     extern E:\MPASM_MPLINK_PIC18_LT_Branch_3_42\pic18-lt\cxx-framework\src\traditional\proc\p18f46k20.asm
                     LATC   0x000f8b       data     extern E:\MPASM_MPLINK_PIC18_LT_Branch_3_42\pic18-lt\cxx-framework\src\traditional\proc\p18f46k20.asm
                 LATDbits   0x000f8c       data     extern E:\MPASM_MPLINK_PIC18_LT_Branch_3_42\pic18-lt\cxx-framework\src\traditional\proc\p18f46k20.asm
                     LATD   0x000f8c       data     extern E:\MPASM_MPLINK_PIC18_LT_Branch_3_42\pic18-lt\cxx-framework\src\traditional\proc\p18f46k20.asm
                     LATE   0x000f8d       data     extern E:\MPASM_MPLINK_PIC18_LT_Branch_3_42\pic18-lt\cxx-framework\src\traditional\proc\p18f46k20.asm
                 LATEbits   0x000f8d       data     extern E:\MPASM_MPLINK_PIC18_LT_Branch_3_42\pic18-lt\cxx-framework\src\traditional\proc\p18f46k20.asm
                     DDRA   0x000f92       data     extern E:\MPASM_MPLINK_PIC18_LT_Branch_3_42\pic18-lt\cxx-framework\src\traditional\proc\p18f46k20.asm
                    TRISA   0x000f92       data     extern E:\MPASM_MPLINK_PIC18_LT_Branch_3_42\pic18-lt\cxx-framework\src\traditional\proc\p18f46k20.asm
                 DDRAbits   0x000f92       data     extern E:\MPASM_MPLINK_PIC18_LT_Branch_3_42\pic18-lt\cxx-framework\src\traditional\proc\p18f46k20.asm
                TRISAbits   0x000f92       data     extern E:\MPASM_MPLINK_PIC18_LT_Branch_3_42\pic18-lt\cxx-framework\src\traditional\proc\p18f46k20.asm
                TRISBbits   0x000f93       data     extern E:\MPASM_MPLINK_PIC18_LT_Branch_3_42\pic18-lt\cxx-framework\src\traditional\proc\p18f46k20.asm
                    TRISB   0x000f93       data     extern E:\MPASM_MPLINK_PIC18_LT_Branch_3_42\pic18-lt\cxx-framework\src\traditional\proc\p18f46k20.asm
                     DDRB   0x000f93       data     extern E:\MPASM_MPLINK_PIC18_LT_Branch_3_42\pic18-lt\cxx-framework\src\traditional\proc\p18f46k20.asm
                 DDRBbits   0x000f93       data     extern E:\MPASM_MPLINK_PIC18_LT_Branch_3_42\pic18-lt\cxx-framework\src\traditional\proc\p18f46k20.asm
                     DDRC   0x000f94       data     extern E:\MPASM_MPLINK_PIC18_LT_Branch_3_42\pic18-lt\cxx-framework\src\traditional\proc\p18f46k20.asm
                 DDRCbits   0x000f94       data     extern E:\MPASM_MPLINK_PIC18_LT_Branch_3_42\pic18-lt\cxx-framework\src\traditional\proc\p18f46k20.asm
                    TRISC   0x000f94       data     extern E:\MPASM_MPLINK_PIC18_LT_Branch_3_42\pic18-lt\cxx-framework\src\traditional\proc\p18f46k20.asm
                TRISCbits   0x000f94       data     extern E:\MPASM_MPLINK_PIC18_LT_Branch_3_42\pic18-lt\cxx-framework\src\traditional\proc\p18f46k20.asm
                     DDRD   0x000f95       data     extern E:\MPASM_MPLINK_PIC18_LT_Branch_3_42\pic18-lt\cxx-framework\src\traditional\proc\p18f46k20.asm
                    TRISD   0x000f95       data     extern E:\MPASM_MPLINK_PIC18_LT_Branch_3_42\pic18-lt\cxx-framework\src\traditional\proc\p18f46k20.asm
                TRISDbits   0x000f95       data     extern E:\MPASM_MPLINK_PIC18_LT_Branch_3_42\pic18-lt\cxx-framework\src\traditional\proc\p18f46k20.asm
                 DDRDbits   0x000f95       data     extern E:\MPASM_MPLINK_PIC18_LT_Branch_3_42\pic18-lt\cxx-framework\src\traditional\proc\p18f46k20.asm
                    TRISE   0x000f96       data     extern E:\MPASM_MPLINK_PIC18_LT_Branch_3_42\pic18-lt\cxx-framework\src\traditional\proc\p18f46k20.asm
                TRISEbits   0x000f96       data     extern E:\MPASM_MPLINK_PIC18_LT_Branch_3_42\pic18-lt\cxx-framework\src\traditional\proc\p18f46k20.asm
                     DDRE   0x000f96       data     extern E:\MPASM_MPLINK_PIC18_LT_Branch_3_42\pic18-lt\cxx-framework\src\traditional\proc\p18f46k20.asm
                 DDREbits   0x000f96       data     extern E:\MPASM_MPLINK_PIC18_LT_Branch_3_42\pic18-lt\cxx-framework\src\traditional\proc\p18f46k20.asm
                  OSCTUNE   0x000f9b       data     extern E:\MPASM_MPLINK_PIC18_LT_Branch_3_42\pic18-lt\cxx-framework\src\traditional\proc\p18f46k20.asm
              OSCTUNEbits   0x000f9b       data     extern E:\MPASM_MPLINK_PIC18_LT_Branch_3_42\pic18-lt\cxx-framework\src\traditional\proc\p18f46k20.asm
                     PIE1   0x000f9d       data     extern E:\MPASM_MPLINK_PIC18_LT_Branch_3_42\pic18-lt\cxx-framework\src\traditional\proc\p18f46k20.asm
                 PIE1bits   0x000f9d       data     extern E:\MPASM_MPLINK_PIC18_LT_Branch_3_42\pic18-lt\cxx-framework\src\traditional\proc\p18f46k20.asm
                     PIR1   0x000f9e       data     extern E:\MPASM_MPLINK_PIC18_LT_Branch_3_42\pic18-lt\cxx-framework\src\traditional\proc\p18f46k20.asm
                 PIR1bits   0x000f9e       data     extern E:\MPASM_MPLINK_PIC18_LT_Branch_3_42\pic18-lt\cxx-framework\src\traditional\proc\p18f46k20.asm
                 IPR1bits   0x000f9f       data     extern E:\MPASM_MPLINK_PIC18_LT_Branch_3_42\pic18-lt\cxx-framework\src\traditional\proc\p18f46k20.asm
                     IPR1   0x000f9f       data     extern E:\MPASM_MPLINK_PIC18_LT_Branch_3_42\pic18-lt\cxx-framework\src\traditional\proc\p18f46k20.asm
                     PIE2   0x000fa0       data     extern E:\MPASM_MPLINK_PIC18_LT_Branch_3_42\pic18-lt\cxx-framework\src\traditional\proc\p18f46k20.asm
                 PIE2bits   0x000fa0       data     extern E:\MPASM_MPLINK_PIC18_LT_Branch_3_42\pic18-lt\cxx-framework\src\traditional\proc\p18f46k20.asm
                     PIR2   0x000fa1       data     extern E:\MPASM_MPLINK_PIC18_LT_Branch_3_42\pic18-lt\cxx-framework\src\traditional\proc\p18f46k20.asm
                 PIR2bits   0x000fa1       data     extern E:\MPASM_MPLINK_PIC18_LT_Branch_3_42\pic18-lt\cxx-framework\src\traditional\proc\p18f46k20.asm
                 IPR2bits   0x000fa2       data     extern E:\MPASM_MPLINK_PIC18_LT_Branch_3_42\pic18-lt\cxx-framework\src\traditional\proc\p18f46k20.asm
                     IPR2   0x000fa2       data     extern E:\MPASM_MPLINK_PIC18_LT_Branch_3_42\pic18-lt\cxx-framework\src\traditional\proc\p18f46k20.asm
               EECON1bits   0x000fa6       data     extern E:\MPASM_MPLINK_PIC18_LT_Branch_3_42\pic18-lt\cxx-framework\src\traditional\proc\p18f46k20.asm
                   EECON1   0x000fa6       data     extern E:\MPASM_MPLINK_PIC18_LT_Branch_3_42\pic18-lt\cxx-framework\src\traditional\proc\p18f46k20.asm
                   EECON2   0x000fa7       data     extern E:\MPASM_MPLINK_PIC18_LT_Branch_3_42\pic18-lt\cxx-framework\src\traditional\proc\p18f46k20.asm
                   EEDATA   0x000fa8       data     extern E:\MPASM_MPLINK_PIC18_LT_Branch_3_42\pic18-lt\cxx-framework\src\traditional\proc\p18f46k20.asm
                EEADRbits   0x000fa9       data     extern E:\MPASM_MPLINK_PIC18_LT_Branch_3_42\pic18-lt\cxx-framework\src\traditional\proc\p18f46k20.asm
                    EEADR   0x000fa9       data     extern E:\MPASM_MPLINK_PIC18_LT_Branch_3_42\pic18-lt\cxx-framework\src\traditional\proc\p18f46k20.asm
               EEADRHbits   0x000faa       data     extern E:\MPASM_MPLINK_PIC18_LT_Branch_3_42\pic18-lt\cxx-framework\src\traditional\proc\p18f46k20.asm
                   EEADRH   0x000faa       data     extern E:\MPASM_MPLINK_PIC18_LT_Branch_3_42\pic18-lt\cxx-framework\src\traditional\proc\p18f46k20.asm
                    RCSTA   0x000fab       data     extern E:\MPASM_MPLINK_PIC18_LT_Branch_3_42\pic18-lt\cxx-framework\src\traditional\proc\p18f46k20.asm
                RCSTAbits   0x000fab       data     extern E:\MPASM_MPLINK_PIC18_LT_Branch_3_42\pic18-lt\cxx-framework\src\traditional\proc\p18f46k20.asm
                TXSTAbits   0x000fac       data     extern E:\MPASM_MPLINK_PIC18_LT_Branch_3_42\pic18-lt\cxx-framework\src\traditional\proc\p18f46k20.asm
                    TXSTA   0x000fac       data     extern E:\MPASM_MPLINK_PIC18_LT_Branch_3_42\pic18-lt\cxx-framework\src\traditional\proc\p18f46k20.asm
                    TXREG   0x000fad       data     extern E:\MPASM_MPLINK_PIC18_LT_Branch_3_42\pic18-lt\cxx-framework\src\traditional\proc\p18f46k20.asm
                    RCREG   0x000fae       data     extern E:\MPASM_MPLINK_PIC18_LT_Branch_3_42\pic18-lt\cxx-framework\src\traditional\proc\p18f46k20.asm
                    SPBRG   0x000faf       data     extern E:\MPASM_MPLINK_PIC18_LT_Branch_3_42\pic18-lt\cxx-framework\src\traditional\proc\p18f46k20.asm
                   SPBRGH   0x000fb0       data     extern E:\MPASM_MPLINK_PIC18_LT_Branch_3_42\pic18-lt\cxx-framework\src\traditional\proc\p18f46k20.asm
                    T3CON   0x000fb1       data     extern E:\MPASM_MPLINK_PIC18_LT_Branch_3_42\pic18-lt\cxx-framework\src\traditional\proc\p18f46k20.asm
                T3CONbits   0x000fb1       data     extern E:\MPASM_MPLINK_PIC18_LT_Branch_3_42\pic18-lt\cxx-framework\src\traditional\proc\p18f46k20.asm
                    TMR3L   0x000fb2       data     extern E:\MPASM_MPLINK_PIC18_LT_Branch_3_42\pic18-lt\cxx-framework\src\traditional\proc\p18f46k20.asm
                    TMR3H   0x000fb3       data     extern E:\MPASM_MPLINK_PIC18_LT_Branch_3_42\pic18-lt\cxx-framework\src\traditional\proc\p18f46k20.asm
                  CVRCON2   0x000fb4       data     extern E:\MPASM_MPLINK_PIC18_LT_Branch_3_42\pic18-lt\cxx-framework\src\traditional\proc\p18f46k20.asm
              CVRCON2bits   0x000fb4       data     extern E:\MPASM_MPLINK_PIC18_LT_Branch_3_42\pic18-lt\cxx-framework\src\traditional\proc\p18f46k20.asm
                   CVRCON   0x000fb5       data     extern E:\MPASM_MPLINK_PIC18_LT_Branch_3_42\pic18-lt\cxx-framework\src\traditional\proc\p18f46k20.asm
               CVRCONbits   0x000fb5       data     extern E:\MPASM_MPLINK_PIC18_LT_Branch_3_42\pic18-lt\cxx-framework\src\traditional\proc\p18f46k20.asm
              ECCP1ASbits   0x000fb6       data     extern E:\MPASM_MPLINK_PIC18_LT_Branch_3_42\pic18-lt\cxx-framework\src\traditional\proc\p18f46k20.asm
                  ECCP1AS   0x000fb6       data     extern E:\MPASM_MPLINK_PIC18_LT_Branch_3_42\pic18-lt\cxx-framework\src\traditional\proc\p18f46k20.asm
              PWM1CONbits   0x000fb7       data     extern E:\MPASM_MPLINK_PIC18_LT_Branch_3_42\pic18-lt\cxx-framework\src\traditional\proc\p18f46k20.asm
                  PWM1CON   0x000fb7       data     extern E:\MPASM_MPLINK_PIC18_LT_Branch_3_42\pic18-lt\cxx-framework\src\traditional\proc\p18f46k20.asm
              BAUDCTLbits   0x000fb8       data     extern E:\MPASM_MPLINK_PIC18_LT_Branch_3_42\pic18-lt\cxx-framework\src\traditional\proc\p18f46k20.asm
                  BAUDCTL   0x000fb8       data     extern E:\MPASM_MPLINK_PIC18_LT_Branch_3_42\pic18-lt\cxx-framework\src\traditional\proc\p18f46k20.asm
              BAUDCONbits   0x000fb8       data     extern E:\MPASM_MPLINK_PIC18_LT_Branch_3_42\pic18-lt\cxx-framework\src\traditional\proc\p18f46k20.asm
                  BAUDCON   0x000fb8       data     extern E:\MPASM_MPLINK_PIC18_LT_Branch_3_42\pic18-lt\cxx-framework\src\traditional\proc\p18f46k20.asm
              PSTRCONbits   0x000fb9       data     extern E:\MPASM_MPLINK_PIC18_LT_Branch_3_42\pic18-lt\cxx-framework\src\traditional\proc\p18f46k20.asm
                  PSTRCON   0x000fb9       data     extern E:\MPASM_MPLINK_PIC18_LT_Branch_3_42\pic18-lt\cxx-framework\src\traditional\proc\p18f46k20.asm
              CCP2CONbits   0x000fba       data     extern E:\MPASM_MPLINK_PIC18_LT_Branch_3_42\pic18-lt\cxx-framework\src\traditional\proc\p18f46k20.asm
                  CCP2CON   0x000fba       data     extern E:\MPASM_MPLINK_PIC18_LT_Branch_3_42\pic18-lt\cxx-framework\src\traditional\proc\p18f46k20.asm
                    CCPR2   0x000fbb       data     extern E:\MPASM_MPLINK_PIC18_LT_Branch_3_42\pic18-lt\cxx-framework\src\traditional\proc\p18f46k20.asm
                   CCPR2L   0x000fbb       data     extern E:\MPASM_MPLINK_PIC18_LT_Branch_3_42\pic18-lt\cxx-framework\src\traditional\proc\p18f46k20.asm
                   CCPR2H   0x000fbc       data     extern E:\MPASM_MPLINK_PIC18_LT_Branch_3_42\pic18-lt\cxx-framework\src\traditional\proc\p18f46k20.asm
              CCP1CONbits   0x000fbd       data     extern E:\MPASM_MPLINK_PIC18_LT_Branch_3_42\pic18-lt\cxx-framework\src\traditional\proc\p18f46k20.asm
                  CCP1CON   0x000fbd       data     extern E:\MPASM_MPLINK_PIC18_LT_Branch_3_42\pic18-lt\cxx-framework\src\traditional\proc\p18f46k20.asm
                   CCPR1L   0x000fbe       data     extern E:\MPASM_MPLINK_PIC18_LT_Branch_3_42\pic18-lt\cxx-framework\src\traditional\proc\p18f46k20.asm
                    CCPR1   0x000fbe       data     extern E:\MPASM_MPLINK_PIC18_LT_Branch_3_42\pic18-lt\cxx-framework\src\traditional\proc\p18f46k20.asm
                   CCPR1H   0x000fbf       data     extern E:\MPASM_MPLINK_PIC18_LT_Branch_3_42\pic18-lt\cxx-framework\src\traditional\proc\p18f46k20.asm
               ADCON2bits   0x000fc0       data     extern E:\MPASM_MPLINK_PIC18_LT_Branch_3_42\pic18-lt\cxx-framework\src\traditional\proc\p18f46k20.asm
                   ADCON2   0x000fc0       data     extern E:\MPASM_MPLINK_PIC18_LT_Branch_3_42\pic18-lt\cxx-framework\src\traditional\proc\p18f46k20.asm
               ADCON1bits   0x000fc1       data     extern E:\MPASM_MPLINK_PIC18_LT_Branch_3_42\pic18-lt\cxx-framework\src\traditional\proc\p18f46k20.asm
                   ADCON1   0x000fc1       data     extern E:\MPASM_MPLINK_PIC18_LT_Branch_3_42\pic18-lt\cxx-framework\src\traditional\proc\p18f46k20.asm
               ADCON0bits   0x000fc2       data     extern E:\MPASM_MPLINK_PIC18_LT_Branch_3_42\pic18-lt\cxx-framework\src\traditional\proc\p18f46k20.asm
                   ADCON0   0x000fc2       data     extern E:\MPASM_MPLINK_PIC18_LT_Branch_3_42\pic18-lt\cxx-framework\src\traditional\proc\p18f46k20.asm
                    ADRES   0x000fc3       data     extern E:\MPASM_MPLINK_PIC18_LT_Branch_3_42\pic18-lt\cxx-framework\src\traditional\proc\p18f46k20.asm
                   ADRESL   0x000fc3       data     extern E:\MPASM_MPLINK_PIC18_LT_Branch_3_42\pic18-lt\cxx-framework\src\traditional\proc\p18f46k20.asm
                   ADRESH   0x000fc4       data     extern E:\MPASM_MPLINK_PIC18_LT_Branch_3_42\pic18-lt\cxx-framework\src\traditional\proc\p18f46k20.asm
              SSPCON2bits   0x000fc5       data     extern E:\MPASM_MPLINK_PIC18_LT_Branch_3_42\pic18-lt\cxx-framework\src\traditional\proc\p18f46k20.asm
                  SSPCON2   0x000fc5       data     extern E:\MPASM_MPLINK_PIC18_LT_Branch_3_42\pic18-lt\cxx-framework\src\traditional\proc\p18f46k20.asm
              SSPCON1bits   0x000fc6       data     extern E:\MPASM_MPLINK_PIC18_LT_Branch_3_42\pic18-lt\cxx-framework\src\traditional\proc\p18f46k20.asm
                  SSPCON1   0x000fc6       data     extern E:\MPASM_MPLINK_PIC18_LT_Branch_3_42\pic18-lt\cxx-framework\src\traditional\proc\p18f46k20.asm
              SSPSTATbits   0x000fc7       data     extern E:\MPASM_MPLINK_PIC18_LT_Branch_3_42\pic18-lt\cxx-framework\src\traditional\proc\p18f46k20.asm
                  SSPSTAT   0x000fc7       data     extern E:\MPASM_MPLINK_PIC18_LT_Branch_3_42\pic18-lt\cxx-framework\src\traditional\proc\p18f46k20.asm
                   SSPADD   0x000fc8       data     extern E:\MPASM_MPLINK_PIC18_LT_Branch_3_42\pic18-lt\cxx-framework\src\traditional\proc\p18f46k20.asm
                   SSPBUF   0x000fc9       data     extern E:\MPASM_MPLINK_PIC18_LT_Branch_3_42\pic18-lt\cxx-framework\src\traditional\proc\p18f46k20.asm
                    T2CON   0x000fca       data     extern E:\MPASM_MPLINK_PIC18_LT_Branch_3_42\pic18-lt\cxx-framework\src\traditional\proc\p18f46k20.asm
                T2CONbits   0x000fca       data     extern E:\MPASM_MPLINK_PIC18_LT_Branch_3_42\pic18-lt\cxx-framework\src\traditional\proc\p18f46k20.asm
                      PR2   0x000fcb       data     extern E:\MPASM_MPLINK_PIC18_LT_Branch_3_42\pic18-lt\cxx-framework\src\traditional\proc\p18f46k20.asm
                     TMR2   0x000fcc       data     extern E:\MPASM_MPLINK_PIC18_LT_Branch_3_42\pic18-lt\cxx-framework\src\traditional\proc\p18f46k20.asm
                    T1CON   0x000fcd       data     extern E:\MPASM_MPLINK_PIC18_LT_Branch_3_42\pic18-lt\cxx-framework\src\traditional\proc\p18f46k20.asm
                T1CONbits   0x000fcd       data     extern E:\MPASM_MPLINK_PIC18_LT_Branch_3_42\pic18-lt\cxx-framework\src\traditional\proc\p18f46k20.asm
                    TMR1L   0x000fce       data     extern E:\MPASM_MPLINK_PIC18_LT_Branch_3_42\pic18-lt\cxx-framework\src\traditional\proc\p18f46k20.asm
                    TMR1H   0x000fcf       data     extern E:\MPASM_MPLINK_PIC18_LT_Branch_3_42\pic18-lt\cxx-framework\src\traditional\proc\p18f46k20.asm
                     RCON   0x000fd0       data     extern E:\MPASM_MPLINK_PIC18_LT_Branch_3_42\pic18-lt\cxx-framework\src\traditional\proc\p18f46k20.asm
                 RCONbits   0x000fd0       data     extern E:\MPASM_MPLINK_PIC18_LT_Branch_3_42\pic18-lt\cxx-framework\src\traditional\proc\p18f46k20.asm
                   WDTCON   0x000fd1       data     extern E:\MPASM_MPLINK_PIC18_LT_Branch_3_42\pic18-lt\cxx-framework\src\traditional\proc\p18f46k20.asm
               WDTCONbits   0x000fd1       data     extern E:\MPASM_MPLINK_PIC18_LT_Branch_3_42\pic18-lt\cxx-framework\src\traditional\proc\p18f46k20.asm
              HLVDCONbits   0x000fd2       data     extern E:\MPASM_MPLINK_PIC18_LT_Branch_3_42\pic18-lt\cxx-framework\src\traditional\proc\p18f46k20.asm
               LVDCONbits   0x000fd2       data     extern E:\MPASM_MPLINK_PIC18_LT_Branch_3_42\pic18-lt\cxx-framework\src\traditional\proc\p18f46k20.asm
                   LVDCON   0x000fd2       data     extern E:\MPASM_MPLINK_PIC18_LT_Branch_3_42\pic18-lt\cxx-framework\src\traditional\proc\p18f46k20.asm
                  HLVDCON   0x000fd2       data     extern E:\MPASM_MPLINK_PIC18_LT_Branch_3_42\pic18-lt\cxx-framework\src\traditional\proc\p18f46k20.asm
               OSCCONbits   0x000fd3       data     extern E:\MPASM_MPLINK_PIC18_LT_Branch_3_42\pic18-lt\cxx-framework\src\traditional\proc\p18f46k20.asm
                   OSCCON   0x000fd3       data     extern E:\MPASM_MPLINK_PIC18_LT_Branch_3_42\pic18-lt\cxx-framework\src\traditional\proc\p18f46k20.asm
                T0CONbits   0x000fd5       data     extern E:\MPASM_MPLINK_PIC18_LT_Branch_3_42\pic18-lt\cxx-framework\src\traditional\proc\p18f46k20.asm
                    T0CON   0x000fd5       data     extern E:\MPASM_MPLINK_PIC18_LT_Branch_3_42\pic18-lt\cxx-framework\src\traditional\proc\p18f46k20.asm
                    TMR0L   0x000fd6       data     extern E:\MPASM_MPLINK_PIC18_LT_Branch_3_42\pic18-lt\cxx-framework\src\traditional\proc\p18f46k20.asm
                    TMR0H   0x000fd7       data     extern E:\MPASM_MPLINK_PIC18_LT_Branch_3_42\pic18-lt\cxx-framework\src\traditional\proc\p18f46k20.asm
                   STATUS   0x000fd8       data     extern E:\MPASM_MPLINK_PIC18_LT_Branch_3_42\pic18-lt\cxx-framework\src\traditional\proc\p18f46k20.asm
               STATUSbits   0x000fd8       data     extern E:\MPASM_MPLINK_PIC18_LT_Branch_3_42\pic18-lt\cxx-framework\src\traditional\proc\p18f46k20.asm
                    FSR2L   0x000fd9       data     extern E:\MPASM_MPLINK_PIC18_LT_Branch_3_42\pic18-lt\cxx-framework\src\traditional\proc\p18f46k20.asm
                     FSR2   0x000fd9       data     extern E:\MPASM_MPLINK_PIC18_LT_Branch_3_42\pic18-lt\cxx-framework\src\traditional\proc\p18f46k20.asm
                    FSR2H   0x000fda       data     extern E:\MPASM_MPLINK_PIC18_LT_Branch_3_42\pic18-lt\cxx-framework\src\traditional\proc\p18f46k20.asm
                   PLUSW2   0x000fdb       data     extern E:\MPASM_MPLINK_PIC18_LT_Branch_3_42\pic18-lt\cxx-framework\src\traditional\proc\p18f46k20.asm
                  PREINC2   0x000fdc       data     extern E:\MPASM_MPLINK_PIC18_LT_Branch_3_42\pic18-lt\cxx-framework\src\traditional\proc\p18f46k20.asm
                 POSTDEC2   0x000fdd       data     extern E:\MPASM_MPLINK_PIC18_LT_Branch_3_42\pic18-lt\cxx-framework\src\traditional\proc\p18f46k20.asm
                 POSTINC2   0x000fde       data     extern E:\MPASM_MPLINK_PIC18_LT_Branch_3_42\pic18-lt\cxx-framework\src\traditional\proc\p18f46k20.asm
                    INDF2   0x000fdf       data     extern E:\MPASM_MPLINK_PIC18_LT_Branch_3_42\pic18-lt\cxx-framework\src\traditional\proc\p18f46k20.asm
                      BSR   0x000fe0       data     extern E:\MPASM_MPLINK_PIC18_LT_Branch_3_42\pic18-lt\cxx-framework\src\traditional\proc\p18f46k20.asm
                    FSR1L   0x000fe1       data     extern E:\MPASM_MPLINK_PIC18_LT_Branch_3_42\pic18-lt\cxx-framework\src\traditional\proc\p18f46k20.asm
                     FSR1   0x000fe1       data     extern E:\MPASM_MPLINK_PIC18_LT_Branch_3_42\pic18-lt\cxx-framework\src\traditional\proc\p18f46k20.asm
                    FSR1H   0x000fe2       data     extern E:\MPASM_MPLINK_PIC18_LT_Branch_3_42\pic18-lt\cxx-framework\src\traditional\proc\p18f46k20.asm
                   PLUSW1   0x000fe3       data     extern E:\MPASM_MPLINK_PIC18_LT_Branch_3_42\pic18-lt\cxx-framework\src\traditional\proc\p18f46k20.asm
                  PREINC1   0x000fe4       data     extern E:\MPASM_MPLINK_PIC18_LT_Branch_3_42\pic18-lt\cxx-framework\src\traditional\proc\p18f46k20.asm
                 POSTDEC1   0x000fe5       data     extern E:\MPASM_MPLINK_PIC18_LT_Branch_3_42\pic18-lt\cxx-framework\src\traditional\proc\p18f46k20.asm
                 POSTINC1   0x000fe6       data     extern E:\MPASM_MPLINK_PIC18_LT_Branch_3_42\pic18-lt\cxx-framework\src\traditional\proc\p18f46k20.asm
                    INDF1   0x000fe7       data     extern E:\MPASM_MPLINK_PIC18_LT_Branch_3_42\pic18-lt\cxx-framework\src\traditional\proc\p18f46k20.asm
                     WREG   0x000fe8       data     extern E:\MPASM_MPLINK_PIC18_LT_Branch_3_42\pic18-lt\cxx-framework\src\traditional\proc\p18f46k20.asm
                        W   0x000fe8       data     extern E:\MPASM_MPLINK_PIC18_LT_Branch_3_42\pic18-lt\cxx-framework\src\traditional\proc\p18f46k20.asm
                    FSR0L   0x000fe9       data     extern E:\MPASM_MPLINK_PIC18_LT_Branch_3_42\pic18-lt\cxx-framework\src\traditional\proc\p18f46k20.asm
                     FSR0   0x000fe9       data     extern E:\MPASM_MPLINK_PIC18_LT_Branch_3_42\pic18-lt\cxx-framework\src\traditional\proc\p18f46k20.asm
                    FSR0H   0x000fea       data     extern E:\MPASM_MPLINK_PIC18_LT_Branch_3_42\pic18-lt\cxx-framework\src\traditional\proc\p18f46k20.asm
                   PLUSW0   0x000feb       data     extern E:\MPASM_MPLINK_PIC18_LT_Branch_3_42\pic18-lt\cxx-framework\src\traditional\proc\p18f46k20.asm
                  PREINC0   0x000fec       data     extern E:\MPASM_MPLINK_PIC18_LT_Branch_3_42\pic18-lt\cxx-framework\src\traditional\proc\p18f46k20.asm
                 POSTDEC0   0x000fed       data     extern E:\MPASM_MPLINK_PIC18_LT_Branch_3_42\pic18-lt\cxx-framework\src\traditional\proc\p18f46k20.asm
                 POSTINC0   0x000fee       data     extern E:\MPASM_MPLINK_PIC18_LT_Branch_3_42\pic18-lt\cxx-framework\src\traditional\proc\p18f46k20.asm
                    INDF0   0x000fef       data     extern E:\MPASM_MPLINK_PIC18_LT_Branch_3_42\pic18-lt\cxx-framework\src\traditional\proc\p18f46k20.asm
                  INTCON3   0x000ff0       data     extern E:\MPASM_MPLINK_PIC18_LT_Branch_3_42\pic18-lt\cxx-framework\src\traditional\proc\p18f46k20.asm
              INTCON3bits   0x000ff0       data     extern E:\MPASM_MPLINK_PIC18_LT_Branch_3_42\pic18-lt\cxx-framework\src\traditional\proc\p18f46k20.asm
              INTCON2bits   0x000ff1       data     extern E:\MPASM_MPLINK_PIC18_LT_Branch_3_42\pic18-lt\cxx-framework\src\traditional\proc\p18f46k20.asm
                  INTCON2   0x000ff1       data     extern E:\MPASM_MPLINK_PIC18_LT_Branch_3_42\pic18-lt\cxx-framework\src\traditional\proc\p18f46k20.asm
               INTCONbits   0x000ff2       data     extern E:\MPASM_MPLINK_PIC18_LT_Branch_3_42\pic18-lt\cxx-framework\src\traditional\proc\p18f46k20.asm
                   INTCON   0x000ff2       data     extern E:\MPASM_MPLINK_PIC18_LT_Branch_3_42\pic18-lt\cxx-framework\src\traditional\proc\p18f46k20.asm
                    PRODL   0x000ff3       data     extern E:\MPASM_MPLINK_PIC18_LT_Branch_3_42\pic18-lt\cxx-framework\src\traditional\proc\p18f46k20.asm
                     PROD   0x000ff3       data     extern E:\MPASM_MPLINK_PIC18_LT_Branch_3_42\pic18-lt\cxx-framework\src\traditional\proc\p18f46k20.asm
                    PRODH   0x000ff4       data     extern E:\MPASM_MPLINK_PIC18_LT_Branch_3_42\pic18-lt\cxx-framework\src\traditional\proc\p18f46k20.asm
                   TABLAT   0x000ff5       data     extern E:\MPASM_MPLINK_PIC18_LT_Branch_3_42\pic18-lt\cxx-framework\src\traditional\proc\p18f46k20.asm
                  TBLPTRL   0x000ff6       data     extern E:\MPASM_MPLINK_PIC18_LT_Branch_3_42\pic18-lt\cxx-framework\src\traditional\proc\p18f46k20.asm
                   TBLPTR   0x000ff6       data     extern E:\MPASM_MPLINK_PIC18_LT_Branch_3_42\pic18-lt\cxx-framework\src\traditional\proc\p18f46k20.asm
                  TBLPTRH   0x000ff7       data     extern E:\MPASM_MPLINK_PIC18_LT_Branch_3_42\pic18-lt\cxx-framework\src\traditional\proc\p18f46k20.asm
                  TBLPTRU   0x000ff8       data     extern E:\MPASM_MPLINK_PIC18_LT_Branch_3_42\pic18-lt\cxx-framework\src\traditional\proc\p18f46k20.asm
                       PC   0x000ff9       data     extern E:\MPASM_MPLINK_PIC18_LT_Branch_3_42\pic18-lt\cxx-framework\src\traditional\proc\p18f46k20.asm
                      PCL   0x000ff9       data     extern E:\MPASM_MPLINK_PIC18_LT_Branch_3_42\pic18-lt\cxx-framework\src\traditional\proc\p18f46k20.asm
                   PCLATH   0x000ffa       data     extern E:\MPASM_MPLINK_PIC18_LT_Branch_3_42\pic18-lt\cxx-framework\src\traditional\proc\p18f46k20.asm
                   PCLATU   0x000ffb       data     extern E:\MPASM_MPLINK_PIC18_LT_Branch_3_42\pic18-lt\cxx-framework\src\traditional\proc\p18f46k20.asm
               STKPTRbits   0x000ffc       data     extern E:\MPASM_MPLINK_PIC18_LT_Branch_3_42\pic18-lt\cxx-framework\src\traditional\proc\p18f46k20.asm
                   STKPTR   0x000ffc       data     extern E:\MPASM_MPLINK_PIC18_LT_Branch_3_42\pic18-lt\cxx-framework\src\traditional\proc\p18f46k20.asm
                      TOS   0x000ffd       data     extern E:\MPASM_MPLINK_PIC18_LT_Branch_3_42\pic18-lt\cxx-framework\src\traditional\proc\p18f46k20.asm
                     TOSL   0x000ffd       data     extern E:\MPASM_MPLINK_PIC18_LT_Branch_3_42\pic18-lt\cxx-framework\src\traditional\proc\p18f46k20.asm
                     TOSH   0x000ffe       data     extern E:\MPASM_MPLINK_PIC18_LT_Branch_3_42\pic18-lt\cxx-framework\src\traditional\proc\p18f46k20.asm
                     TOSU   0x000fff       data     extern E:\MPASM_MPLINK_PIC18_LT_Branch_3_42\pic18-lt\cxx-framework\src\traditional\proc\p18f46k20.asm


